Archive member included to satisfy reference by file (symbol)

c:/altera/15.0/nios2eds/bin/gnu/h-x86_64-mingw32/bin/../lib/gcc/nios2-elf/4.9.1/../../../../../H-x86_64-mingw32/nios2-elf/lib/mno-hw-mul\libstdc++.a(eh_personality.o)
                              obj/default/bt_task.o (__gxx_personality_sj0)
c:/altera/15.0/nios2eds/bin/gnu/h-x86_64-mingw32/bin/../lib/gcc/nios2-elf/4.9.1/../../../../../H-x86_64-mingw32/nios2-elf/lib/mno-hw-mul\libstdc++.a(eh_globals.o)
                              c:/altera/15.0/nios2eds/bin/gnu/h-x86_64-mingw32/bin/../lib/gcc/nios2-elf/4.9.1/../../../../../H-x86_64-mingw32/nios2-elf/lib/mno-hw-mul\libstdc++.a(eh_personality.o) (__cxa_get_globals_fast)
c:/altera/15.0/nios2eds/bin/gnu/h-x86_64-mingw32/bin/../lib/gcc/nios2-elf/4.9.1/../../../../../H-x86_64-mingw32/nios2-elf/lib/mno-hw-mul\libstdc++.a(class_type_info.o)
                              obj/default/BTUart.o (vtable for __cxxabiv1::__class_type_info)
c:/altera/15.0/nios2eds/bin/gnu/h-x86_64-mingw32/bin/../lib/gcc/nios2-elf/4.9.1/../../../../../H-x86_64-mingw32/nios2-elf/lib/mno-hw-mul\libstdc++.a(del_op.o)
                              obj/default/BTUart.o (operator delete(void*))
c:/altera/15.0/nios2eds/bin/gnu/h-x86_64-mingw32/bin/../lib/gcc/nios2-elf/4.9.1/../../../../../H-x86_64-mingw32/nios2-elf/lib/mno-hw-mul\libstdc++.a(eh_terminate.o)
                              c:/altera/15.0/nios2eds/bin/gnu/h-x86_64-mingw32/bin/../lib/gcc/nios2-elf/4.9.1/../../../../../H-x86_64-mingw32/nios2-elf/lib/mno-hw-mul\libstdc++.a(eh_personality.o) (__cxxabiv1::__terminate(void (*)()))
c:/altera/15.0/nios2eds/bin/gnu/h-x86_64-mingw32/bin/../lib/gcc/nios2-elf/4.9.1/../../../../../H-x86_64-mingw32/nios2-elf/lib/mno-hw-mul\libstdc++.a(si_class_type_info.o)
                              c:/altera/15.0/nios2eds/bin/gnu/h-x86_64-mingw32/bin/../lib/gcc/nios2-elf/4.9.1/../../../../../H-x86_64-mingw32/nios2-elf/lib/mno-hw-mul\libstdc++.a(class_type_info.o) (vtable for __cxxabiv1::__si_class_type_info)
c:/altera/15.0/nios2eds/bin/gnu/h-x86_64-mingw32/bin/../lib/gcc/nios2-elf/4.9.1/../../../../../H-x86_64-mingw32/nios2-elf/lib/mno-hw-mul\libstdc++.a(eh_catch.o)
                              c:/altera/15.0/nios2eds/bin/gnu/h-x86_64-mingw32/bin/../lib/gcc/nios2-elf/4.9.1/../../../../../H-x86_64-mingw32/nios2-elf/lib/mno-hw-mul\libstdc++.a(eh_personality.o) (__cxa_begin_catch)
c:/altera/15.0/nios2eds/bin/gnu/h-x86_64-mingw32/bin/../lib/gcc/nios2-elf/4.9.1/../../../../../H-x86_64-mingw32/nios2-elf/lib/mno-hw-mul\libstdc++.a(eh_call.o)
                              c:/altera/15.0/nios2eds/bin/gnu/h-x86_64-mingw32/bin/../lib/gcc/nios2-elf/4.9.1/../../../../../H-x86_64-mingw32/nios2-elf/lib/mno-hw-mul\libstdc++.a(eh_personality.o) (__cxa_call_terminate)
c:/altera/15.0/nios2eds/bin/gnu/h-x86_64-mingw32/bin/../lib/gcc/nios2-elf/4.9.1/../../../../../H-x86_64-mingw32/nios2-elf/lib/mno-hw-mul\libstdc++.a(eh_term_handler.o)
                              c:/altera/15.0/nios2eds/bin/gnu/h-x86_64-mingw32/bin/../lib/gcc/nios2-elf/4.9.1/../../../../../H-x86_64-mingw32/nios2-elf/lib/mno-hw-mul\libstdc++.a(eh_terminate.o) (__cxxabiv1::__terminate_handler)
c:/altera/15.0/nios2eds/bin/gnu/h-x86_64-mingw32/bin/../lib/gcc/nios2-elf/4.9.1/../../../../../H-x86_64-mingw32/nios2-elf/lib/mno-hw-mul\libstdc++.a(eh_throw.o)
                              c:/altera/15.0/nios2eds/bin/gnu/h-x86_64-mingw32/bin/../lib/gcc/nios2-elf/4.9.1/../../../../../H-x86_64-mingw32/nios2-elf/lib/mno-hw-mul\libstdc++.a(eh_personality.o) (__cxa_throw)
c:/altera/15.0/nios2eds/bin/gnu/h-x86_64-mingw32/bin/../lib/gcc/nios2-elf/4.9.1/../../../../../H-x86_64-mingw32/nios2-elf/lib/mno-hw-mul\libstdc++.a(tinfo.o)
                              c:/altera/15.0/nios2eds/bin/gnu/h-x86_64-mingw32/bin/../lib/gcc/nios2-elf/4.9.1/../../../../../H-x86_64-mingw32/nios2-elf/lib/mno-hw-mul\libstdc++.a(class_type_info.o) (std::type_info::~type_info())
c:/altera/15.0/nios2eds/bin/gnu/h-x86_64-mingw32/bin/../lib/gcc/nios2-elf/4.9.1/../../../../../H-x86_64-mingw32/nios2-elf/lib/mno-hw-mul\libstdc++.a(eh_alloc.o)
                              c:/altera/15.0/nios2eds/bin/gnu/h-x86_64-mingw32/bin/../lib/gcc/nios2-elf/4.9.1/../../../../../H-x86_64-mingw32/nios2-elf/lib/mno-hw-mul\libstdc++.a(eh_personality.o) (__cxa_allocate_exception)
c:/altera/15.0/nios2eds/bin/gnu/h-x86_64-mingw32/bin/../lib/gcc/nios2-elf/4.9.1/../../../../../H-x86_64-mingw32/nios2-elf/lib/mno-hw-mul\libstdc++.a(eh_exception.o)
                              c:/altera/15.0/nios2eds/bin/gnu/h-x86_64-mingw32/bin/../lib/gcc/nios2-elf/4.9.1/../../../../../H-x86_64-mingw32/nios2-elf/lib/mno-hw-mul\libstdc++.a(eh_personality.o) (std::bad_exception::~bad_exception())
c:/altera/15.0/nios2eds/bin/gnu/h-x86_64-mingw32/bin/../lib/gcc/nios2-elf/4.9.1/../../../../../H-x86_64-mingw32/nios2-elf/lib/mno-hw-mul\libstdc++.a(eh_unex_handler.o)
[...]
Memory Configuration

Name             Origin             Length             Attributes
reset            0x0000000000020000 0x0000000000000020
onchip_sram      0x0000000000020020 0x000000000000bfe0
sdram_controller 0x0000000008000000 0x0000000004000000
*default*        0x0000000000000000 0xffffffffffffffff

Linker script and memory map

LOAD D:/tag2/de1_software/nios/hc05_img_rcv/bt_task_bsp//obj/HAL/src/crt0.o
LOAD obj/default/BTUart.o
LOAD obj/default/bt_task.o
LOAD obj/default/main.o
LOAD c:/altera/15.0/nios2eds/bin/gnu/h-x86_64-mingw32/bin/../lib/gcc/nios2-elf/4.9.1/../../../../../H-x86_64-mingw32/nios2-elf/lib/mno-hw-mul\libstdc++.a
LOAD c:/altera/15.0/nios2eds/bin/gnu/h-x86_64-mingw32/bin/../lib/gcc/nios2-elf/4.9.1/../../../../../H-x86_64-mingw32/nios2-elf/lib/mno-hw-mul\libm.a
LOAD c:/altera/15.0/nios2eds/bin/gnu/h-x86_64-mingw32/bin/../lib/gcc/nios2-elf/4.9.1/mno-hw-mul\libgcc.a
START GROUP
LOAD c:/altera/15.0/nios2eds/bin/gnu/h-x86_64-mingw32/bin/../lib/gcc/nios2-elf/4.9.1/../../../../../H-x86_64-mingw32/nios2-elf/lib/mno-hw-mul\libc.a
LOAD c:/altera/15.0/nios2eds/bin/gnu/h-x86_64-mingw32/bin/../lib/gcc/nios2-elf/4.9.1/mno-hw-mul\libgcc.a
LOAD D:/tag2/de1_software/nios/hc05_img_rcv/bt_task_bsp/\libhal_bsp.a
LOAD c:/altera/15.0/nios2eds/bin/gnu/h-x86_64-mingw32/bin/../lib/gcc/nios2-elf/4.9.1/../../../../../H-x86_64-mingw32/nios2-elf/lib/mno-hw-mul\libm.a
END GROUP
LOAD c:/altera/15.0/nios2eds/bin/gnu/h-x86_64-mingw32/bin/../lib/gcc/nios2-elf/4.9.1/mno-hw-mul\libgcc.a
                0x0000000000020000                __alt_mem_onchip_sram = 0x20000
                0x0000000008000000                __alt_mem_sdram_controller = 0x8000000

.entry          0x0000000000020000       0x20
 *(.entry)
 .entry         0x0000000000020000       0x20 D:/tag2/de1_software/nios/hc05_img_rcv/bt_task_bsp//obj/HAL/src/crt0.o
                0x0000000000020000                __reset

.exceptions     0x0000000000020020      0x210
                0x0000000000020020                PROVIDE (__ram_exceptions_start, ABSOLUTE (.))
                0x0000000000020020                . = ALIGN (0x20)
 *(.irq)
 *(.exceptions.entry.label)
 .exceptions.entry.label
                0x0000000000020020        0x0 D:/tag2/de1_software/nios/hc05_img_rcv/bt_task_bsp/\libhal_bsp.a(alt_irq_entry.o)
                0x0000000000020020                alt_irq_entry
 .exceptions.entry.label
                0x0000000000020020        0x0 D:/tag2/de1_software/nios/hc05_img_rcv/bt_task_bsp/\libhal_bsp.a(alt_exception_entry.o)
                0x0000000000020020                alt_exception
 *(.exceptions.entry.user)
 *(.exceptions.entry.ecc_fatal)
 *(.exceptions.entry)
 .exceptions.entry
                0x0000000000020020       0x54 D:/tag2/de1_software/nios/hc05_img_rcv/bt_task_bsp/\libhal_bsp.a(alt_exception_entry.o)
 *(.exceptions.irqtest.user)
 *(.exceptions.irqtest)
 .exceptions.irqtest
                0x0000000000020074       0x10 D:/tag2/de1_software/nios/hc05_img_rcv/bt_task_bsp/\libhal_bsp.a(alt_irq_entry.o)
 *(.exceptions.irqhandler.user)
 *(.exceptions.irqhandler)
 .exceptions.irqhandler
                0x0000000000020084        0x4 D:/tag2/de1_software/nios/hc05_img_rcv/bt_task_bsp/\libhal_bsp.a(alt_irq_entry.o)
 *(.exceptions.irqreturn.user)
 *(.exceptions.irqreturn)
 .exceptions.irqreturn
                0x0000000000020088        0x4 D:/tag2/de1_software/nios/hc05_img_rcv/bt_task_bsp/\libhal_bsp.a(alt_irq_entry.o)
 *(.exceptions.notirq.label)
 .exceptions.notirq.label
                0x000000000002008c        0x0 D:/tag2/de1_software/nios/hc05_img_rcv/bt_task_bsp/\libhal_bsp.a(alt_irq_entry.o)
 *(.exceptions.notirq.user)
 *(.exceptions.notirq)
 .exceptions.notirq
                0x000000000002008c        0x8 D:/tag2/de1_software/nios/hc05_img_rcv/bt_task_bsp/\libhal_bsp.a(alt_exception_entry.o)
 *(.exceptions.soft.user)
 *(.exceptions.soft)
 *(.exceptions.unknown.user)
 *(.exceptions.unknown)
 .exceptions.unknown
                0x0000000000020094       0x14 D:/tag2/de1_software/nios/hc05_img_rcv/bt_task_bsp/\libhal_bsp.a(alt_exception_entry.o)
 *(.exceptions.exit.label)
 .exceptions.exit.label
                0x00000000000200a8        0x0 D:/tag2/de1_software/nios/hc05_img_rcv/bt_task_bsp/\libhal_bsp.a(alt_irq_entry.o)
 .exceptions.exit.label
                0x00000000000200a8        0x0 D:/tag2/de1_software/nios/hc05_img_rcv/bt_task_bsp/\libhal_bsp.a(alt_exception_entry.o)
 *(.exceptions.exit.user)
 *(.exceptions.exit)
 .exceptions.exit
                0x00000000000200a8       0x54 D:/tag2/de1_software/nios/hc05_img_rcv/bt_task_bsp/\libhal_bsp.a(alt_exception_entry.o)
 *(.exceptions)
 .exceptions    0x00000000000200fc       0xd4 D:/tag2/de1_software/nios/hc05_img_rcv/bt_task_bsp/\libhal_bsp.a(alt_irq_handler.o)
                0x00000000000200fc                alt_irq_handler
 .exceptions    0x00000000000201d0       0x60 D:/tag2/de1_software/nios/hc05_img_rcv/bt_task_bsp/\libhal_bsp.a(alt_instruction_exception_entry.o)
                0x00000000000201d0                alt_instruction_exception_entry
                0x0000000000020230                PROVIDE (__ram_exceptions_end, ABSOLUTE (.))
                0x0000000000020020                PROVIDE (__flash_exceptions_start, LOADADDR (.exceptions))

.text           0x0000000000020230     0x8754
                0x0000000000020230                PROVIDE (stext, ABSOLUTE (.))
 *(.interp)
 *(.hash)
 *(.dynsym)
 *(.dynstr)
 *(.gnu.version)
 *(.gnu.version_d)
 *(.gnu.version_r)
 *(.rel.init)
 *(.rela.init)
 *(.rel.text .rel.text.* .rel.gnu.linkonce.t.*)
 *(.rela.text .rela.text.* .rela.gnu.linkonce.t.*)
 *(.rel.fini)
 *(.rela.fini)
 *(.rel.rodata .rel.rodata.* .rel.gnu.linkonce.r.*)
 *(.rela.rodata .rela.rodata.* .rela.gnu.linkonce.r.*)
 *(.rel.data .rel.data.* .rel.gnu.linkonce.d.*)
 *(.rela.data .rela.data.* .rela.gnu.linkonce.d.*)
 *(.rel.tdata .rel.tdata.* .rel.gnu.linkonce.td.*)
 *(.rela.tdata .rela.tdata.* .rela.gnu.linkonce.td.*)
 *(.rel.tbss .rel.tbss.* .rel.gnu.linkonce.tb.*)
 *(.rela.tbss .rela.tbss.* .rela.gnu.linkonce.tb.*)
 *(.rel.ctors)
 *(.rela.ctors)
 *(.rel.dtors)
 *(.rela.dtors)
 *(.rel.got)
 *(.rela.got)
 *(.rel.sdata .rel.sdata.* .rel.gnu.linkonce.s.*)
 *(.rela.sdata .rela.sdata.* .rela.gnu.linkonce.s.*)
 *(.rel.sbss .rel.sbss.* .rel.gnu.linkonce.sb.*)
 *(.rela.sbss .rela.sbss.* .rela.gnu.linkonce.sb.*)
 *(.rel.sdata2 .rel.sdata2.* .rel.gnu.linkonce.s2.*)
 *(.rela.sdata2 .rela.sdata2.* .rela.gnu.linkonce.s2.*)
 *(.rel.sbss2 .rel.sbss2.* .rel.gnu.linkonce.sb2.*)
 *(.rela.sbss2 .rela.sbss2.* .rela.gnu.linkonce.sb2.*)
 *(.rel.bss .rel.bss.* .rel.gnu.linkonce.b.*)
 *(.rela.bss .rela.bss.* .rela.gnu.linkonce.b.*)
 *(.rel.plt)
 *(.rela.plt)
 *(.rel.dyn)
 *(.init)
 *(.plt)
 *(.text .stub .text.* .gnu.linkonce.t.*)
 .text          0x0000000000020230       0x3c D:/tag2/de1_software/nios/hc05_img_rcv/bt_task_bsp//obj/HAL/src/crt0.o
                0x0000000000020230                _start
 .text          0x000000000002026c      0x3a8 obj/default/BTUart.o
                0x000000000002026c                BTUart::BTUart()
                0x000000000002026c                BTUart::BTUart()
                0x000000000002029c                BTUart::~BTUart()
                0x000000000002029c                BTUart::~BTUart()
                0x00000000000202e4                BTUart::~BTUart()
                0x000000000002031c                BTUart::open(char const*)
                0x0000000000020384                BTUart::read_s()
                0x00000000000203e4                BTUart::write_s(unsigned char)
                0x000000000002049c                BTUart::read_m(unsigned char*, int)
                0x000000000002050c                BTUart::write_m(char*, int)
                0x0000000000020580                BTUart::read_ready()
                0x00000000000205c8                BTUart::flush()
 .text          0x0000000000020614      0x148 obj/default/bt_task.o
                0x0000000000020614                bt_task()
 .text          0x000000000002075c       0x44 obj/default/main.o
                0x000000000002075c                main
 .text          0x00000000000207a0        0x0 c:/altera/15.0/nios2eds/bin/gnu/h-x86_64-mingw32/bin/../lib/gcc/nios2-elf/4.9.1/../../../../../H-x86_64-mingw32/nios2-elf/lib/mno-hw-mul\libstdc++.a(eh_personality.o)
 .text._ZL12read_sleb128PKhPl
                0x00000000000207a0       0x58 c:/altera/15.0/nios2eds/bin/gnu/h-x86_64-mingw32/bin/../lib/gcc/nios2-elf/4.9.1/../../../../../H-x86_64-mingw32/nios2-elf/lib/mno-hw-mul\libstdc++.a(eh_personality.o)
 .text._ZL16get_adjusted_ptrPKSt9type_infoS1_PPv
                0x00000000000207f8       0x88 c:/altera/15.0/nios2eds/bin/gnu/h-x86_64-mingw32/bin/../lib/gcc/nios2-elf/4.9.1/../../../../../H-x86_64-mingw32/nios2-elf/lib/mno-hw-mul\libstdc++.a(eh_personality.o)
 .text._ZL21size_of_encoded_valueh
                0x0000000000020880       0xa0 c:/altera/15.0/nios2eds/bin/gnu/h-x86_64-mingw32/bin/../lib/gcc/nios2-elf/4.9.1/../../../../../H-x86_64-mingw32/nios2-elf/lib/mno-hw-mul\libstdc++.a(eh_personality.o)
 .text._ZL28read_encoded_value_with_basehjPKhPj
                0x0000000000020920      0x210 c:/altera/15.0/nios2eds/bin/gnu/h-x86_64-mingw32/bin/../lib/gcc/nios2-elf/4.9.1/../../../../../H-x86_64-mingw32/nios2-elf/lib/mno-hw-mul\libstdc++.a(eh_personality.o)
 .text._ZL15get_ttype_entryP16lsda_header_infom
                0x0000000000020b30       0x54 c:/altera/15.0/nios2eds/bin/gnu/h-x86_64-mingw32/bin/../lib/gcc/nios2-elf/4.9.1/../../../../../H-x86_64-mingw32/nios2-elf/lib/mno-hw-mul\libstdc++.a(eh_personality.o)
 .text._ZL20check_exception_specP16lsda_header_infoPKSt9type_infoPvl
                0x0000000000020b84       0xa8 c:/altera/15.0/nios2eds/bin/gnu/h-x86_64-mingw32/bin/../lib/gcc/nios2-elf/4.9.1/../../../../../H-x86_64-mingw32/nios2-elf/lib/mno-hw-mul\libstdc++.a(eh_personality.o)
 .text._ZL21base_of_encoded_valuehP15_Unwind_Context
                0x0000000000020c2c       0x88 c:/altera/15.0/nios2eds/bin/gnu/h-x86_64-mingw32/bin/../lib/gcc/nios2-elf/4.9.1/../../../../../H-x86_64-mingw32/nios2-elf/lib/mno-hw-mul\libstdc++.a(eh_personality.o)
 .text.unlikely._ZL28check_compact_exception_specPKSt9type_infoPvPKhij
                0x0000000000020cb4      0x240 c:/altera/15.0/nios2eds/bin/gnu/h-x86_64-mingw32/bin/../lib/gcc/nios2-elf/4.9.1/../../../../../H-x86_64-mingw32/nios2-elf/lib/mno-hw-mul\libstdc++.a(eh_personality.o)
 .text._ZL17parse_lsda_headerP15_Unwind_ContextPKhP16lsda_header_info
                0x0000000000020ef4      0x134 c:/altera/15.0/nios2eds/bin/gnu/h-x86_64-mingw32/bin/../lib/gcc/nios2-elf/4.9.1/../../../../../H-x86_64-mingw32/nios2-elf/lib/mno-hw-mul\libstdc++.a(eh_personality.o)
 .text.__gxx_personality_sj0
                0x0000000000021028      0x500 c:/altera/15.0/nios2eds/bin/gnu/h-x86_64-mingw32/bin/../lib/gcc/nios2-elf/4.9.1/../../../../../H-x86_64-mingw32/nios2-elf/lib/mno-hw-mul\libstdc++.a(eh_personality.o)
                0x0000000000021028                __gxx_personality_sj0
 .text.__cxa_call_unexpected
                0x0000000000021528      0x234 c:/altera/15.0/nios2eds/bin/gnu/h-x86_64-mingw32/bin/../lib/gcc/nios2-elf/4.9.1/../../../../../H-x86_64-mingw32/nios2-elf/lib/mno-hw-mul\libstdc++.a(eh_personality.o)
                0x0000000000021528                __cxa_call_unexpected
 .text          0x000000000002175c        0x0 c:/altera/15.0/nios2eds/bin/gnu/h-x86_64-mingw32/bin/../lib/gcc/nios2-elf/4.9.1/../../../../../H-x86_64-mingw32/nios2-elf/lib/mno-hw-mul\libstdc++.a(eh_globals.o)
 .text.__cxa_get_globals_fast
                0x000000000002175c        0xc c:/altera/15.0/nios2eds/bin/gnu/h-x86_64-mingw32/bin/../lib/gcc/nios2-elf/4.9.1/../../../../../H-x86_64-mingw32/nios2-elf/lib/mno-hw-mul\libstdc++.a(eh_globals.o)
                0x000000000002175c                __cxa_get_globals_fast
 .text.__cxa_get_globals
                0x0000000000021768        0xc c:/altera/15.0/nios2eds/bin/gnu/h-x86_64-mingw32/bin/../lib/gcc/nios2-elf/4.9.1/../../../../../H-x86_64-mingw32/nios2-elf/lib/mno-hw-mul\libstdc++.a(eh_globals.o)
                0x0000000000021768                __cxa_get_globals
 .text          0x0000000000021774        0x0 c:/altera/15.0/nios2eds/bin/gnu/h-x86_64-mingw32/bin/../lib/gcc/nios2-elf/4.9.1/../../../../../H-x86_64-mingw32/nios2-elf/lib/mno-hw-mul\libstdc++.a(class_type_info.o)
 .text._ZNK10__cxxabiv117__class_type_info11__do_upcastEPKS0_PPv
                0x0000000000021774       0x78 c:/altera/15.0/nios2eds/bin/gnu/h-x86_64-mingw32/bin/../lib/gcc/nios2-elf/4.9.1/../../../../../H-x86_64-mingw32/nios2-elf/lib/mno-hw-mul\libstdc++.a(class_type_info.o)
                0x0000000000021774                __cxxabiv1::__class_type_info::__do_upcast(__cxxabiv1::__class_type_info const*, void**) const
 .text._ZNK10__cxxabiv117__class_type_info20__do_find_public_srcEiPKvPKS0_S2_
                0x00000000000217ec       0x18 c:/altera/15.0/nios2eds/bin/gnu/h-x86_64-mingw32/bin/../lib/gcc/nios2-elf/4.9.1/../../../../../H-x86_64-mingw32/nios2-elf/lib/mno-hw-mul\libstdc++.a(class_type_info.o)
                0x00000000000217ec                __cxxabiv1::__class_type_info::__do_find_public_src(int, void const*, __cxxabiv1::__class_type_info const*, void const*) const
 .text._ZN10__cxxabiv117__class_type_infoD2Ev
                0x0000000000021804       0x10 c:/altera/15.0/nios2eds/bin/gnu/h-x86_64-mingw32/bin/../lib/gcc/nios2-elf/4.9.1/../../../../../H-x86_64-mingw32/nios2-elf/lib/mno-hw-mul\libstdc++.a(class_type_info.o)
                0x0000000000021804                __cxxabiv1::__class_type_info::~__class_type_info()
                0x0000000000021804                __cxxabiv1::__class_type_info::~__class_type_info()
 .text._ZN10__cxxabiv117__class_type_infoD0Ev
                0x0000000000021814       0x34 c:/altera/15.0/nios2eds/bin/gnu/h-x86_64-mingw32/bin/../lib/gcc/nios2-elf/4.9.1/../../../../../H-x86_64-mingw32/nios2-elf/lib/mno-hw-mul\libstdc++.a(class_type_info.o)
                0x0000000000021814                __cxxabiv1::__class_type_info::~__class_type_info()
 .text._ZNK10__cxxabiv117__class_type_info11__do_upcastEPKS0_PKvRNS0_15__upcast_resultE
                0x0000000000021848       0x6c c:/altera/15.0/nios2eds/bin/gnu/h-x86_64-mingw32/bin/../lib/gcc/nios2-elf/4.9.1/../../../../../H-x86_64-mingw32/nios2-elf/lib/mno-hw-mul\libstdc++.a(class_type_info.o)
                0x0000000000021848                __cxxabiv1::__class_type_info::__do_upcast(__cxxabiv1::__class_type_info const*, void const*, __cxxabiv1::__class_type_info::__upcast_result&) const
 .text._ZNK10__cxxabiv117__class_type_info10__do_catchEPKSt9type_infoPPvj
                0x00000000000218b4       0xb8 c:/altera/15.0/nios2eds/bin/gnu/h-x86_64-mingw32/bin/../lib/gcc/nios2-elf/4.9.1/../../../../../H-x86_64-mingw32/nios2-elf/lib/mno-hw-mul\libstdc++.a(class_type_info.o)
                0x00000000000218b4                __cxxabiv1::__class_type_info::__do_catch(std::type_info const*, void**, unsigned int) const
 .text._ZNK10__cxxabiv117__class_type_info12__do_dyncastEiNS0_10__sub_kindEPKS0_PKvS3_S5_RNS0_16__dyncast_resultE
                0x000000000002196c       0xd0 c:/altera/15.0/nios2eds/bin/gnu/h-x86_64-mingw32/bin/../lib/gcc/nios2-elf/4.9.1/../../../../../H-x86_64-mingw32/nios2-elf/lib/mno-hw-mul\libstdc++.a(class_type_info.o)
                0x000000000002196c                __cxxabiv1::__class_type_info::__do_dyncast(int, __cxxabiv1::__class_type_info::__sub_kind, __cxxabiv1::__class_type_info const*, void const*, __cxxabiv1::__class_type_info const*, void const*, __cxxabiv1::__class_type_info::__dyncast_result&) const
 .text          0x0000000000021a3c        0x0 c:/altera/15.0/nios2eds/bin/gnu/h-x86_64-mingw32/bin/../lib/gcc/nios2-elf/4.9.1/../../../../../H-x86_64-mingw32/nios2-elf/lib/mno-hw-mul\libstdc++.a(del_op.o)
 .text._ZdlPv   0x0000000000021a3c        0x4 c:/altera/15.0/nios2eds/bin/gnu/h-x86_64-mingw32/bin/../lib/gcc/nios2-elf/4.9.1/../../../../../H-x86_64-mingw32/nios2-elf/lib/mno-hw-mul\libstdc++.a(del_op.o)
                0x0000000000021a3c                operator delete(void*)
 .text          0x0000000000021a40        0x0 c:/altera/15.0/nios2eds/bin/gnu/h-x86_64-mingw32/bin/../lib/gcc/nios2-elf/4.9.1/../../../../../H-x86_64-mingw32/nios2-elf/lib/mno-hw-mul\libstdc++.a(eh_terminate.o)
 .text._ZN10__cxxabiv111__terminateEPFvvE
                0x0000000000021a40       0xc0 c:/altera/15.0/nios2eds/bin/gnu/h-x86_64-mingw32/bin/../lib/gcc/nios2-elf/4.9.1/../../../../../H-x86_64-mingw32/nios2-elf/lib/mno-hw-mul\libstdc++.a(eh_terminate.o)
                0x0000000000021a40                __cxxabiv1::__terminate(void (*)())
 .text._ZSt9terminatev
                0x0000000000021b00       0x18 c:/altera/15.0/nios2eds/bin/gnu/h-x86_64-mingw32/bin/../lib/gcc/nios2-elf/4.9.1/../../../../../H-x86_64-mingw32/nios2-elf/lib/mno-hw-mul\libstdc++.a(eh_terminate.o)
                0x0000000000021b00                std::terminate()
 .text._ZN10__cxxabiv112__unexpectedEPFvvE
                0x0000000000021b18       0x10 c:/altera/15.0/nios2eds/bin/gnu/h-x86_64-mingw32/bin/../lib/gcc/nios2-elf/4.9.1/../../../../../H-x86_64-mingw32/nios2-elf/lib/mno-hw-mul\libstdc++.a(eh_terminate.o)
                0x0000000000021b18                __cxxabiv1::__unexpected(void (*)())
 .text._ZSt10unexpectedv
                0x0000000000021b28       0x18 c:/altera/15.0/nios2eds/bin/gnu/h-x86_64-mingw32/bin/../lib/gcc/nios2-elf/4.9.1/../../../../../H-x86_64-mingw32/nios2-elf/lib/mno-hw-mul\libstdc++.a(eh_terminate.o)
                0x0000000000021b28                std::unexpected()
 .text._ZSt13set_terminatePFvvE
                0x0000000000021b40       0x14 c:/altera/15.0/nios2eds/bin/gnu/h-x86_64-mingw32/bin/../lib/gcc/nios2-elf/4.9.1/../../../../../H-x86_64-mingw32/nios2-elf/lib/mno-hw-mul\libstdc++.a(eh_terminate.o)
                0x0000000000021b40                std::set_terminate(void (*)())
 .text._ZSt13get_terminatev
                0x0000000000021b54       0x10 c:/altera/15.0/nios2eds/bin/gnu/h-x86_64-mingw32/bin/../lib/gcc/nios2-elf/4.9.1/../../../../../H-x86_64-mingw32/nios2-elf/lib/mno-hw-mul\libstdc++.a(eh_terminate.o)
                0x0000000000021b54                std::get_terminate()
 .text._ZSt14set_unexpectedPFvvE
                0x0000000000021b64       0x14 c:/altera/15.0/nios2eds/bin/gnu/h-x86_64-mingw32/bin/../lib/gcc/nios2-elf/4.9.1/../../../../../H-x86_64-mingw32/nios2-elf/lib/mno-hw-mul\libstdc++.a(eh_terminate.o)
                0x0000000000021b64                std::set_unexpected(void (*)())
 .text._ZSt14get_unexpectedv
                0x0000000000021b78       0x10 c:/altera/15.0/nios2eds/bin/gnu/h-x86_64-mingw32/bin/../lib/gcc/nios2-elf/4.9.1/../../../../../H-x86_64-mingw32/nios2-elf/lib/mno-hw-mul\libstdc++.a(eh_terminate.o)
                0x0000000000021b78                std::get_unexpected()
 .text          0x0000000000021b88        0x0 c:/altera/15.0/nios2eds/bin/gnu/h-x86_64-mingw32/bin/../lib/gcc/nios2-elf/4.9.1/../../../../../H-x86_64-mingw32/nios2-elf/lib/mno-hw-mul\libstdc++.a(si_class_type_info.o)
 .text._ZN10__cxxabiv120__si_class_type_infoD2Ev
                0x0000000000021b88       0x10 c:/altera/15.0/nios2eds/bin/gnu/h-x86_64-mingw32/bin/../lib/gcc/nios2-elf/4.9.1/../../../../../H-x86_64-mingw32/nios2-elf/lib/mno-hw-mul\libstdc++.a(si_class_type_info.o)
                0x0000000000021b88                __cxxabiv1::__si_class_type_info::~__si_class_type_info()
                0x0000000000021b88                __cxxabiv1::__si_class_type_info::~__si_class_type_info()
 .text._ZN10__cxxabiv120__si_class_type_infoD0Ev
                0x0000000000021b98       0x34 c:/altera/15.0/nios2eds/bin/gnu/h-x86_64-mingw32/bin/../lib/gcc/nios2-elf/4.9.1/../../../../../H-x86_64-mingw32/nios2-elf/lib/mno-hw-mul\libstdc++.a(si_class_type_info.o)
                0x0000000000021b98                __cxxabiv1::__si_class_type_info::~__si_class_type_info()
 .text._ZNK10__cxxabiv120__si_class_type_info12__do_dyncastEiNS_17__class_type_info10__sub_kindEPKS1_PKvS4_S6_RNS1_16__dyncast_resultE
                0x0000000000021bcc      0x160 c:/altera/15.0/nios2eds/bin/gnu/h-x86_64-mingw32/bin/../lib/gcc/nios2-elf/4.9.1/../../../../../H-x86_64-mingw32/nios2-elf/lib/mno-hw-mul\libstdc++.a(si_class_type_info.o)
                0x0000000000021bcc                __cxxabiv1::__si_class_type_info::__do_dyncast(int, __cxxabiv1::__class_type_info::__sub_kind, __cxxabiv1::__class_type_info const*, void const*, __cxxabiv1::__class_type_info const*, void const*, __cxxabiv1::__class_type_info::__dyncast_result&) const
 .text._ZNK10__cxxabiv120__si_class_type_info20__do_find_public_srcEiPKvPKNS_17__class_type_infoES2_
                0x0000000000021d2c       0x9c c:/altera/15.0/nios2eds/bin/gnu/h-x86_64-mingw32/bin/../lib/gcc/nios2-elf/4.9.1/../../../../../H-x86_64-mingw32/nios2-elf/lib/mno-hw-mul\libstdc++.a(si_class_type_info.o)
                0x0000000000021d2c                __cxxabiv1::__si_class_type_info::__do_find_public_src(int, void const*, __cxxabiv1::__class_type_info const*, void const*) const
 .text._ZNK10__cxxabiv120__si_class_type_info11__do_upcastEPKNS_17__class_type_infoEPKvRNS1_15__upcast_resultE
                0x0000000000021dc8       0x84 c:/altera/15.0/nios2eds/bin/gnu/h-x86_64-mingw32/bin/../lib/gcc/nios2-elf/4.9.1/../../../../../H-x86_64-mingw32/nios2-elf/lib/mno-hw-mul\libstdc++.a(si_class_type_info.o)
                0x0000000000021dc8                __cxxabiv1::__si_class_type_info::__do_upcast(__cxxabiv1::__class_type_info const*, void const*, __cxxabiv1::__class_type_info::__upcast_result&) const
 .text          0x0000000000021e4c        0x0 c:/altera/15.0/nios2eds/bin/gnu/h-x86_64-mingw32/bin/../lib/gcc/nios2-elf/4.9.1/../../../../../H-x86_64-mingw32/nios2-elf/lib/mno-hw-mul\libstdc++.a(eh_catch.o)
 .text.__cxa_get_exception_ptr
                0x0000000000021e4c        0x8 c:/altera/15.0/nios2eds/bin/gnu/h-x86_64-mingw32/bin/../lib/gcc/nios2-elf/4.9.1/../../../../../H-x86_64-mingw32/nios2-elf/lib/mno-hw-mul\libstdc++.a(eh_catch.o)
                0x0000000000021e4c                __cxa_get_exception_ptr
 .text.__cxa_begin_catch
                0x0000000000021e54       0xb4 c:/altera/15.0/nios2eds/bin/gnu/h-x86_64-mingw32/bin/../lib/gcc/nios2-elf/4.9.1/../../../../../H-x86_64-mingw32/nios2-elf/lib/mno-hw-mul\libstdc++.a(eh_catch.o)
                0x0000000000021e54                __cxa_begin_catch
 .text.__cxa_end_catch
                0x0000000000021f08       0xb0 c:/altera/15.0/nios2eds/bin/gnu/h-x86_64-mingw32/bin/../lib/gcc/nios2-elf/4.9.1/../../../../../H-x86_64-mingw32/nios2-elf/lib/mno-hw-mul\libstdc++.a(eh_catch.o)
                0x0000000000021f08                __cxa_end_catch
 .text._ZSt18uncaught_exceptionv
                0x0000000000021fb8       0x20 c:/altera/15.0/nios2eds/bin/gnu/h-x86_64-mingw32/bin/../lib/gcc/nios2-elf/4.9.1/../../../../../H-x86_64-mingw32/nios2-elf/lib/mno-hw-mul\libstdc++.a(eh_catch.o)
                0x0000000000021fb8                std::uncaught_exception()
 .text          0x0000000000021fd8        0x0 c:/altera/15.0/nios2eds/bin/gnu/h-x86_64-mingw32/bin/../lib/gcc/nios2-elf/4.9.1/../../../../../H-x86_64-mingw32/nios2-elf/lib/mno-hw-mul\libstdc++.a(eh_call.o)
 .text.__cxa_call_terminate
                0x0000000000021fd8       0x58 c:/altera/15.0/nios2eds/bin/gnu/h-x86_64-mingw32/bin/../lib/gcc/nios2-elf/4.9.1/../../../../../H-x86_64-mingw32/nios2-elf/lib/mno-hw-mul\libstdc++.a(eh_call.o)
                0x0000000000021fd8                __cxa_call_terminate
 .text          0x0000000000022030        0x0 c:/altera/15.0/nios2eds/bin/gnu/h-x86_64-mingw32/bin/../lib/gcc/nios2-elf/4.9.1/../../../../../H-x86_64-mingw32/nios2-elf/lib/mno-hw-mul\libstdc++.a(eh_term_handler.o)
 .text          0x0000000000022030        0x0 c:/altera/15.0/nios2eds/bin/gnu/h-x86_64-mingw32/bin/../lib/gcc/nios2-elf/4.9.1/../../../../../H-x86_64-mingw32/nios2-elf/lib/mno-hw-mul\libstdc++.a(eh_throw.o)
 .text._ZL23__gxx_exception_cleanup19_Unwind_Reason_CodeP17_Unwind_Exception
                0x0000000000022030       0x44 c:/altera/15.0/nios2eds/bin/gnu/h-x86_64-mingw32/bin/../lib/gcc/nios2-elf/4.9.1/../../../../../H-x86_64-mingw32/nios2-elf/lib/mno-hw-mul\libstdc++.a(eh_throw.o)
 .text.__cxa_throw
                0x0000000000022074       0x90 c:/altera/15.0/nios2eds/bin/gnu/h-x86_64-mingw32/bin/../lib/gcc/nios2-elf/4.9.1/../../../../../H-x86_64-mingw32/nios2-elf/lib/mno-hw-mul\libstdc++.a(eh_throw.o)
                0x0000000000022074                __cxa_throw
 .text.__cxa_rethrow
                0x0000000000022104       0x84 c:/altera/15.0/nios2eds/bin/gnu/h-x86_64-mingw32/bin/../lib/gcc/nios2-elf/4.9.1/../../../../../H-x86_64-mingw32/nios2-elf/lib/mno-hw-mul\libstdc++.a(eh_throw.o)
                0x0000000000022104                __cxa_rethrow
 .text          0x0000000000022188        0x0 c:/altera/15.0/nios2eds/bin/gnu/h-x86_64-mingw32/bin/../lib/gcc/nios2-elf/4.9.1/../../../../../H-x86_64-mingw32/nios2-elf/lib/mno-hw-mul\libstdc++.a(tinfo.o)
 .text._ZNSt9type_infoD2Ev
                0x0000000000022188        0x4 c:/altera/15.0/nios2eds/bin/gnu/h-x86_64-mingw32/bin/../lib/gcc/nios2-elf/4.9.1/../../../../../H-x86_64-mingw32/nios2-elf/lib/mno-hw-mul\libstdc++.a(tinfo.o)
                0x0000000000022188                std::type_info::~type_info()
                0x0000000000022188                std::type_info::~type_info()
 .text._ZNKSt9type_info14__is_pointer_pEv
                0x000000000002218c        0x8 c:/altera/15.0/nios2eds/bin/gnu/h-x86_64-mingw32/bin/../lib/gcc/nios2-elf/4.9.1/../../../../../H-x86_64-mingw32/nios2-elf/lib/mno-hw-mul\libstdc++.a(tinfo.o)
                0x000000000002218c                std::type_info::__is_pointer_p() const
 .text._ZNKSt9type_info15__is_function_pEv
                0x0000000000022194        0x8 c:/altera/15.0/nios2eds/bin/gnu/h-x86_64-mingw32/bin/../lib/gcc/nios2-elf/4.9.1/../../../../../H-x86_64-mingw32/nios2-elf/lib/mno-hw-mul\libstdc++.a(tinfo.o)
                0x0000000000022194                std::type_info::__is_function_p() const
 .text._ZNKSt9type_info11__do_upcastEPKN10__cxxabiv117__class_type_infoEPPv
                0x000000000002219c        0x8 c:/altera/15.0/nios2eds/bin/gnu/h-x86_64-mingw32/bin/../lib/gcc/nios2-elf/4.9.1/../../../../../H-x86_64-mingw32/nios2-elf/lib/mno-hw-mul\libstdc++.a(tinfo.o)
                0x000000000002219c                std::type_info::__do_upcast(__cxxabiv1::__class_type_info const*, void**) const
 .text._ZNSt9type_infoD0Ev
                0x00000000000221a4        0x4 c:/altera/15.0/nios2eds/bin/gnu/h-x86_64-mingw32/bin/../lib/gcc/nios2-elf/4.9.1/../../../../../H-x86_64-mingw32/nios2-elf/lib/mno-hw-mul\libstdc++.a(tinfo.o)
                0x00000000000221a4                std::type_info::~type_info()
 .text._ZNKSt9type_info10__do_catchEPKS_PPvj
                0x00000000000221a8       0x44 c:/altera/15.0/nios2eds/bin/gnu/h-x86_64-mingw32/bin/../lib/gcc/nios2-elf/4.9.1/../../../../../H-x86_64-mingw32/nios2-elf/lib/mno-hw-mul\libstdc++.a(tinfo.o)
                0x00000000000221a8                std::type_info::__do_catch(std::type_info const*, void**, unsigned int) const
 .text          0x00000000000221ec        0x0 c:/altera/15.0/nios2eds/bin/gnu/h-x86_64-mingw32/bin/../lib/gcc/nios2-elf/4.9.1/../../../../../H-x86_64-mingw32/nios2-elf/lib/mno-hw-mul\libstdc++.a(eh_alloc.o)
 .text.__cxa_allocate_exception
                0x00000000000221ec       0xa4 c:/altera/15.0/nios2eds/bin/gnu/h-x86_64-mingw32/bin/../lib/gcc/nios2-elf/4.9.1/../../../../../H-x86_64-mingw32/nios2-elf/lib/mno-hw-mul\libstdc++.a(eh_alloc.o)
                0x00000000000221ec                __cxa_allocate_exception
 .text.__cxa_free_exception
                0x0000000000022290       0x44 c:/altera/15.0/nios2eds/bin/gnu/h-x86_64-mingw32/bin/../lib/gcc/nios2-elf/4.9.1/../../../../../H-x86_64-mingw32/nios2-elf/lib/mno-hw-mul\libstdc++.a(eh_alloc.o)
                0x0000000000022290                __cxa_free_exception
 .text.__cxa_allocate_dependent_exception
                0x00000000000222d4       0x94 c:/altera/15.0/nios2eds/bin/gnu/h-x86_64-mingw32/bin/../lib/gcc/nios2-elf/4.9.1/../../../../../H-x86_64-mingw32/nios2-elf/lib/mno-hw-mul\libstdc++.a(eh_alloc.o)
                0x00000000000222d4                __cxa_allocate_dependent_exception
 .text.__cxa_free_dependent_exception
                0x0000000000022368       0x40 c:/altera/15.0/nios2eds/bin/gnu/h-x86_64-mingw32/bin/../lib/gcc/nios2-elf/4.9.1/../../../../../H-x86_64-mingw32/nios2-elf/lib/mno-hw-mul\libstdc++.a(eh_alloc.o)
                0x0000000000022368                __cxa_free_dependent_exception
 .text          0x00000000000223a8        0x0 c:/altera/15.0/nios2eds/bin/gnu/h-x86_64-mingw32/bin/../lib/gcc/nios2-elf/4.9.1/../../../../../H-x86_64-mingw32/nios2-elf/lib/mno-hw-mul\libstdc++.a(eh_exception.o)
 .text._ZNSt9exceptionD2Ev
                0x00000000000223a8        0x4 c:/altera/15.0/nios2eds/bin/gnu/h-x86_64-mingw32/bin/../lib/gcc/nios2-elf/4.9.1/../../../../../H-x86_64-mingw32/nios2-elf/lib/mno-hw-mul\libstdc++.a(eh_exception.o)
                0x00000000000223a8                std::exception::~exception()
                0x00000000000223a8                std::exception::~exception()
 .text._ZNSt13bad_exceptionD2Ev
                0x00000000000223ac        0x4 c:/altera/15.0/nios2eds/bin/gnu/h-x86_64-mingw32/bin/../lib/gcc/nios2-elf/4.9.1/../../../../../H-x86_64-mingw32/nios2-elf/lib/mno-hw-mul\libstdc++.a(eh_exception.o)
                0x00000000000223ac                std::bad_exception::~bad_exception()
                0x00000000000223ac                std::bad_exception::~bad_exception()
 .text._ZNKSt9exception4whatEv
                0x00000000000223b0        0xc c:/altera/15.0/nios2eds/bin/gnu/h-x86_64-mingw32/bin/../lib/gcc/nios2-elf/4.9.1/../../../../../H-x86_64-mingw32/nios2-elf/lib/mno-hw-mul\libstdc++.a(eh_exception.o)
                0x00000000000223b0                std::exception::what() const
 .text._ZNKSt13bad_exception4whatEv
                0x00000000000223bc        0xc c:/altera/15.0/nios2eds/bin/gnu/h-x86_64-mingw32/bin/../lib/gcc/nios2-elf/4.9.1/../../../../../H-x86_64-mingw32/nios2-elf/lib/mno-hw-mul\libstdc++.a(eh_exception.o)
                0x00000000000223bc                std::bad_exception::what() const
 .text._ZNSt9exceptionD0Ev
                0x00000000000223c8        0x4 c:/altera/15.0/nios2eds/bin/gnu/h-x86_64-mingw32/bin/../lib/gcc/nios2-elf/4.9.1/../../../../../H-x86_64-mingw32/nios2-elf/lib/mno-hw-mul\libstdc++.a(eh_exception.o)
                0x00000000000223c8                std::exception::~exception()
 .text._ZNSt13bad_exceptionD0Ev
                0x00000000000223cc        0x4 c:/altera/15.0/nios2eds/bin/gnu/h-x86_64-mingw32/bin/../lib/gcc/nios2-elf/4.9.1/../../../../../H-x86_64-mingw32/nios2-elf/lib/mno-hw-mul\libstdc++.a(eh_exception.o)
                0x00000000000223cc                std::bad_exception::~bad_exception()
 .text._ZN10__cxxabiv115__forced_unwindD2Ev
                0x00000000000223d0        0x4 c:/altera/15.0/nios2eds/bin/gnu/h-x86_64-mingw32/bin/../lib/gcc/nios2-elf/4.9.1/../../../../../H-x86_64-mingw32/nios2-elf/lib/mno-hw-mul\libstdc++.a(eh_exception.o)
                0x00000000000223d0                __cxxabiv1::__forced_unwind::~__forced_unwind()
                0x00000000000223d0                __cxxabiv1::__forced_unwind::~__forced_unwind()
 .text._ZN10__cxxabiv115__forced_unwindD0Ev
                0x00000000000223d4        0x4 c:/altera/15.0/nios2eds/bin/gnu/h-x86_64-mingw32/bin/../lib/gcc/nios2-elf/4.9.1/../../../../../H-x86_64-mingw32/nios2-elf/lib/mno-hw-mul\libstdc++.a(eh_exception.o)
                0x00000000000223d4                __cxxabiv1::__forced_unwind::~__forced_unwind()
 .text._ZN10__cxxabiv119__foreign_exceptionD2Ev
                0x00000000000223d8        0x4 c:/altera/15.0/nios2eds/bin/gnu/h-x86_64-mingw32/bin/../lib/gcc/nios2-elf/4.9.1/../../../../../H-x86_64-mingw32/nios2-elf/lib/mno-hw-mul\libstdc++.a(eh_exception.o)
                0x00000000000223d8                __cxxabiv1::__foreign_exception::~__foreign_exception()
                0x00000000000223d8                __cxxabiv1::__foreign_exception::~__foreign_exception()
 .text._ZN10__cxxabiv119__foreign_exceptionD0Ev
                0x00000000000223dc        0x4 c:/altera/15.0/nios2eds/bin/gnu/h-x86_64-mingw32/bin/../lib/gcc/nios2-elf/4.9.1/../../../../../H-x86_64-mingw32/nios2-elf/lib/mno-hw-mul\libstdc++.a(eh_exception.o)
                0x00000000000223dc                __cxxabiv1::__foreign_exception::~__foreign_exception()
 .text          0x00000000000223e0        0x0 c:/altera/15.0/nios2eds/bin/gnu/h-x86_64-mingw32/bin/../lib/gcc/nios2-elf/4.9.1/../../../../../H-x86_64-mingw32/nios2-elf/lib/mno-hw-mul\libstdc++.a(eh_unex_handler.o)
 .text          0x00000000000223e0        0x0 c:/altera/15.0/nios2eds/bin/gnu/h-x86_64-mingw32/bin/../lib/gcc/nios2-elf/4.9.1/../../../../../H-x86_64-mingw32/nios2-elf/lib/mno-hw-mul\libstdc++.a(pure.o)
 .text.__cxa_pure_virtual
                0x00000000000223e0       0x20 c:/altera/15.0/nios2eds/bin/gnu/h-x86_64-mingw32/bin/../lib/gcc/nios2-elf/4.9.1/../../../../../H-x86_64-mingw32/nios2-elf/lib/mno-hw-mul\libstdc++.a(pure.o)
                0x00000000000223e0                __cxa_pure_virtual
 .text.__cxa_deleted_virtual
                0x0000000000022400       0x20 c:/altera/15.0/nios2eds/bin/gnu/h-x86_64-mingw32/bin/../lib/gcc/nios2-elf/4.9.1/../../../../../H-x86_64-mingw32/nios2-elf/lib/mno-hw-mul\libstdc++.a(pure.o)
                0x0000000000022400                __cxa_deleted_virtual
 .text          0x0000000000022420       0x28 c:/altera/15.0/nios2eds/bin/gnu/h-x86_64-mingw32/bin/../lib/gcc/nios2-elf/4.9.1/mno-hw-mul\libgcc.a(lib2-mul.o)
                0x0000000000022420                __mulsi3
 .text          0x0000000000022448      0x520 c:/altera/15.0/nios2eds/bin/gnu/h-x86_64-mingw32/bin/../lib/gcc/nios2-elf/4.9.1/mno-hw-mul\libgcc.a(unwind-sjlj.o)
                0x0000000000022650                _Unwind_SjLj_Register
                0x0000000000022668                _Unwind_SjLj_Unregister
                0x000000000002267c                _Unwind_GetGR
                0x0000000000022698                _Unwind_GetCFA
                0x00000000000226b0                _Unwind_SetGR
                0x00000000000226cc                _Unwind_GetIP
                0x00000000000226dc                _Unwind_GetIPInfo
                0x00000000000226fc                _Unwind_SetIP
                0x000000000002270c                _Unwind_GetLanguageSpecificData
                0x0000000000022718                _Unwind_GetRegionStart
                0x0000000000022720                _Unwind_FindEnclosingFunction
                0x0000000000022728                _Unwind_GetDataRelBase
                0x0000000000022730                _Unwind_GetTextRelBase
                0x0000000000022738                _Unwind_SjLj_RaiseException
                0x0000000000022808                _Unwind_SjLj_ForcedUnwind
                0x000000000002284c                _Unwind_SjLj_Resume
                0x0000000000022890                _Unwind_SjLj_Resume_or_Rethrow
                0x00000000000228dc                _Unwind_DeleteException
                0x00000000000228f4                _Unwind_Backtrace
 .text          0x0000000000022968       0x18 c:/altera/15.0/nios2eds/bin/gnu/h-x86_64-mingw32/bin/../lib/gcc/nios2-elf/4.9.1/../../../../../H-x86_64-mingw32/nios2-elf/lib/mno-hw-mul\libc.a(lib_a-abort.o)
                0x0000000000022968                abort
 .text          0x0000000000022980       0x28 c:/altera/15.0/nios2eds/bin/gnu/h-x86_64-mingw32/bin/../lib/gcc/nios2-elf/4.9.1/../../../../../H-x86_64-mingw32/nios2-elf/lib/mno-hw-mul\libc.a(lib_a-malloc.o)
                0x0000000000022980                malloc
                0x0000000000022994                free
 .text          0x00000000000229a8      0x7a8 c:/altera/15.0/nios2eds/bin/gnu/h-x86_64-mingw32/bin/../lib/gcc/nios2-elf/4.9.1/../../../../../H-x86_64-mingw32/nios2-elf/lib/mno-hw-mul\libc.a(lib_a-mallocr.o)
                0x00000000000229a8                _malloc_r
 .text          0x0000000000023150      0x124 c:/altera/15.0/nios2eds/bin/gnu/h-x86_64-mingw32/bin/../lib/gcc/nios2-elf/4.9.1/../../../../../H-x86_64-mingw32/nios2-elf/lib/mno-hw-mul\libc.a(lib_a-memset.o)
                0x0000000000023150                memset
 .text          0x0000000000023274       0x20 c:/altera/15.0/nios2eds/bin/gnu/h-x86_64-mingw32/bin/../lib/gcc/nios2-elf/4.9.1/../../../../../H-x86_64-mingw32/nios2-elf/lib/mno-hw-mul\libc.a(lib_a-putchar.o)
                0x0000000000023274                _putchar_r
                0x000000000002327c                putchar
 .text          0x0000000000023294       0xcc c:/altera/15.0/nios2eds/bin/gnu/h-x86_64-mingw32/bin/../lib/gcc/nios2-elf/4.9.1/../../../../../H-x86_64-mingw32/nios2-elf/lib/mno-hw-mul\libc.a(lib_a-puts.o)
                0x0000000000023294                _puts_r
                0x000000000002334c                puts
 .text          0x0000000000023360       0x54 c:/altera/15.0/nios2eds/bin/gnu/h-x86_64-mingw32/bin/../lib/gcc/nios2-elf/4.9.1/../../../../../H-x86_64-mingw32/nios2-elf/lib/mno-hw-mul\libc.a(lib_a-sbrkr.o)
                0x0000000000023360                _sbrk_r
 .text          0x00000000000233b4      0x2a4 c:/altera/15.0/nios2eds/bin/gnu/h-x86_64-mingw32/bin/../lib/gcc/nios2-elf/4.9.1/../../../../../H-x86_64-mingw32/nios2-elf/lib/mno-hw-mul\libc.a(lib_a-signal.o)
                0x00000000000233b4                _init_signal_r
                0x000000000002341c                _signal_r
                0x00000000000234a0                _raise_r
                0x000000000002355c                __sigtramp_r
                0x0000000000023604                raise
                0x0000000000023618                signal
                0x0000000000023634                _init_signal
                0x0000000000023644                __sigtramp
 .text          0x0000000000023658       0x5c c:/altera/15.0/nios2eds/bin/gnu/h-x86_64-mingw32/bin/../lib/gcc/nios2-elf/4.9.1/../../../../../H-x86_64-mingw32/nios2-elf/lib/mno-hw-mul\libc.a(lib_a-signalr.o)
                0x0000000000023658                _kill_r
                0x00000000000236b0                _getpid_r
 .text          0x00000000000236b4       0xa4 c:/altera/15.0/nios2eds/bin/gnu/h-x86_64-mingw32/bin/../lib/gcc/nios2-elf/4.9.1/../../../../../H-x86_64-mingw32/nios2-elf/lib/mno-hw-mul\libc.a(lib_a-strcmp.o)
                0x00000000000236b4                strcmp
 .text          0x0000000000023758       0x98 c:/altera/15.0/nios2eds/bin/gnu/h-x86_64-mingw32/bin/../lib/gcc/nios2-elf/4.9.1/../../../../../H-x86_64-mingw32/nios2-elf/lib/mno-hw-mul\libc.a(lib_a-strlen.o)
                0x0000000000023758                strlen
 .text          0x00000000000237f0      0x414 c:/altera/15.0/nios2eds/bin/gnu/h-x86_64-mingw32/bin/../lib/gcc/nios2-elf/4.9.1/../../../../../H-x86_64-mingw32/nios2-elf/lib/mno-hw-mul\libc.a(lib_a-freer.o)
                0x00000000000237f0                _malloc_trim_r
                0x0000000000023914                _free_r
 .text          0x0000000000023c04      0x4a4 c:/altera/15.0/nios2eds/bin/gnu/h-x86_64-mingw32/bin/../lib/gcc/nios2-elf/4.9.1/../../../../../H-x86_64-mingw32/nios2-elf/lib/mno-hw-mul\libc.a(lib_a-fvwrite.o)
                0x0000000000023c04                __sfvwrite_r
 .text          0x00000000000240a8        0x0 c:/altera/15.0/nios2eds/bin/gnu/h-x86_64-mingw32/bin/../lib/gcc/nios2-elf/4.9.1/../../../../../H-x86_64-mingw32/nios2-elf/lib/mno-hw-mul\libc.a(lib_a-impure.o)
 .text          0x00000000000240a8        0x0 c:/altera/15.0/nios2eds/bin/gnu/h-x86_64-mingw32/bin/../lib/gcc/nios2-elf/4.9.1/../../../../../H-x86_64-mingw32/nios2-elf/lib/mno-hw-mul\libc.a(lib_a-int_errno.o)
 .text          0x00000000000240a8       0xe8 c:/altera/15.0/nios2eds/bin/gnu/h-x86_64-mingw32/bin/../lib/gcc/nios2-elf/4.9.1/../../../../../H-x86_64-mingw32/nios2-elf/lib/mno-hw-mul\libc.a(lib_a-memchr.o)
                0x00000000000240a8                memchr
 .text          0x0000000000024190      0x138 c:/altera/15.0/nios2eds/bin/gnu/h-x86_64-mingw32/bin/../lib/gcc/nios2-elf/4.9.1/../../../../../H-x86_64-mingw32/nios2-elf/lib/mno-hw-mul\libc.a(lib_a-memcpy.o)
                0x0000000000024190                memcpy
 .text          0x00000000000242c8      0x15c c:/altera/15.0/nios2eds/bin/gnu/h-x86_64-mingw32/bin/../lib/gcc/nios2-elf/4.9.1/../../../../../H-x86_64-mingw32/nios2-elf/lib/mno-hw-mul\libc.a(lib_a-memmove.o)
                0x00000000000242c8                memmove
 .text          0x0000000000024424      0x168 c:/altera/15.0/nios2eds/bin/gnu/h-x86_64-mingw32/bin/../lib/gcc/nios2-elf/4.9.1/../../../../../H-x86_64-mingw32/nios2-elf/lib/mno-hw-mul\libc.a(lib_a-putc.o)
                0x0000000000024424                _putc_r
                0x00000000000244c4                putc
 .text          0x000000000002458c      0x5a0 c:/altera/15.0/nios2eds/bin/gnu/h-x86_64-mingw32/bin/../lib/gcc/nios2-elf/4.9.1/../../../../../H-x86_64-mingw32/nios2-elf/lib/mno-hw-mul\libc.a(lib_a-reallocr.o)
                0x000000000002458c                _realloc_r
 .text          0x0000000000024b2c      0x170 c:/altera/15.0/nios2eds/bin/gnu/h-x86_64-mingw32/bin/../lib/gcc/nios2-elf/4.9.1/../../../../../H-x86_64-mingw32/nios2-elf/lib/mno-hw-mul\libc.a(lib_a-wbuf.o)
                0x0000000000024b2c                __swbuf_r
                0x0000000000024c80                __swbuf
 .text          0x0000000000024c9c      0x130 c:/altera/15.0/nios2eds/bin/gnu/h-x86_64-mingw32/bin/../lib/gcc/nios2-elf/4.9.1/../../../../../H-x86_64-mingw32/nios2-elf/lib/mno-hw-mul\libc.a(lib_a-wsetup.o)
                0x0000000000024c9c                __swsetup_r
 .text          0x0000000000024dcc      0x258 c:/altera/15.0/nios2eds/bin/gnu/h-x86_64-mingw32/bin/../lib/gcc/nios2-elf/4.9.1/../../../../../H-x86_64-mingw32/nios2-elf/lib/mno-hw-mul\libc.a(lib_a-fflush.o)
                0x0000000000024dcc                _fflush_r
                0x0000000000024ff4                fflush
 .text          0x0000000000025024      0x3b4 c:/altera/15.0/nios2eds/bin/gnu/h-x86_64-mingw32/bin/../lib/gcc/nios2-elf/4.9.1/../../../../../H-x86_64-mingw32/nios2-elf/lib/mno-hw-mul\libc.a(lib_a-findfp.o)
                0x0000000000025034                _cleanup_r
                0x00000000000251e0                __sfmoreglue
                0x0000000000025258                __sfp
                0x0000000000025370                _cleanup
                0x0000000000025388                __sinit
                0x0000000000025398                __sfp_lock_acquire
                0x000000000002539c                __sfp_lock_release
                0x00000000000253a0                __sinit_lock_acquire
                0x00000000000253a4                __sinit_lock_release
                0x00000000000253a8                __fp_lock_all
                0x00000000000253c0                __fp_unlock_all
 .text          0x00000000000253d8      0x170 c:/altera/15.0/nios2eds/bin/gnu/h-x86_64-mingw32/bin/../lib/gcc/nios2-elf/4.9.1/../../../../../H-x86_64-mingw32/nios2-elf/lib/mno-hw-mul\libc.a(lib_a-fwalk.o)
                0x00000000000253d8                _fwalk
                0x0000000000025490                _fwalk_reent
 .text          0x0000000000025548      0x1b8 c:/altera/15.0/nios2eds/bin/gnu/h-x86_64-mingw32/bin/../lib/gcc/nios2-elf/4.9.1/../../../../../H-x86_64-mingw32/nios2-elf/lib/mno-hw-mul\libc.a(lib_a-makebuf.o)
                0x0000000000025548                __smakebuf_r
 .text          0x0000000000025700      0x13c c:/altera/15.0/nios2eds/bin/gnu/h-x86_64-mingw32/bin/../lib/gcc/nios2-elf/4.9.1/../../../../../H-x86_64-mingw32/nios2-elf/lib/mno-hw-mul\libc.a(lib_a-stdio.o)
                0x0000000000025700                __sread
                0x0000000000025754                __seofread
                0x000000000002575c                __swrite
                0x00000000000257d8                __sseek
                0x0000000000025834                __sclose
 .text          0x000000000002583c       0x5c c:/altera/15.0/nios2eds/bin/gnu/h-x86_64-mingw32/bin/../lib/gcc/nios2-elf/4.9.1/../../../../../H-x86_64-mingw32/nios2-elf/lib/mno-hw-mul\libc.a(lib_a-writer.o)
                0x000000000002583c                _write_r
 .text          0x0000000000025898       0x54 c:/altera/15.0/nios2eds/bin/gnu/h-x86_64-mingw32/bin/../lib/gcc/nios2-elf/4.9.1/../../../../../H-x86_64-mingw32/nios2-elf/lib/mno-hw-mul\libc.a(closer.o)
                0x0000000000025898                _close_r
 .text          0x00000000000258ec      0x114 c:/altera/15.0/nios2eds/bin/gnu/h-x86_64-mingw32/bin/../lib/gcc/nios2-elf/4.9.1/../../../../../H-x86_64-mingw32/nios2-elf/lib/mno-hw-mul\libc.a(lib_a-fclose.o)
                0x00000000000258ec                _fclose_r
                0x00000000000259ec                fclose
 .text          0x0000000000025a00       0x58 c:/altera/15.0/nios2eds/bin/gnu/h-x86_64-mingw32/bin/../lib/gcc/nios2-elf/4.9.1/../../../../../H-x86_64-mingw32/nios2-elf/lib/mno-hw-mul\libc.a(lib_a-fstatr.o)
                0x0000000000025a00                _fstat_r
 .text          0x0000000000025a58       0x54 c:/altera/15.0/nios2eds/bin/gnu/h-x86_64-mingw32/bin/../lib/gcc/nios2-elf/4.9.1/../../../../../H-x86_64-mingw32/nios2-elf/lib/mno-hw-mul\libc.a(lib_a-isattyr.o)
                0x0000000000025a58                _isatty_r
 .text          0x0000000000025aac       0x5c c:/altera/15.0/nios2eds/bin/gnu/h-x86_64-mingw32/bin/../lib/gcc/nios2-elf/4.9.1/../../../../../H-x86_64-mingw32/nios2-elf/lib/mno-hw-mul\libc.a(lib_a-lseekr.o)
                0x0000000000025aac                _lseek_r
 .text          0x0000000000025b08       0x5c c:/altera/15.0/nios2eds/bin/gnu/h-x86_64-mingw32/bin/../lib/gcc/nios2-elf/4.9.1/../../../../../H-x86_64-mingw32/nios2-elf/lib/mno-hw-mul\libc.a(lib_a-readr.o)
                0x0000000000025b08                _read_r
 .text          0x0000000000025b64      0x128 D:/tag2/de1_software/nios/hc05_img_rcv/bt_task_bsp/\libhal_bsp.a(alt_close.o)
                0x0000000000025bb4                close
 .text          0x0000000000025c8c       0x2c D:/tag2/de1_software/nios/hc05_img_rcv/bt_task_bsp/\libhal_bsp.a(alt_dev.o)
 .text          0x0000000000025cb8        0x0 D:/tag2/de1_software/nios/hc05_img_rcv/bt_task_bsp/\libhal_bsp.a(alt_errno.o)
 .text          0x0000000000025cb8       0x34 D:/tag2/de1_software/nios/hc05_img_rcv/bt_task_bsp/\libhal_bsp.a(alt_exit.o)
                0x0000000000025cb8                _exit
 .text          0x0000000000025cec      0x108 D:/tag2/de1_software/nios/hc05_img_rcv/bt_task_bsp/\libhal_bsp.a(alt_fstat.o)
                0x0000000000025d3c                fstat
 .text          0x0000000000025df4       0x20 D:/tag2/de1_software/nios/hc05_img_rcv/bt_task_bsp/\libhal_bsp.a(alt_getpid.o)
                0x0000000000025df4                getpid
 .text          0x0000000000025e14       0xfc D:/tag2/de1_software/nios/hc05_img_rcv/bt_task_bsp/\libhal_bsp.a(alt_isatty.o)
                0x0000000000025e64                isatty
 .text          0x0000000000025f10      0x180 D:/tag2/de1_software/nios/hc05_img_rcv/bt_task_bsp/\libhal_bsp.a(alt_kill.o)
                0x0000000000025f60                kill
 .text          0x0000000000026090       0xe4 D:/tag2/de1_software/nios/hc05_img_rcv/bt_task_bsp/\libhal_bsp.a(alt_load.o)
                0x00000000000260f4                alt_load
 .text          0x0000000000026174      0x12c D:/tag2/de1_software/nios/hc05_img_rcv/bt_task_bsp/\libhal_bsp.a(alt_lseek.o)
                0x00000000000261c4                lseek
 .text          0x00000000000262a0       0x78 D:/tag2/de1_software/nios/hc05_img_rcv/bt_task_bsp/\libhal_bsp.a(alt_main.o)
                0x00000000000262a0                alt_main
 .text          0x0000000000026318       0x40 D:/tag2/de1_software/nios/hc05_img_rcv/bt_task_bsp/\libhal_bsp.a(alt_malloc_lock.o)
                0x0000000000026318                __malloc_lock
                0x0000000000026338                __malloc_unlock
 .text          0x0000000000026358      0x228 D:/tag2/de1_software/nios/hc05_img_rcv/bt_task_bsp/\libhal_bsp.a(alt_printf.o)
                0x0000000000026358                alt_printf
 .text          0x0000000000026580       0x44 D:/tag2/de1_software/nios/hc05_img_rcv/bt_task_bsp/\libhal_bsp.a(alt_putchar.o)
                0x0000000000026580                alt_putchar
 .text          0x00000000000265c4      0x154 D:/tag2/de1_software/nios/hc05_img_rcv/bt_task_bsp/\libhal_bsp.a(alt_read.o)
                0x0000000000026614                read
 .text          0x0000000000026718       0x80 D:/tag2/de1_software/nios/hc05_img_rcv/bt_task_bsp/\libhal_bsp.a(alt_release_fd.o)
                0x0000000000026718                alt_release_fd
 .text          0x0000000000026798       0xb0 D:/tag2/de1_software/nios/hc05_img_rcv/bt_task_bsp/\libhal_bsp.a(alt_sbrk.o)
                0x0000000000026798                sbrk
 .text          0x0000000000026848      0x150 D:/tag2/de1_software/nios/hc05_img_rcv/bt_task_bsp/\libhal_bsp.a(alt_write.o)
                0x0000000000026898                write
 .text          0x0000000000026998       0xcc D:/tag2/de1_software/nios/hc05_img_rcv/bt_task_bsp/\libhal_bsp.a(alt_sys_init.o)
                0x00000000000269d0                alt_irq_init
                0x0000000000026a04                alt_sys_init
 .text          0x0000000000026a64      0x164 D:/tag2/de1_software/nios/hc05_img_rcv/bt_task_bsp/\libhal_bsp.a(altera_avalon_jtag_uart_fd.o)
                0x0000000000026a64                altera_avalon_jtag_uart_read_fd
                0x0000000000026ac4                altera_avalon_jtag_uart_write_fd
                0x0000000000026b24                altera_avalon_jtag_uart_close_fd
                0x0000000000026b74                altera_avalon_jtag_uart_ioctl_fd
 .text          0x0000000000026bc8      0x3d0 D:/tag2/de1_software/nios/hc05_img_rcv/bt_task_bsp/\libhal_bsp.a(altera_avalon_jtag_uart_init.o)
                0x0000000000026bc8                altera_avalon_jtag_uart_init
                0x0000000000026f30                altera_avalon_jtag_uart_close
 .text          0x0000000000026f98       0xec D:/tag2/de1_software/nios/hc05_img_rcv/bt_task_bsp/\libhal_bsp.a(altera_avalon_jtag_uart_ioctl.o)
                0x0000000000026f98                altera_avalon_jtag_uart_ioctl
 .text          0x0000000000027084      0x20c D:/tag2/de1_software/nios/hc05_img_rcv/bt_task_bsp/\libhal_bsp.a(altera_avalon_jtag_uart_read.o)
                0x0000000000027084                altera_avalon_jtag_uart_read
 .text          0x0000000000027290      0x218 D:/tag2/de1_software/nios/hc05_img_rcv/bt_task_bsp/\libhal_bsp.a(altera_avalon_jtag_uart_write.o)
                0x0000000000027290                altera_avalon_jtag_uart_write
 .text          0x00000000000274a8      0x38c D:/tag2/de1_software/nios/hc05_img_rcv/bt_task_bsp/\libhal_bsp.a(altera_up_avalon_rs232.o)
                0x00000000000274a8                alt_up_rs232_enable_read_interrupt
                0x0000000000027500                alt_up_rs232_disable_read_interrupt
                0x000000000002755c                alt_up_rs232_get_used_space_in_read_FIFO
                0x000000000002759c                alt_up_rs232_get_available_space_in_write_FIFO
                0x00000000000275d8                alt_up_rs232_check_parity
                0x000000000002761c                alt_up_rs232_write_data
                0x000000000002765c                alt_up_rs232_read_data
                0x00000000000276d0                alt_up_rs232_read_fd
                0x0000000000027760                alt_up_rs232_write_fd
                0x00000000000277f4                alt_up_rs232_open_dev
 .text          0x0000000000027834      0x140 D:/tag2/de1_software/nios/hc05_img_rcv/bt_task_bsp/\libhal_bsp.a(alt_alarm_start.o)
                0x0000000000027834                alt_alarm_start
 .text          0x0000000000027974       0x1c D:/tag2/de1_software/nios/hc05_img_rcv/bt_task_bsp/\libhal_bsp.a(alt_dcache_flush_all.o)
                0x0000000000027974                alt_dcache_flush_all
 .text          0x0000000000027990       0xf4 D:/tag2/de1_software/nios/hc05_img_rcv/bt_task_bsp/\libhal_bsp.a(alt_dev_llist_insert.o)
                0x00000000000279e0                alt_dev_llist_insert
 .text          0x0000000000027a84       0x5c D:/tag2/de1_software/nios/hc05_img_rcv/bt_task_bsp/\libhal_bsp.a(alt_do_ctors.o)
                0x0000000000027a84                _do_ctors
 .text          0x0000000000027ae0       0x5c D:/tag2/de1_software/nios/hc05_img_rcv/bt_task_bsp/\libhal_bsp.a(alt_do_dtors.o)
                0x0000000000027ae0                _do_dtors
 .text          0x0000000000027b3c       0x90 D:/tag2/de1_software/nios/hc05_img_rcv/bt_task_bsp/\libhal_bsp.a(alt_find_dev.o)
                0x0000000000027b3c                alt_find_dev
 .text          0x0000000000027bcc       0x1c D:/tag2/de1_software/nios/hc05_img_rcv/bt_task_bsp/\libhal_bsp.a(alt_icache_flush_all.o)
                0x0000000000027bcc                alt_icache_flush_all
 .text          0x0000000000027be8      0x158 D:/tag2/de1_software/nios/hc05_img_rcv/bt_task_bsp/\libhal_bsp.a(alt_io_redirect.o)
                0x0000000000027cc8                alt_io_redirect
 .text          0x0000000000027d40      0x1b0 D:/tag2/de1_software/nios/hc05_img_rcv/bt_task_bsp/\libhal_bsp.a(alt_irq_register.o)
                0x0000000000027d40                alt_irq_register
 .text          0x0000000000027ef0        0x0 D:/tag2/de1_software/nios/hc05_img_rcv/bt_task_bsp/\libhal_bsp.a(alt_irq_vars.o)
 .text          0x0000000000027ef0      0x2a4 D:/tag2/de1_software/nios/hc05_img_rcv/bt_task_bsp/\libhal_bsp.a(alt_open.o)
                0x0000000000028034                open
 .text          0x0000000000028194      0x19c D:/tag2/de1_software/nios/hc05_img_rcv/bt_task_bsp/\libhal_bsp.a(alt_tick.o)
                0x0000000000028194                alt_alarm_stop
                0x000000000002822c                alt_tick
 .text          0x0000000000028330       0x20 D:/tag2/de1_software/nios/hc05_img_rcv/bt_task_bsp/\libhal_bsp.a(altera_nios2_gen2_irq.o)
                0x0000000000028330                altera_nios2_gen2_irq_init
 .text          0x0000000000028350      0x114 D:/tag2/de1_software/nios/hc05_img_rcv/bt_task_bsp/\libhal_bsp.a(alt_find_file.o)
                0x0000000000028350                alt_find_file
 .text          0x0000000000028464       0xd4 D:/tag2/de1_software/nios/hc05_img_rcv/bt_task_bsp/\libhal_bsp.a(alt_get_fd.o)
                0x0000000000028464                alt_get_fd
 .text          0x0000000000028538        0x0 D:/tag2/de1_software/nios/hc05_img_rcv/bt_task_bsp/\libhal_bsp.a(alt_irq_entry.o)
 .text          0x0000000000028538        0x0 D:/tag2/de1_software/nios/hc05_img_rcv/bt_task_bsp/\libhal_bsp.a(alt_irq_handler.o)
 .text          0x0000000000028538        0x0 D:/tag2/de1_software/nios/hc05_img_rcv/bt_task_bsp/\libhal_bsp.a(alt_exception_entry.o)
 .text          0x0000000000028538       0x9c D:/tag2/de1_software/nios/hc05_img_rcv/bt_task_bsp/\libhal_bsp.a(alt_instruction_exception_entry.o)
                0x0000000000028538                alt_exception_cause_generated_bad_addr
 .text          0x00000000000285d4       0x14 c:/altera/15.0/nios2eds/bin/gnu/h-x86_64-mingw32/bin/../lib/gcc/nios2-elf/4.9.1/../../../../../H-x86_64-mingw32/nios2-elf/lib/mno-hw-mul\libc.a(lib_a-atexit.o)
                0x00000000000285d4                atexit
 .text          0x00000000000285e8       0x38 c:/altera/15.0/nios2eds/bin/gnu/h-x86_64-mingw32/bin/../lib/gcc/nios2-elf/4.9.1/../../../../../H-x86_64-mingw32/nios2-elf/lib/mno-hw-mul\libc.a(lib_a-exit.o)
                0x00000000000285e8                exit
 .text          0x0000000000028620       0x7c c:/altera/15.0/nios2eds/bin/gnu/h-x86_64-mingw32/bin/../lib/gcc/nios2-elf/4.9.1/../../../../../H-x86_64-mingw32/nios2-elf/lib/mno-hw-mul\libc.a(lib_a-memcmp.o)
                0x0000000000028620                memcmp
 .text          0x000000000002869c      0x114 c:/altera/15.0/nios2eds/bin/gnu/h-x86_64-mingw32/bin/../lib/gcc/nios2-elf/4.9.1/../../../../../H-x86_64-mingw32/nios2-elf/lib/mno-hw-mul\libc.a(lib_a-__atexit.o)
                0x000000000002869c                __register_exitproc
 .text          0x00000000000287b0      0x194 c:/altera/15.0/nios2eds/bin/gnu/h-x86_64-mingw32/bin/../lib/gcc/nios2-elf/4.9.1/../../../../../H-x86_64-mingw32/nios2-elf/lib/mno-hw-mul\libc.a(lib_a-__call_atexit.o)
                0x00000000000287b0                __call_exitprocs
 *(.gnu.warning.*)
 *(.fini)
                0x0000000000028944                PROVIDE (__etext, ABSOLUTE (.))
                0x0000000000028944                PROVIDE (_etext, ABSOLUTE (.))
                0x0000000000028944                PROVIDE (etext, ABSOLUTE (.))
 *(.eh_frame_hdr)
                0x0000000000028944                . = ALIGN (0x4)
                0x0000000000028944                PROVIDE (__preinit_array_start, ABSOLUTE (.))
 *(.preinit_array)
                0x0000000000028944                PROVIDE (__preinit_array_end, ABSOLUTE (.))
                0x0000000000028944                PROVIDE (__init_array_start, ABSOLUTE (.))
 *(.init_array)
                0x0000000000028944                PROVIDE (__init_array_end, ABSOLUTE (.))
                0x0000000000028944                PROVIDE (__fini_array_start, ABSOLUTE (.))
 *(.fini_array)
                0x0000000000028944                PROVIDE (__fini_array_end, ABSOLUTE (.))
 *(.eh_frame)
 *(.gcc_except_table .gcc_except_table.*)
 .gcc_except_table
                0x0000000000028944        0x6 obj/default/bt_task.o
 *fill*         0x000000000002894a        0x2 3a880100
 .gcc_except_table.__gxx_personality_sj0
                0x000000000002894c       0x10 c:/altera/15.0/nios2eds/bin/gnu/h-x86_64-mingw32/bin/../lib/gcc/nios2-elf/4.9.1/../../../../../H-x86_64-mingw32/nios2-elf/lib/mno-hw-mul\libstdc++.a(eh_personality.o)
 .gcc_except_table.__cxa_call_unexpected
                0x000000000002895c       0x10 c:/altera/15.0/nios2eds/bin/gnu/h-x86_64-mingw32/bin/../lib/gcc/nios2-elf/4.9.1/../../../../../H-x86_64-mingw32/nios2-elf/lib/mno-hw-mul\libstdc++.a(eh_personality.o)
 .gcc_except_table._ZN10__cxxabiv111__terminateEPFvvE
                0x000000000002896c       0x18 c:/altera/15.0/nios2eds/bin/gnu/h-x86_64-mingw32/bin/../lib/gcc/nios2-elf/4.9.1/../../../../../H-x86_64-mingw32/nios2-elf/lib/mno-hw-mul\libstdc++.a(eh_terminate.o)
 *(.dynamic)
                0x0000000000028984                PROVIDE (__CTOR_LIST__, ABSOLUTE (.))
 *(.ctors)
 *(SORT(.ctors.*))
                0x0000000000028984                PROVIDE (__CTOR_END__, ABSOLUTE (.))
                0x0000000000028984                PROVIDE (__DTOR_LIST__, ABSOLUTE (.))
 *(.dtors)
 *(SORT(.dtors.*))
                0x0000000000028984                PROVIDE (__DTOR_END__, ABSOLUTE (.))
 *(.jcr)
                0x0000000000028984                . = ALIGN (0x4)

.rodata         0x0000000008000000      0x348 load address 0x0000000000028984
                0x0000000008000000                PROVIDE (__ram_rodata_start, ABSOLUTE (.))
                0x0000000008000000                . = ALIGN (0x4)
 *(.rodata .rodata.* .gnu.linkonce.r.*)
 .rodata        0x0000000008000000       0x18 obj/default/BTUart.o
 .rodata._ZTV6BTUart
                0x0000000008000018       0x10 obj/default/BTUart.o
                0x0000000008000018                vtable for BTUart
 .rodata        0x0000000008000028       0x58 obj/default/bt_task.o
 .rodata        0x0000000008000080       0x50 obj/default/main.o
 .rodata._ZTSN10__cxxabiv117__class_type_infoE
                0x00000000080000d0       0x24 c:/altera/15.0/nios2eds/bin/gnu/h-x86_64-mingw32/bin/../lib/gcc/nios2-elf/4.9.1/../../../../../H-x86_64-mingw32/nios2-elf/lib/mno-hw-mul\libstdc++.a(class_type_info.o)
                0x00000000080000d0                typeinfo name for __cxxabiv1::__class_type_info
 .rodata._ZTIN10__cxxabiv117__class_type_infoE
                0x00000000080000f4        0xc c:/altera/15.0/nios2eds/bin/gnu/h-x86_64-mingw32/bin/../lib/gcc/nios2-elf/4.9.1/../../../../../H-x86_64-mingw32/nios2-elf/lib/mno-hw-mul\libstdc++.a(class_type_info.o)
                0x00000000080000f4                typeinfo for __cxxabiv1::__class_type_info
 .rodata._ZTVN10__cxxabiv117__class_type_infoE
                0x0000000008000100       0x2c c:/altera/15.0/nios2eds/bin/gnu/h-x86_64-mingw32/bin/../lib/gcc/nios2-elf/4.9.1/../../../../../H-x86_64-mingw32/nios2-elf/lib/mno-hw-mul\libstdc++.a(class_type_info.o)
                0x0000000008000100                vtable for __cxxabiv1::__class_type_info
 .rodata._ZTSN10__cxxabiv120__si_class_type_infoE
                0x000000000800012c       0x28 c:/altera/15.0/nios2eds/bin/gnu/h-x86_64-mingw32/bin/../lib/gcc/nios2-elf/4.9.1/../../../../../H-x86_64-mingw32/nios2-elf/lib/mno-hw-mul\libstdc++.a(si_class_type_info.o)
                0x000000000800012c                typeinfo name for __cxxabiv1::__si_class_type_info
 .rodata._ZTIN10__cxxabiv120__si_class_type_infoE
                0x0000000008000154        0xc c:/altera/15.0/nios2eds/bin/gnu/h-x86_64-mingw32/bin/../lib/gcc/nios2-elf/4.9.1/../../../../../H-x86_64-mingw32/nios2-elf/lib/mno-hw-mul\libstdc++.a(si_class_type_info.o)
                0x0000000008000154                typeinfo for __cxxabiv1::__si_class_type_info
 .rodata._ZTVN10__cxxabiv120__si_class_type_infoE
                0x0000000008000160       0x2c c:/altera/15.0/nios2eds/bin/gnu/h-x86_64-mingw32/bin/../lib/gcc/nios2-elf/4.9.1/../../../../../H-x86_64-mingw32/nios2-elf/lib/mno-hw-mul\libstdc++.a(si_class_type_info.o)
                0x0000000008000160                vtable for __cxxabiv1::__si_class_type_info
 .rodata._ZTSSt9type_info
                0x000000000800018c       0x10 c:/altera/15.0/nios2eds/bin/gnu/h-x86_64-mingw32/bin/../lib/gcc/nios2-elf/4.9.1/../../../../../H-x86_64-mingw32/nios2-elf/lib/mno-hw-mul\libstdc++.a(tinfo.o)
                0x000000000800018c                typeinfo name for std::type_info
 .rodata._ZTVSt9type_info
                0x000000000800019c       0x20 c:/altera/15.0/nios2eds/bin/gnu/h-x86_64-mingw32/bin/../lib/gcc/nios2-elf/4.9.1/../../../../../H-x86_64-mingw32/nios2-elf/lib/mno-hw-mul\libstdc++.a(tinfo.o)
                0x000000000800019c                vtable for std::type_info
 .rodata.str1.4
                0x00000000080001bc       0x23 c:/altera/15.0/nios2eds/bin/gnu/h-x86_64-mingw32/bin/../lib/gcc/nios2-elf/4.9.1/../../../../../H-x86_64-mingw32/nios2-elf/lib/mno-hw-mul\libstdc++.a(eh_exception.o)
                                         0x24 (size before relaxing)
 *fill*         0x00000000080001df        0x1 
 .rodata._ZTSSt9exception
                0x00000000080001e0       0x10 c:/altera/15.0/nios2eds/bin/gnu/h-x86_64-mingw32/bin/../lib/gcc/nios2-elf/4.9.1/../../../../../H-x86_64-mingw32/nios2-elf/lib/mno-hw-mul\libstdc++.a(eh_exception.o)
                0x00000000080001e0                typeinfo name for std::exception
 .rodata._ZTSSt13bad_exception
                0x00000000080001f0       0x14 c:/altera/15.0/nios2eds/bin/gnu/h-x86_64-mingw32/bin/../lib/gcc/nios2-elf/4.9.1/../../../../../H-x86_64-mingw32/nios2-elf/lib/mno-hw-mul\libstdc++.a(eh_exception.o)
                0x00000000080001f0                typeinfo name for std::bad_exception
 .rodata._ZTISt13bad_exception
                0x0000000008000204        0xc c:/altera/15.0/nios2eds/bin/gnu/h-x86_64-mingw32/bin/../lib/gcc/nios2-elf/4.9.1/../../../../../H-x86_64-mingw32/nios2-elf/lib/mno-hw-mul\libstdc++.a(eh_exception.o)
                0x0000000008000204                typeinfo for std::bad_exception
 .rodata._ZTSN10__cxxabiv115__forced_unwindE
                0x0000000008000210       0x20 c:/altera/15.0/nios2eds/bin/gnu/h-x86_64-mingw32/bin/../lib/gcc/nios2-elf/4.9.1/../../../../../H-x86_64-mingw32/nios2-elf/lib/mno-hw-mul\libstdc++.a(eh_exception.o)
                0x0000000008000210                typeinfo name for __cxxabiv1::__forced_unwind
 .rodata._ZTSN10__cxxabiv119__foreign_exceptionE
                0x0000000008000230       0x24 c:/altera/15.0/nios2eds/bin/gnu/h-x86_64-mingw32/bin/../lib/gcc/nios2-elf/4.9.1/../../../../../H-x86_64-mingw32/nios2-elf/lib/mno-hw-mul\libstdc++.a(eh_exception.o)
                0x0000000008000230                typeinfo name for __cxxabiv1::__foreign_exception
 .rodata._ZTVSt9exception
                0x0000000008000254       0x14 c:/altera/15.0/nios2eds/bin/gnu/h-x86_64-mingw32/bin/../lib/gcc/nios2-elf/4.9.1/../../../../../H-x86_64-mingw32/nios2-elf/lib/mno-hw-mul\libstdc++.a(eh_exception.o)
                0x0000000008000254                vtable for std::exception
 .rodata._ZTVSt13bad_exception
                0x0000000008000268       0x14 c:/altera/15.0/nios2eds/bin/gnu/h-x86_64-mingw32/bin/../lib/gcc/nios2-elf/4.9.1/../../../../../H-x86_64-mingw32/nios2-elf/lib/mno-hw-mul\libstdc++.a(eh_exception.o)
                0x0000000008000268                vtable for std::bad_exception
 .rodata._ZTVN10__cxxabiv115__forced_unwindE
                0x000000000800027c       0x14 c:/altera/15.0/nios2eds/bin/gnu/h-x86_64-mingw32/bin/../lib/gcc/nios2-elf/4.9.1/../../../../../H-x86_64-mingw32/nios2-elf/lib/mno-hw-mul\libstdc++.a(eh_exception.o)
                0x000000000800027c                vtable for __cxxabiv1::__forced_unwind
 .rodata._ZTVN10__cxxabiv119__foreign_exceptionE
                0x0000000008000290       0x14 c:/altera/15.0/nios2eds/bin/gnu/h-x86_64-mingw32/bin/../lib/gcc/nios2-elf/4.9.1/../../../../../H-x86_64-mingw32/nios2-elf/lib/mno-hw-mul\libstdc++.a(eh_exception.o)
                0x0000000008000290                vtable for __cxxabiv1::__foreign_exception
 .rodata.str1.4
                0x00000000080002a4       0x3b c:/altera/15.0/nios2eds/bin/gnu/h-x86_64-mingw32/bin/../lib/gcc/nios2-elf/4.9.1/../../../../../H-x86_64-mingw32/nios2-elf/lib/mno-hw-mul\libstdc++.a(pure.o)
                                         0x3c (size before relaxing)
 *fill*         0x00000000080002df        0x1 
 .rodata.str1.4
                0x00000000080002e0        0x2 c:/altera/15.0/nios2eds/bin/gnu/h-x86_64-mingw32/bin/../lib/gcc/nios2-elf/4.9.1/../../../../../H-x86_64-mingw32/nios2-elf/lib/mno-hw-mul\libc.a(lib_a-puts.o)
                                          0x4 (size before relaxing)
 *fill*         0x00000000080002e2        0x2 
 .rodata.str1.4
                0x00000000080002e4        0x4 c:/altera/15.0/nios2eds/bin/gnu/h-x86_64-mingw32/bin/../lib/gcc/nios2-elf/4.9.1/../../../../../H-x86_64-mingw32/nios2-elf/lib/mno-hw-mul\libc.a(lib_a-impure.o)
 .rodata        0x00000000080002e8        0xc D:/tag2/de1_software/nios/hc05_img_rcv/bt_task_bsp/\libhal_bsp.a(alt_dev.o)
 .rodata        0x00000000080002f4       0x14 D:/tag2/de1_software/nios/hc05_img_rcv/bt_task_bsp/\libhal_bsp.a(alt_main.o)
 .rodata        0x0000000008000308       0x40 D:/tag2/de1_software/nios/hc05_img_rcv/bt_task_bsp/\libhal_bsp.a(alt_sys_init.o)
 *(.rodata1)
                0x0000000008000348                . = ALIGN (0x4)
                0x0000000008000348                PROVIDE (__ram_rodata_end, ABSOLUTE (.))
                0x0000000000028984                PROVIDE (__flash_rodata_start, LOADADDR (.rodata))

.rwdata         0x0000000008000348     0x1afc load address 0x0000000000028ccc
                0x0000000008000348                PROVIDE (__ram_rwdata_start, ABSOLUTE (.))
                0x0000000008000348                . = ALIGN (0x4)
 *(.got.plt)
 *(.got)
 *(.data1)
 *(.data .data.* .gnu.linkonce.d.*)
 .data          0x0000000008000348        0x0 D:/tag2/de1_software/nios/hc05_img_rcv/bt_task_bsp//obj/HAL/src/crt0.o
 .data          0x0000000008000348        0x0 obj/default/BTUart.o
 .data          0x0000000008000348        0x0 obj/default/bt_task.o
 .data          0x0000000008000348        0x0 obj/default/main.o
 .data          0x0000000008000348        0x0 c:/altera/15.0/nios2eds/bin/gnu/h-x86_64-mingw32/bin/../lib/gcc/nios2-elf/4.9.1/../../../../../H-x86_64-mingw32/nios2-elf/lib/mno-hw-mul\libstdc++.a(eh_personality.o)
 .data          0x0000000008000348        0x0 c:/altera/15.0/nios2eds/bin/gnu/h-x86_64-mingw32/bin/../lib/gcc/nios2-elf/4.9.1/../../../../../H-x86_64-mingw32/nios2-elf/lib/mno-hw-mul\libstdc++.a(eh_globals.o)
 .data          0x0000000008000348        0x0 c:/altera/15.0/nios2eds/bin/gnu/h-x86_64-mingw32/bin/../lib/gcc/nios2-elf/4.9.1/../../../../../H-x86_64-mingw32/nios2-elf/lib/mno-hw-mul\libstdc++.a(class_type_info.o)
 .data          0x0000000008000348        0x0 c:/altera/15.0/nios2eds/bin/gnu/h-x86_64-mingw32/bin/../lib/gcc/nios2-elf/4.9.1/../../../../../H-x86_64-mingw32/nios2-elf/lib/mno-hw-mul\libstdc++.a(del_op.o)
 .data          0x0000000008000348        0x0 c:/altera/15.0/nios2eds/bin/gnu/h-x86_64-mingw32/bin/../lib/gcc/nios2-elf/4.9.1/../../../../../H-x86_64-mingw32/nios2-elf/lib/mno-hw-mul\libstdc++.a(eh_terminate.o)
 .data          0x0000000008000348        0x0 c:/altera/15.0/nios2eds/bin/gnu/h-x86_64-mingw32/bin/../lib/gcc/nios2-elf/4.9.1/../../../../../H-x86_64-mingw32/nios2-elf/lib/mno-hw-mul\libstdc++.a(si_class_type_info.o)
 .data          0x0000000008000348        0x0 c:/altera/15.0/nios2eds/bin/gnu/h-x86_64-mingw32/bin/../lib/gcc/nios2-elf/4.9.1/../../../../../H-x86_64-mingw32/nios2-elf/lib/mno-hw-mul\libstdc++.a(eh_catch.o)
 .data          0x0000000008000348        0x0 c:/altera/15.0/nios2eds/bin/gnu/h-x86_64-mingw32/bin/../lib/gcc/nios2-elf/4.9.1/../../../../../H-x86_64-mingw32/nios2-elf/lib/mno-hw-mul\libstdc++.a(eh_call.o)
 .data          0x0000000008000348        0x0 c:/altera/15.0/nios2eds/bin/gnu/h-x86_64-mingw32/bin/../lib/gcc/nios2-elf/4.9.1/../../../../../H-x86_64-mingw32/nios2-elf/lib/mno-hw-mul\libstdc++.a(eh_term_handler.o)
 .data          0x0000000008000348        0x0 c:/altera/15.0/nios2eds/bin/gnu/h-x86_64-mingw32/bin/../lib/gcc/nios2-elf/4.9.1/../../../../../H-x86_64-mingw32/nios2-elf/lib/mno-hw-mul\libstdc++.a(eh_throw.o)
 .data          0x0000000008000348        0x0 c:/altera/15.0/nios2eds/bin/gnu/h-x86_64-mingw32/bin/../lib/gcc/nios2-elf/4.9.1/../../../../../H-x86_64-mingw32/nios2-elf/lib/mno-hw-mul\libstdc++.a(tinfo.o)
 .data          0x0000000008000348        0x0 c:/altera/15.0/nios2eds/bin/gnu/h-x86_64-mingw32/bin/../lib/gcc/nios2-elf/4.9.1/../../../../../H-x86_64-mingw32/nios2-elf/lib/mno-hw-mul\libstdc++.a(eh_alloc.o)
 .data          0x0000000008000348        0x0 c:/altera/15.0/nios2eds/bin/gnu/h-x86_64-mingw32/bin/../lib/gcc/nios2-elf/4.9.1/../../../../../H-x86_64-mingw32/nios2-elf/lib/mno-hw-mul\libstdc++.a(eh_exception.o)
 .data          0x0000000008000348        0x0 c:/altera/15.0/nios2eds/bin/gnu/h-x86_64-mingw32/bin/../lib/gcc/nios2-elf/4.9.1/../../../../../H-x86_64-mingw32/nios2-elf/lib/mno-hw-mul\libstdc++.a(eh_unex_handler.o)
 .data          0x0000000008000348        0x0 c:/altera/15.0/nios2eds/bin/gnu/h-x86_64-mingw32/bin/../lib/gcc/nios2-elf/4.9.1/../../../../../H-x86_64-mingw32/nios2-elf/lib/mno-hw-mul\libstdc++.a(pure.o)
 .data          0x0000000008000348        0x0 c:/altera/15.0/nios2eds/bin/gnu/h-x86_64-mingw32/bin/../lib/gcc/nios2-elf/4.9.1/mno-hw-mul\libgcc.a(lib2-mul.o)
 .data          0x0000000008000348        0x0 c:/altera/15.0/nios2eds/bin/gnu/h-x86_64-mingw32/bin/../lib/gcc/nios2-elf/4.9.1/mno-hw-mul\libgcc.a(unwind-sjlj.o)
 .data          0x0000000008000348        0x0 c:/altera/15.0/nios2eds/bin/gnu/h-x86_64-mingw32/bin/../lib/gcc/nios2-elf/4.9.1/../../../../../H-x86_64-mingw32/nios2-elf/lib/mno-hw-mul\libc.a(lib_a-abort.o)
 .data          0x0000000008000348        0x0 c:/altera/15.0/nios2eds/bin/gnu/h-x86_64-mingw32/bin/../lib/gcc/nios2-elf/4.9.1/../../../../../H-x86_64-mingw32/nios2-elf/lib/mno-hw-mul\libc.a(lib_a-malloc.o)
 .data          0x0000000008000348      0x408 c:/altera/15.0/nios2eds/bin/gnu/h-x86_64-mingw32/bin/../lib/gcc/nios2-elf/4.9.1/../../../../../H-x86_64-mingw32/nios2-elf/lib/mno-hw-mul\libc.a(lib_a-mallocr.o)
                0x0000000008000348                __malloc_av_
 .data          0x0000000008000750        0x0 c:/altera/15.0/nios2eds/bin/gnu/h-x86_64-mingw32/bin/../lib/gcc/nios2-elf/4.9.1/../../../../../H-x86_64-mingw32/nios2-elf/lib/mno-hw-mul\libc.a(lib_a-memset.o)
 .data          0x0000000008000750        0x0 c:/altera/15.0/nios2eds/bin/gnu/h-x86_64-mingw32/bin/../lib/gcc/nios2-elf/4.9.1/../../../../../H-x86_64-mingw32/nios2-elf/lib/mno-hw-mul\libc.a(lib_a-putchar.o)
 .data          0x0000000008000750        0x0 c:/altera/15.0/nios2eds/bin/gnu/h-x86_64-mingw32/bin/../lib/gcc/nios2-elf/4.9.1/../../../../../H-x86_64-mingw32/nios2-elf/lib/mno-hw-mul\libc.a(lib_a-puts.o)
 .data          0x0000000008000750        0x0 c:/altera/15.0/nios2eds/bin/gnu/h-x86_64-mingw32/bin/../lib/gcc/nios2-elf/4.9.1/../../../../../H-x86_64-mingw32/nios2-elf/lib/mno-hw-mul\libc.a(lib_a-sbrkr.o)
 .data          0x0000000008000750        0x0 c:/altera/15.0/nios2eds/bin/gnu/h-x86_64-mingw32/bin/../lib/gcc/nios2-elf/4.9.1/../../../../../H-x86_64-mingw32/nios2-elf/lib/mno-hw-mul\libc.a(lib_a-signal.o)
 .data          0x0000000008000750        0x0 c:/altera/15.0/nios2eds/bin/gnu/h-x86_64-mingw32/bin/../lib/gcc/nios2-elf/4.9.1/../../../../../H-x86_64-mingw32/nios2-elf/lib/mno-hw-mul\libc.a(lib_a-signalr.o)
 .data          0x0000000008000750        0x0 c:/altera/15.0/nios2eds/bin/gnu/h-x86_64-mingw32/bin/../lib/gcc/nios2-elf/4.9.1/../../../../../H-x86_64-mingw32/nios2-elf/lib/mno-hw-mul\libc.a(lib_a-strcmp.o)
 .data          0x0000000008000750        0x0 c:/altera/15.0/nios2eds/bin/gnu/h-x86_64-mingw32/bin/../lib/gcc/nios2-elf/4.9.1/../../../../../H-x86_64-mingw32/nios2-elf/lib/mno-hw-mul\libc.a(lib_a-strlen.o)
 .data          0x0000000008000750        0x0 c:/altera/15.0/nios2eds/bin/gnu/h-x86_64-mingw32/bin/../lib/gcc/nios2-elf/4.9.1/../../../../../H-x86_64-mingw32/nios2-elf/lib/mno-hw-mul\libc.a(lib_a-freer.o)
 .data          0x0000000008000750        0x0 c:/altera/15.0/nios2eds/bin/gnu/h-x86_64-mingw32/bin/../lib/gcc/nios2-elf/4.9.1/../../../../../H-x86_64-mingw32/nios2-elf/lib/mno-hw-mul\libc.a(lib_a-fvwrite.o)
 .data          0x0000000008000750      0x424 c:/altera/15.0/nios2eds/bin/gnu/h-x86_64-mingw32/bin/../lib/gcc/nios2-elf/4.9.1/../../../../../H-x86_64-mingw32/nios2-elf/lib/mno-hw-mul\libc.a(lib_a-impure.o)
 .data          0x0000000008000b74        0x0 c:/altera/15.0/nios2eds/bin/gnu/h-x86_64-mingw32/bin/../lib/gcc/nios2-elf/4.9.1/../../../../../H-x86_64-mingw32/nios2-elf/lib/mno-hw-mul\libc.a(lib_a-int_errno.o)
 .data          0x0000000008000b74        0x0 c:/altera/15.0/nios2eds/bin/gnu/h-x86_64-mingw32/bin/../lib/gcc/nios2-elf/4.9.1/../../../../../H-x86_64-mingw32/nios2-elf/lib/mno-hw-mul\libc.a(lib_a-memchr.o)
 .data          0x0000000008000b74        0x0 c:/altera/15.0/nios2eds/bin/gnu/h-x86_64-mingw32/bin/../lib/gcc/nios2-elf/4.9.1/../../../../../H-x86_64-mingw32/nios2-elf/lib/mno-hw-mul\libc.a(lib_a-memcpy.o)
 .data          0x0000000008000b74        0x0 c:/altera/15.0/nios2eds/bin/gnu/h-x86_64-mingw32/bin/../lib/gcc/nios2-elf/4.9.1/../../../../../H-x86_64-mingw32/nios2-elf/lib/mno-hw-mul\libc.a(lib_a-memmove.o)
 .data          0x0000000008000b74        0x0 c:/altera/15.0/nios2eds/bin/gnu/h-x86_64-mingw32/bin/../lib/gcc/nios2-elf/4.9.1/../../../../../H-x86_64-mingw32/nios2-elf/lib/mno-hw-mul\libc.a(lib_a-putc.o)
 .data          0x0000000008000b74        0x0 c:/altera/15.0/nios2eds/bin/gnu/h-x86_64-mingw32/bin/../lib/gcc/nios2-elf/4.9.1/../../../../../H-x86_64-mingw32/nios2-elf/lib/mno-hw-mul\libc.a(lib_a-reallocr.o)
 .data          0x0000000008000b74        0x0 c:/altera/15.0/nios2eds/bin/gnu/h-x86_64-mingw32/bin/../lib/gcc/nios2-elf/4.9.1/../../../../../H-x86_64-mingw32/nios2-elf/lib/mno-hw-mul\libc.a(lib_a-wbuf.o)
 .data          0x0000000008000b74        0x0 c:/altera/15.0/nios2eds/bin/gnu/h-x86_64-mingw32/bin/../lib/gcc/nios2-elf/4.9.1/../../../../../H-x86_64-mingw32/nios2-elf/lib/mno-hw-mul\libc.a(lib_a-wsetup.o)
 .data          0x0000000008000b74        0x0 c:/altera/15.0/nios2eds/bin/gnu/h-x86_64-mingw32/bin/../lib/gcc/nios2-elf/4.9.1/../../../../../H-x86_64-mingw32/nios2-elf/lib/mno-hw-mul\libc.a(lib_a-fflush.o)
 .data          0x0000000008000b74        0x0 c:/altera/15.0/nios2eds/bin/gnu/h-x86_64-mingw32/bin/../lib/gcc/nios2-elf/4.9.1/../../../../../H-x86_64-mingw32/nios2-elf/lib/mno-hw-mul\libc.a(lib_a-findfp.o)
 .data          0x0000000008000b74        0x0 c:/altera/15.0/nios2eds/bin/gnu/h-x86_64-mingw32/bin/../lib/gcc/nios2-elf/4.9.1/../../../../../H-x86_64-mingw32/nios2-elf/lib/mno-hw-mul\libc.a(lib_a-fwalk.o)
 .data          0x0000000008000b74        0x0 c:/altera/15.0/nios2eds/bin/gnu/h-x86_64-mingw32/bin/../lib/gcc/nios2-elf/4.9.1/../../../../../H-x86_64-mingw32/nios2-elf/lib/mno-hw-mul\libc.a(lib_a-makebuf.o)
 .data          0x0000000008000b74        0x0 c:/altera/15.0/nios2eds/bin/gnu/h-x86_64-mingw32/bin/../lib/gcc/nios2-elf/4.9.1/../../../../../H-x86_64-mingw32/nios2-elf/lib/mno-hw-mul\libc.a(lib_a-stdio.o)
 .data          0x0000000008000b74        0x0 c:/altera/15.0/nios2eds/bin/gnu/h-x86_64-mingw32/bin/../lib/gcc/nios2-elf/4.9.1/../../../../../H-x86_64-mingw32/nios2-elf/lib/mno-hw-mul\libc.a(lib_a-writer.o)
 .data          0x0000000008000b74        0x0 c:/altera/15.0/nios2eds/bin/gnu/h-x86_64-mingw32/bin/../lib/gcc/nios2-elf/4.9.1/../../../../../H-x86_64-mingw32/nios2-elf/lib/mno-hw-mul\libc.a(closer.o)
 .data          0x0000000008000b74        0x0 c:/altera/15.0/nios2eds/bin/gnu/h-x86_64-mingw32/bin/../lib/gcc/nios2-elf/4.9.1/../../../../../H-x86_64-mingw32/nios2-elf/lib/mno-hw-mul\libc.a(lib_a-fclose.o)
 .data          0x0000000008000b74        0x0 c:/altera/15.0/nios2eds/bin/gnu/h-x86_64-mingw32/bin/../lib/gcc/nios2-elf/4.9.1/../../../../../H-x86_64-mingw32/nios2-elf/lib/mno-hw-mul\libc.a(lib_a-fstatr.o)
 .data          0x0000000008000b74        0x0 c:/altera/15.0/nios2eds/bin/gnu/h-x86_64-mingw32/bin/../lib/gcc/nios2-elf/4.9.1/../../../../../H-x86_64-mingw32/nios2-elf/lib/mno-hw-mul\libc.a(lib_a-isattyr.o)
 .data          0x0000000008000b74        0x0 c:/altera/15.0/nios2eds/bin/gnu/h-x86_64-mingw32/bin/../lib/gcc/nios2-elf/4.9.1/../../../../../H-x86_64-mingw32/nios2-elf/lib/mno-hw-mul\libc.a(lib_a-lseekr.o)
 .data          0x0000000008000b74        0x0 c:/altera/15.0/nios2eds/bin/gnu/h-x86_64-mingw32/bin/../lib/gcc/nios2-elf/4.9.1/../../../../../H-x86_64-mingw32/nios2-elf/lib/mno-hw-mul\libc.a(lib_a-readr.o)
 .data          0x0000000008000b74        0x0 D:/tag2/de1_software/nios/hc05_img_rcv/bt_task_bsp/\libhal_bsp.a(alt_close.o)
 .data          0x0000000008000b74      0x1a8 D:/tag2/de1_software/nios/hc05_img_rcv/bt_task_bsp/\libhal_bsp.a(alt_dev.o)
                0x0000000008000b74                alt_dev_null
                0x0000000008000b9c                alt_fd_list
 .data          0x0000000008000d1c        0x0 D:/tag2/de1_software/nios/hc05_img_rcv/bt_task_bsp/\libhal_bsp.a(alt_errno.o)
 .data          0x0000000008000d1c        0x0 D:/tag2/de1_software/nios/hc05_img_rcv/bt_task_bsp/\libhal_bsp.a(alt_exit.o)
 .data          0x0000000008000d1c        0x0 D:/tag2/de1_software/nios/hc05_img_rcv/bt_task_bsp/\libhal_bsp.a(alt_fstat.o)
 .data          0x0000000008000d1c        0x0 D:/tag2/de1_software/nios/hc05_img_rcv/bt_task_bsp/\libhal_bsp.a(alt_getpid.o)
 .data          0x0000000008000d1c        0x0 D:/tag2/de1_software/nios/hc05_img_rcv/bt_task_bsp/\libhal_bsp.a(alt_isatty.o)
 .data          0x0000000008000d1c        0x0 D:/tag2/de1_software/nios/hc05_img_rcv/bt_task_bsp/\libhal_bsp.a(alt_kill.o)
 .data          0x0000000008000d1c        0x0 D:/tag2/de1_software/nios/hc05_img_rcv/bt_task_bsp/\libhal_bsp.a(alt_load.o)
 .data          0x0000000008000d1c        0x0 D:/tag2/de1_software/nios/hc05_img_rcv/bt_task_bsp/\libhal_bsp.a(alt_lseek.o)
 .data          0x0000000008000d1c        0x0 D:/tag2/de1_software/nios/hc05_img_rcv/bt_task_bsp/\libhal_bsp.a(alt_main.o)
 .data          0x0000000008000d1c        0x0 D:/tag2/de1_software/nios/hc05_img_rcv/bt_task_bsp/\libhal_bsp.a(alt_malloc_lock.o)
 .data          0x0000000008000d1c        0x0 D:/tag2/de1_software/nios/hc05_img_rcv/bt_task_bsp/\libhal_bsp.a(alt_printf.o)
 .data          0x0000000008000d1c        0x0 D:/tag2/de1_software/nios/hc05_img_rcv/bt_task_bsp/\libhal_bsp.a(alt_putchar.o)
 .data          0x0000000008000d1c        0x0 D:/tag2/de1_software/nios/hc05_img_rcv/bt_task_bsp/\libhal_bsp.a(alt_read.o)
 .data          0x0000000008000d1c        0x0 D:/tag2/de1_software/nios/hc05_img_rcv/bt_task_bsp/\libhal_bsp.a(alt_release_fd.o)
 .data          0x0000000008000d1c        0x0 D:/tag2/de1_software/nios/hc05_img_rcv/bt_task_bsp/\libhal_bsp.a(alt_sbrk.o)
 .data          0x0000000008000d1c        0x0 D:/tag2/de1_software/nios/hc05_img_rcv/bt_task_bsp/\libhal_bsp.a(alt_write.o)
 .data          0x0000000008000d1c     0x10b8 D:/tag2/de1_software/nios/hc05_img_rcv/bt_task_bsp/\libhal_bsp.a(alt_sys_init.o)
 .data          0x0000000008001dd4        0x0 D:/tag2/de1_software/nios/hc05_img_rcv/bt_task_bsp/\libhal_bsp.a(altera_avalon_jtag_uart_fd.o)
 .data          0x0000000008001dd4        0x0 D:/tag2/de1_software/nios/hc05_img_rcv/bt_task_bsp/\libhal_bsp.a(altera_avalon_jtag_uart_init.o)
 .data          0x0000000008001dd4        0x0 D:/tag2/de1_software/nios/hc05_img_rcv/bt_task_bsp/\libhal_bsp.a(altera_avalon_jtag_uart_ioctl.o)
 .data          0x0000000008001dd4        0x0 D:/tag2/de1_software/nios/hc05_img_rcv/bt_task_bsp/\libhal_bsp.a(altera_avalon_jtag_uart_read.o)
 .data          0x0000000008001dd4        0x0 D:/tag2/de1_software/nios/hc05_img_rcv/bt_task_bsp/\libhal_bsp.a(altera_avalon_jtag_uart_write.o)
 .data          0x0000000008001dd4        0x0 D:/tag2/de1_software/nios/hc05_img_rcv/bt_task_bsp/\libhal_bsp.a(altera_up_avalon_rs232.o)
 .data          0x0000000008001dd4        0x0 D:/tag2/de1_software/nios/hc05_img_rcv/bt_task_bsp/\libhal_bsp.a(alt_alarm_start.o)
 .data          0x0000000008001dd4        0x0 D:/tag2/de1_software/nios/hc05_img_rcv/bt_task_bsp/\libhal_bsp.a(alt_dcache_flush_all.o)
 .data          0x0000000008001dd4        0x0 D:/tag2/de1_software/nios/hc05_img_rcv/bt_task_bsp/\libhal_bsp.a(alt_dev_llist_insert.o)
 .data          0x0000000008001dd4        0x0 D:/tag2/de1_software/nios/hc05_img_rcv/bt_task_bsp/\libhal_bsp.a(alt_do_ctors.o)
 .data          0x0000000008001dd4        0x0 D:/tag2/de1_software/nios/hc05_img_rcv/bt_task_bsp/\libhal_bsp.a(alt_do_dtors.o)
 .data          0x0000000008001dd4        0x0 D:/tag2/de1_software/nios/hc05_img_rcv/bt_task_bsp/\libhal_bsp.a(alt_find_dev.o)
 .data          0x0000000008001dd4        0x0 D:/tag2/de1_software/nios/hc05_img_rcv/bt_task_bsp/\libhal_bsp.a(alt_icache_flush_all.o)
 .data          0x0000000008001dd4        0x0 D:/tag2/de1_software/nios/hc05_img_rcv/bt_task_bsp/\libhal_bsp.a(alt_io_redirect.o)
 .data          0x0000000008001dd4        0x0 D:/tag2/de1_software/nios/hc05_img_rcv/bt_task_bsp/\libhal_bsp.a(alt_irq_register.o)
 .data          0x0000000008001dd4        0x0 D:/tag2/de1_software/nios/hc05_img_rcv/bt_task_bsp/\libhal_bsp.a(alt_irq_vars.o)
 .data          0x0000000008001dd4        0x0 D:/tag2/de1_software/nios/hc05_img_rcv/bt_task_bsp/\libhal_bsp.a(alt_open.o)
 .data          0x0000000008001dd4        0x0 D:/tag2/de1_software/nios/hc05_img_rcv/bt_task_bsp/\libhal_bsp.a(alt_tick.o)
 .data          0x0000000008001dd4        0x0 D:/tag2/de1_software/nios/hc05_img_rcv/bt_task_bsp/\libhal_bsp.a(altera_nios2_gen2_irq.o)
 .data          0x0000000008001dd4        0x0 D:/tag2/de1_software/nios/hc05_img_rcv/bt_task_bsp/\libhal_bsp.a(alt_find_file.o)
 .data          0x0000000008001dd4        0x0 D:/tag2/de1_software/nios/hc05_img_rcv/bt_task_bsp/\libhal_bsp.a(alt_get_fd.o)
 .data          0x0000000008001dd4        0x0 D:/tag2/de1_software/nios/hc05_img_rcv/bt_task_bsp/\libhal_bsp.a(alt_irq_entry.o)
 .data          0x0000000008001dd4        0x0 D:/tag2/de1_software/nios/hc05_img_rcv/bt_task_bsp/\libhal_bsp.a(alt_irq_handler.o)
 .data          0x0000000008001dd4        0x0 D:/tag2/de1_software/nios/hc05_img_rcv/bt_task_bsp/\libhal_bsp.a(alt_exception_entry.o)
 .data          0x0000000008001dd4        0x0 D:/tag2/de1_software/nios/hc05_img_rcv/bt_task_bsp/\libhal_bsp.a(alt_instruction_exception_entry.o)
 .data          0x0000000008001dd4        0x0 c:/altera/15.0/nios2eds/bin/gnu/h-x86_64-mingw32/bin/../lib/gcc/nios2-elf/4.9.1/../../../../../H-x86_64-mingw32/nios2-elf/lib/mno-hw-mul\libc.a(lib_a-atexit.o)
 .data          0x0000000008001dd4        0x0 c:/altera/15.0/nios2eds/bin/gnu/h-x86_64-mingw32/bin/../lib/gcc/nios2-elf/4.9.1/../../../../../H-x86_64-mingw32/nios2-elf/lib/mno-hw-mul\libc.a(lib_a-exit.o)
 .data          0x0000000008001dd4        0x0 c:/altera/15.0/nios2eds/bin/gnu/h-x86_64-mingw32/bin/../lib/gcc/nios2-elf/4.9.1/../../../../../H-x86_64-mingw32/nios2-elf/lib/mno-hw-mul\libc.a(lib_a-memcmp.o)
 .data          0x0000000008001dd4        0x0 c:/altera/15.0/nios2eds/bin/gnu/h-x86_64-mingw32/bin/../lib/gcc/nios2-elf/4.9.1/../../../../../H-x86_64-mingw32/nios2-elf/lib/mno-hw-mul\libc.a(lib_a-__atexit.o)
 .data          0x0000000008001dd4        0x0 c:/altera/15.0/nios2eds/bin/gnu/h-x86_64-mingw32/bin/../lib/gcc/nios2-elf/4.9.1/../../../../../H-x86_64-mingw32/nios2-elf/lib/mno-hw-mul\libc.a(lib_a-__call_atexit.o)
                0x0000000008009dd4                _gp = ABSOLUTE ((. + 0x8000))
                0x0000000008009dd4                PROVIDE (gp, _gp)
 *(.rwdata .rwdata.*)
 *(.sdata .sdata.* .gnu.linkonce.s.*)
 .sdata._ZTI6BTUart
                0x0000000008001dd4        0x8 obj/default/BTUart.o
                0x0000000008001dd4                typeinfo for BTUart
 .sdata._ZTS6BTUart
                0x0000000008001ddc        0x8 obj/default/BTUart.o
                0x0000000008001ddc                typeinfo name for BTUart
 .sdata._ZN10__cxxabiv119__terminate_handlerE
                0x0000000008001de4        0x4 c:/altera/15.0/nios2eds/bin/gnu/h-x86_64-mingw32/bin/../lib/gcc/nios2-elf/4.9.1/../../../../../H-x86_64-mingw32/nios2-elf/lib/mno-hw-mul\libstdc++.a(eh_term_handler.o)
                0x0000000008001de4                __cxxabiv1::__terminate_handler
 .sdata._ZTISt9type_info
                0x0000000008001de8        0x8 c:/altera/15.0/nios2eds/bin/gnu/h-x86_64-mingw32/bin/../lib/gcc/nios2-elf/4.9.1/../../../../../H-x86_64-mingw32/nios2-elf/lib/mno-hw-mul\libstdc++.a(tinfo.o)
                0x0000000008001de8                typeinfo for std::type_info
 .sdata._ZTISt9exception
                0x0000000008001df0        0x8 c:/altera/15.0/nios2eds/bin/gnu/h-x86_64-mingw32/bin/../lib/gcc/nios2-elf/4.9.1/../../../../../H-x86_64-mingw32/nios2-elf/lib/mno-hw-mul\libstdc++.a(eh_exception.o)
                0x0000000008001df0                typeinfo for std::exception
 .sdata._ZTIN10__cxxabiv115__forced_unwindE
                0x0000000008001df8        0x8 c:/altera/15.0/nios2eds/bin/gnu/h-x86_64-mingw32/bin/../lib/gcc/nios2-elf/4.9.1/../../../../../H-x86_64-mingw32/nios2-elf/lib/mno-hw-mul\libstdc++.a(eh_exception.o)
                0x0000000008001df8                typeinfo for __cxxabiv1::__forced_unwind
 .sdata._ZTIN10__cxxabiv119__foreign_exceptionE
                0x0000000008001e00        0x8 c:/altera/15.0/nios2eds/bin/gnu/h-x86_64-mingw32/bin/../lib/gcc/nios2-elf/4.9.1/../../../../../H-x86_64-mingw32/nios2-elf/lib/mno-hw-mul\libstdc++.a(eh_exception.o)
                0x0000000008001e00                typeinfo for __cxxabiv1::__foreign_exception
 .sdata._ZN10__cxxabiv120__unexpected_handlerE
                0x0000000008001e08        0x4 c:/altera/15.0/nios2eds/bin/gnu/h-x86_64-mingw32/bin/../lib/gcc/nios2-elf/4.9.1/../../../../../H-x86_64-mingw32/nios2-elf/lib/mno-hw-mul\libstdc++.a(eh_unex_handler.o)
                0x0000000008001e08                __cxxabiv1::__unexpected_handler
 .sdata         0x0000000008001e0c        0x8 c:/altera/15.0/nios2eds/bin/gnu/h-x86_64-mingw32/bin/../lib/gcc/nios2-elf/4.9.1/../../../../../H-x86_64-mingw32/nios2-elf/lib/mno-hw-mul\libc.a(lib_a-mallocr.o)
                0x0000000008001e0c                __malloc_sbrk_base
                0x0000000008001e10                __malloc_trim_threshold
 .sdata         0x0000000008001e14        0x8 c:/altera/15.0/nios2eds/bin/gnu/h-x86_64-mingw32/bin/../lib/gcc/nios2-elf/4.9.1/../../../../../H-x86_64-mingw32/nios2-elf/lib/mno-hw-mul\libc.a(lib_a-impure.o)
                0x0000000008001e14                _global_impure_ptr
                0x0000000008001e18                _impure_ptr
 .sdata         0x0000000008001e1c       0x14 D:/tag2/de1_software/nios/hc05_img_rcv/bt_task_bsp/\libhal_bsp.a(alt_dev.o)
                0x0000000008001e1c                alt_fs_list
                0x0000000008001e24                alt_dev_list
                0x0000000008001e2c                alt_max_fd
 .sdata         0x0000000008001e30        0x4 D:/tag2/de1_software/nios/hc05_img_rcv/bt_task_bsp/\libhal_bsp.a(alt_errno.o)
                0x0000000008001e30                alt_errno
 .sdata         0x0000000008001e34        0x4 D:/tag2/de1_software/nios/hc05_img_rcv/bt_task_bsp/\libhal_bsp.a(alt_sbrk.o)
 .sdata         0x0000000008001e38        0x4 D:/tag2/de1_software/nios/hc05_img_rcv/bt_task_bsp/\libhal_bsp.a(alt_irq_vars.o)
                0x0000000008001e38                alt_priority_mask
 .sdata         0x0000000008001e3c        0x8 D:/tag2/de1_software/nios/hc05_img_rcv/bt_task_bsp/\libhal_bsp.a(alt_tick.o)
                0x0000000008001e3c                alt_alarm_list
 *(.sdata2 .sdata2.* .gnu.linkonce.s2.*)
                0x0000000008001e44                . = ALIGN (0x4)
                0x0000000008001e44                _edata = ABSOLUTE (.)
                0x0000000008001e44                PROVIDE (edata, ABSOLUTE (.))
                0x0000000008001e44                PROVIDE (__ram_rwdata_end, ABSOLUTE (.))
                0x0000000000028ccc                PROVIDE (__flash_rwdata_start, LOADADDR (.rwdata))

.bss            0x0000000008001e44      0xa68 load address 0x000000000002a7c8
                0x0000000008001e44                __bss_start = ABSOLUTE (.)
                0x0000000008001e44                PROVIDE (__sbss_start, ABSOLUTE (.))
                0x0000000008001e44                PROVIDE (___sbss_start, ABSOLUTE (.))
 *(.dynsbss)
 *(.sbss .sbss.* .gnu.linkonce.sb.*)
 .sbss._ZL10eh_globals
                0x0000000008001e44        0x8 c:/altera/15.0/nios2eds/bin/gnu/h-x86_64-mingw32/bin/../lib/gcc/nios2-elf/4.9.1/../../../../../H-x86_64-mingw32/nios2-elf/lib/mno-hw-mul\libstdc++.a(eh_globals.o)
 .sbss._ZL15dependents_used
                0x0000000008001e4c        0x4 c:/altera/15.0/nios2eds/bin/gnu/h-x86_64-mingw32/bin/../lib/gcc/nios2-elf/4.9.1/../../../../../H-x86_64-mingw32/nios2-elf/lib/mno-hw-mul\libstdc++.a(eh_alloc.o)
 .sbss._ZL14emergency_used
                0x0000000008001e50        0x4 c:/altera/15.0/nios2eds/bin/gnu/h-x86_64-mingw32/bin/../lib/gcc/nios2-elf/4.9.1/../../../../../H-x86_64-mingw32/nios2-elf/lib/mno-hw-mul\libstdc++.a(eh_alloc.o)
 .sbss          0x0000000008001e54        0x4 c:/altera/15.0/nios2eds/bin/gnu/h-x86_64-mingw32/bin/../lib/gcc/nios2-elf/4.9.1/mno-hw-mul\libgcc.a(unwind-sjlj.o)
 .sbss          0x0000000008001e58        0xc c:/altera/15.0/nios2eds/bin/gnu/h-x86_64-mingw32/bin/../lib/gcc/nios2-elf/4.9.1/../../../../../H-x86_64-mingw32/nios2-elf/lib/mno-hw-mul\libc.a(lib_a-mallocr.o)
                0x0000000008001e58                __malloc_max_total_mem
                0x0000000008001e5c                __malloc_max_sbrked_mem
                0x0000000008001e60                __malloc_top_pad
 .sbss          0x0000000008001e64        0x4 c:/altera/15.0/nios2eds/bin/gnu/h-x86_64-mingw32/bin/../lib/gcc/nios2-elf/4.9.1/../../../../../H-x86_64-mingw32/nios2-elf/lib/mno-hw-mul\libc.a(lib_a-int_errno.o)
                0x0000000008001e64                errno
 .sbss          0x0000000008001e68        0xc D:/tag2/de1_software/nios/hc05_img_rcv/bt_task_bsp/\libhal_bsp.a(alt_main.o)
                0x0000000008001e68                alt_argc
                0x0000000008001e6c                alt_argv
                0x0000000008001e70                alt_envp
 .sbss          0x0000000008001e74        0x4 D:/tag2/de1_software/nios/hc05_img_rcv/bt_task_bsp/\libhal_bsp.a(alt_irq_vars.o)
                0x0000000008001e74                alt_irq_active
 .sbss          0x0000000008001e78        0x8 D:/tag2/de1_software/nios/hc05_img_rcv/bt_task_bsp/\libhal_bsp.a(alt_tick.o)
                0x0000000008001e78                _alt_tick_rate
                0x0000000008001e7c                _alt_nticks
 .sbss          0x0000000008001e80        0x4 D:/tag2/de1_software/nios/hc05_img_rcv/bt_task_bsp/\libhal_bsp.a(alt_instruction_exception_entry.o)
                0x0000000008001e80                alt_instruction_exception_handler
 *(.sbss2 .sbss2.* .gnu.linkonce.sb2.*)
 *(.scommon)
                0x0000000008001e84                PROVIDE (__sbss_end, ABSOLUTE (.))
                0x0000000008001e84                PROVIDE (___sbss_end, ABSOLUTE (.))
 *(.dynbss)
 *(.bss .bss.* .gnu.linkonce.b.*)
 .bss           0x0000000008001e84        0x0 D:/tag2/de1_software/nios/hc05_img_rcv/bt_task_bsp//obj/HAL/src/crt0.o
 .bss           0x0000000008001e84        0x0 obj/default/BTUart.o
 .bss           0x0000000008001e84        0x0 obj/default/bt_task.o
 .bss           0x0000000008001e84        0x0 obj/default/main.o
 .bss           0x0000000008001e84        0x0 c:/altera/15.0/nios2eds/bin/gnu/h-x86_64-mingw32/bin/../lib/gcc/nios2-elf/4.9.1/../../../../../H-x86_64-mingw32/nios2-elf/lib/mno-hw-mul\libstdc++.a(eh_personality.o)
 .bss           0x0000000008001e84        0x0 c:/altera/15.0/nios2eds/bin/gnu/h-x86_64-mingw32/bin/../lib/gcc/nios2-elf/4.9.1/../../../../../H-x86_64-mingw32/nios2-elf/lib/mno-hw-mul\libstdc++.a(eh_globals.o)
 .bss           0x0000000008001e84        0x0 c:/altera/15.0/nios2eds/bin/gnu/h-x86_64-mingw32/bin/../lib/gcc/nios2-elf/4.9.1/../../../../../H-x86_64-mingw32/nios2-elf/lib/mno-hw-mul\libstdc++.a(class_type_info.o)
 .bss           0x0000000008001e84        0x0 c:/altera/15.0/nios2eds/bin/gnu/h-x86_64-mingw32/bin/../lib/gcc/nios2-elf/4.9.1/../../../../../H-x86_64-mingw32/nios2-elf/lib/mno-hw-mul\libstdc++.a(del_op.o)
 .bss           0x0000000008001e84        0x0 c:/altera/15.0/nios2eds/bin/gnu/h-x86_64-mingw32/bin/../lib/gcc/nios2-elf/4.9.1/../../../../../H-x86_64-mingw32/nios2-elf/lib/mno-hw-mul\libstdc++.a(eh_terminate.o)