Flow report for TAG_Nios_Computer
Mon Apr 05 19:09:16 2021
Quartus II 64-Bit Version 15.0.0 Build 145 04/22/2015 SJ Web Edition


---------------------
; Table of Contents ;
---------------------
  1. Legal Notice
  2. Flow Summary
  3. Flow Settings
  4. Flow Non-Default Global Settings
  5. Flow Elapsed Time
  6. Flow OS Summary
  7. Flow Log
  8. Flow Messages
  9. Flow Suppressed Messages



----------------
; Legal Notice ;
----------------
Copyright (C) 1991-2015 Altera Corporation. All rights reserved.
Your use of Altera Corporation's design tools, logic functions 
and other software and tools, and its AMPP partner logic 
functions, and any output files from any of the foregoing 
(including device programming or simulation files), and any 
associated documentation or information are expressly subject 
to the terms and conditions of the Altera Program License 
Subscription Agreement, the Altera Quartus II License Agreement,
the Altera MegaCore Function License Agreement, or other 
applicable license agreement, including, without limitation, 
that your use is for the sole purpose of programming logic 
devices manufactured by Altera and sold by Altera or its 
authorized distributors.  Please refer to the applicable 
agreement for further details.



+------------------------------------------------------------------------------+
; Flow Summary                                                                 ;
+---------------------------------+--------------------------------------------+
; Flow Status                     ; Successful - Mon Apr 05 19:09:16 2021      ;
; Quartus II 64-Bit Version       ; 15.0.0 Build 145 04/22/2015 SJ Web Edition ;
; Revision Name                   ; TAG_Nios_Computer                          ;
; Top-level Entity Name           ; tag_nios_computer                          ;
; Family                          ; Cyclone V                                  ;
; Device                          ; 5CSEMA5F31C6                               ;
; Timing Models                   ; Final                                      ;
; Logic utilization (in ALMs)     ; 1,127 / 32,070 ( 4 % )                     ;
; Total registers                 ; 1535                                       ;
; Total pins                      ; 178 / 457 ( 39 % )                         ;
; Total virtual pins              ; 0                                          ;
; Total block memory bits         ; 273,536 / 4,065,280 ( 7 % )                ;
; Total DSP Blocks                ; 0 / 87 ( 0 % )                             ;
; Total HSSI RX PCSs              ; 0                                          ;
; Total HSSI PMA RX Deserializers ; 0                                          ;
; Total HSSI TX PCSs              ; 0                                          ;
; Total HSSI PMA TX Serializers   ; 0                                          ;
; Total PLLs                      ; 1 / 6 ( 17 % )                             ;
; Total DLLs                      ; 0 / 4 ( 0 % )                              ;
+---------------------------------+--------------------------------------------+


+-----------------------------------------+
; Flow Settings                           ;
+-------------------+---------------------+
; Option            ; Setting             ;
+-------------------+---------------------+
; Start date & time ; 04/05/2021 19:06:47 ;
; Main task         ; Compilation         ;
; Revision Name     ; TAG_Nios_Computer   ;
+-------------------+---------------------+


+--------------------------------------------------------------------------------------------------------------------------------------------------------------+
; Flow Non-Default Global Settings                                                                                                                             ;
+-------------------------------------+-------------------------------------------------------------------+---------------+-------------------+----------------+
; Assignment Name                     ; Value                                                             ; Default Value ; Entity Name       ; Section Id     ;
+-------------------------------------+-------------------------------------------------------------------+---------------+-------------------+----------------+
; COMPILER_SIGNATURE_ID               ; 13718489232414.161767480610156                                    ; --            ; --                ; --             ;
; EDA_OUTPUT_DATA_FORMAT              ; Verilog Hdl                                                       ; --            ; --                ; eda_simulation ;
; EDA_SIMULATION_TOOL                 ; ModelSim-Altera (Verilog)                                         ; <None>        ; --                ; --             ;
; MAX_CORE_JUNCTION_TEMP              ; 85                                                                ; --            ; --                ; --             ;
; MIN_CORE_JUNCTION_TEMP              ; 0                                                                 ; --            ; --                ; --             ;
; MISC_FILE                           ; tag_nios_system/synthesis/../tag_nios_system.cmp                  ; --            ; --                ; --             ;
; MISC_FILE                           ; tag_nios_system/synthesis/../../tag_nios_system.qsys              ; --            ; --                ; --             ;
; PARTITION_COLOR                     ; 16764057                                                          ; --            ; tag_nios_computer ; Top            ;
; PARTITION_FITTER_PRESERVATION_LEVEL ; PLACEMENT_AND_ROUTING                                             ; --            ; tag_nios_computer ; Top            ;
; PARTITION_NETLIST_TYPE              ; SOURCE                                                            ; --            ; tag_nios_computer ; Top            ;
; POWER_BOARD_THERMAL_MODEL           ; None (CONSERVATIVE)                                               ; --            ; --                ; --             ;
; POWER_PRESET_COOLING_SOLUTION       ; 23 MM HEAT SINK WITH 200 LFPM AIRFLOW                             ; --            ; --                ; --             ;
; PROJECT_OUTPUT_DIRECTORY            ; output_files                                                      ; --            ; --                ; --             ;
; SLD_FILE                            ; tag_nios_system/synthesis/tag_nios_system.regmap                  ; --            ; --                ; --             ;
; SLD_FILE                            ; tag_nios_system/synthesis/tag_nios_system.debuginfo               ; --            ; --                ; --             ;
; SLD_INFO                            ; QSYS_NAME tag_nios_system HAS_SOPCINFO 1 GENERATION_ID 1617674745 ; --            ; tag_nios_system   ; --             ;
; SOPCINFO_FILE                       ; tag_nios_system/synthesis/../../tag_nios_system.sopcinfo          ; --            ; --                ; --             ;
; SYNTHESIS_ONLY_QIP                  ; On                                                                ; --            ; --                ; --             ;
+-------------------------------------+-------------------------------------------------------------------+---------------+-------------------+----------------+


+-------------------------------------------------------------------------------------------------------------------------------+
; Flow Elapsed Time                                                                                                             ;
+---------------------------+--------------+-------------------------+---------------------+------------------------------------+
; Module Name               ; Elapsed Time ; Average Processors Used ; Peak Virtual Memory ; Total CPU Time (on all processors) ;
+---------------------------+--------------+-------------------------+---------------------+------------------------------------+
; Analysis & Synthesis      ; 00:00:30     ; 1.0                     ; 5012 MB             ; 00:00:52                           ;
; Fitter                    ; 00:01:17     ; 1.0                     ; 6388 MB             ; 00:01:27                           ;
; Assembler                 ; 00:00:10     ; 1.0                     ; 4922 MB             ; 00:00:09                           ;
; TimeQuest Timing Analyzer ; 00:00:19     ; 1.0                     ; 5359 MB             ; 00:00:19                           ;
; EDA Netlist Writer        ; 00:00:03     ; 1.0                     ; 4953 MB             ; 00:00:02                           ;
; Total                     ; 00:02:19     ; --                      ; --                  ; 00:02:49                           ;
+---------------------------+--------------+-------------------------+---------------------+------------------------------------+


+----------------------------------------------------------------------------------------+
; Flow OS Summary                                                                        ;
+---------------------------+------------------+-----------+------------+----------------+
; Module Name               ; Machine Hostname ; OS Name   ; OS Version ; Processor type ;
+---------------------------+------------------+-----------+------------+----------------+
; Analysis & Synthesis      ; BlueCapy         ; Windows 7 ; 6.2        ; x86_64         ;
; Fitter                    ; BlueCapy         ; Windows 7 ; 6.2        ; x86_64         ;
; Assembler                 ; BlueCapy         ; Windows 7 ; 6.2        ; x86_64         ;
; TimeQuest Timing Analyzer ; BlueCapy         ; Windows 7 ; 6.2        ; x86_64         ;
; EDA Netlist Writer        ; BlueCapy         ; Windows 7 ; 6.2        ; x86_64         ;
+---------------------------+------------------+-----------+------------+----------------+


------------
; Flow Log ;
------------
quartus_map --read_settings_files=on --write_settings_files=off TAG_Nios_Computer -c TAG_Nios_Computer
quartus_fit --read_settings_files=off --write_settings_files=off TAG_Nios_Computer -c TAG_Nios_Computer
quartus_asm --read_settings_files=off --write_settings_files=off TAG_Nios_Computer -c TAG_Nios_Computer
quartus_sta TAG_Nios_Computer -c TAG_Nios_Computer
quartus_eda --read_settings_files=off --write_settings_files=off TAG_Nios_Computer -c TAG_Nios_Computer



