Info: Starting: Create block symbol file (.bsf)
Info: qsys-generate D:\tag2\TAG_NIOS\tag_nios_system.qsys --block-symbol-file --output-directory=D:\tag2\TAG_NIOS\tag_nios_system --family="Cyclone V" --part=5CSEMA5F31C6
Progress: Loading TAG_NIOS/tag_nios_system.qsys
Progress: Reading input file
Progress: Adding ARM_A9_HPS [altera_hps 15.0]
Progress: Parameterizing module ARM_A9_HPS
Progress: Adding bt_rs232_uart [altera_up_avalon_rs232 15.0]
Progress: Parameterizing module bt_rs232_uart
Progress: Adding buttons [altera_avalon_pio 15.0]
Progress: Parameterizing module buttons
Progress: Adding hex_0 [altera_avalon_pio 15.0]
Progress: Parameterizing module hex_0
Progress: Adding hex_1 [altera_avalon_pio 15.0]
Progress: Parameterizing module hex_1
Progress: Adding hex_2 [altera_avalon_pio 15.0]
Progress: Parameterizing module hex_2
Progress: Adding hex_3 [altera_avalon_pio 15.0]
Progress: Parameterizing module hex_3
Progress: Adding hex_4 [altera_avalon_pio 15.0]
Progress: Parameterizing module hex_4
Progress: Adding hex_5 [altera_avalon_pio 15.0]
Progress: Parameterizing module hex_5
Progress: Adding jtag_uart_0 [altera_avalon_jtag_uart 15.0]
Progress: Parameterizing module jtag_uart_0
Progress: Adding leds [altera_avalon_pio 15.0]
Progress: Parameterizing module leds
Progress: Adding nios2_gen2_0 [altera_nios2_gen2 15.0]
Progress: Parameterizing module nios2_gen2_0
Progress: Adding onchip_sram [altera_avalon_onchip_memory2 15.0]
Progress: Parameterizing module onchip_sram
Progress: Adding sd_card_ic [Altera_UP_SD_Card_Avalon_Interface 15.0]
Progress: Parameterizing module sd_card_ic
Progress: Adding sdram_controller [altera_avalon_new_sdram_controller 15.0]
Progress: Parameterizing module sdram_controller
Progress: Adding switches [altera_avalon_pio 15.0]
Progress: Parameterizing module switches
Progress: Adding sys_sdram_pll_0 [altera_up_avalon_sys_sdram_pll 15.0]
Progress: Parameterizing module sys_sdram_pll_0
Progress: Adding sysid [altera_avalon_sysid_qsys 15.0]
Progress: Parameterizing module sysid
Progress: Adding wifi_rs232_uart [altera_up_avalon_rs232 15.0]
Progress: Parameterizing module wifi_rs232_uart
Progress: Building connections
Progress: Parameterizing connections
Progress: Validating
Progress: Done reading input file
Info: tag_nios_system.ARM_A9_HPS: HPS Main PLL counter settings: n = 0  m = 73
Info: tag_nios_system.ARM_A9_HPS: HPS peripherial PLL counter settings: n = 0  m = 39
Warning: tag_nios_system.ARM_A9_HPS: "Configuration/HPS-to-FPGA user 0 clock frequency" (desired_cfg_clk_mhz) requested 100.0 MHz, but only achieved 97.368421 MHz
Warning: tag_nios_system.ARM_A9_HPS: "QSPI clock frequency" (desired_qspi_clk_mhz) requested 400.0 MHz, but only achieved 370.0 MHz
Warning: tag_nios_system.ARM_A9_HPS: 1 or more output clock frequencies cannot be achieved precisely, consider revising desired output clock frequencies.
Info: tag_nios_system.buttons: PIO inputs are not hardwired in test bench. Undefined values will be read from PIO inputs during simulation.
Info: tag_nios_system.switches: PIO inputs are not hardwired in test bench. Undefined values will be read from PIO inputs during simulation.
Info: tag_nios_system.sysid: System ID is not assigned automatically. Edit the System ID parameter to provide a unique ID
Info: tag_nios_system.sysid: Time stamp will be automatically updated when this component is generated.
Info: ip-generate succeeded.
Info: Finished: Create block symbol file (.bsf)
Info: 
Info: Starting: Create HDL design files for synthesis
Info: qsys-generate D:\tag2\TAG_NIOS\tag_nios_system.qsys --synthesis=VERILOG --output-directory=D:\tag2\TAG_NIOS\tag_nios_system\synthesis --family="Cyclone V" --part=5CSEMA5F31C6
Progress: Loading TAG_NIOS/tag_nios_system.qsys
Progress: Reading input file
Progress: Adding ARM_A9_HPS [altera_hps 15.0]
Progress: Parameterizing module ARM_A9_HPS
Progress: Adding bt_rs232_uart [altera_up_avalon_rs232 15.0]
Progress: Parameterizing module bt_rs232_uart
Progress: Adding buttons [altera_avalon_pio 15.0]
Progress: Parameterizing module buttons
Progress: Adding hex_0 [altera_avalon_pio 15.0]
Progress: Parameterizing module hex_0
Progress: Adding hex_1 [altera_avalon_pio 15.0]
Progress: Parameterizing module hex_1
Progress: Adding hex_2 [altera_avalon_pio 15.0]
Progress: Parameterizing module hex_2
Progress: Adding hex_3 [altera_avalon_pio 15.0]
Progress: Parameterizing module hex_3
Progress: Adding hex_4 [altera_avalon_pio 15.0]
Progress: Parameterizing module hex_4
Progress: Adding hex_5 [altera_avalon_pio 15.0]
Progress: Parameterizing module hex_5
Progress: Adding jtag_uart_0 [altera_avalon_jtag_uart 15.0]
Progress: Parameterizing module jtag_uart_0
Progress: Adding leds [altera_avalon_pio 15.0]
Progress: Parameterizing module leds
Progress: Adding nios2_gen2_0 [altera_nios2_gen2 15.0]
Progress: Parameterizing module nios2_gen2_0
Progress: Adding onchip_sram [altera_avalon_onchip_memory2 15.0]
Progress: Parameterizing module onchip_sram
Progress: Adding sd_card_ic [Altera_UP_SD_Card_Avalon_Interface 15.0]
Progress: Parameterizing module sd_card_ic
Progress: Adding sdram_controller [altera_avalon_new_sdram_controller 15.0]
Progress: Parameterizing module sdram_controller
Progress: Adding switches [altera_avalon_pio 15.0]
Progress: Parameterizing module switches
Progress: Adding sys_sdram_pll_0 [altera_up_avalon_sys_sdram_pll 15.0]
Progress: Parameterizing module sys_sdram_pll_0
Progress: Adding sysid [altera_avalon_sysid_qsys 15.0]
Progress: Parameterizing module sysid
Progress: Adding wifi_rs232_uart [altera_up_avalon_rs232 15.0]
Progress: Parameterizing module wifi_rs232_uart
Progress: Building connections
Progress: Parameterizing connections
Progress: Validating
Progress: Done reading input file
Info: tag_nios_system.ARM_A9_HPS: HPS Main PLL counter settings: n = 0  m = 73
Info: tag_nios_system.ARM_A9_HPS: HPS peripherial PLL counter settings: n = 0  m = 39
Warning: tag_nios_system.ARM_A9_HPS: "Configuration/HPS-to-FPGA user 0 clock frequency" (desired_cfg_clk_mhz) requested 100.0 MHz, but only achieved 97.368421 MHz
Warning: tag_nios_system.ARM_A9_HPS: "QSPI clock frequency" (desired_qspi_clk_mhz) requested 400.0 MHz, but only achieved 370.0 MHz
Warning: tag_nios_system.ARM_A9_HPS: 1 or more output clock frequencies cannot be achieved precisely, consider revising desired output clock frequencies.
Info: tag_nios_system.buttons: PIO inputs are not hardwired in test bench. Undefined values will be read from PIO inputs during simulation.
Info: tag_nios_system.switches: PIO inputs are not hardwired in test bench. Undefined values will be read from PIO inputs during simulation.
Info: tag_nios_system.sysid: System ID is not assigned automatically. Edit the System ID parameter to provide a unique ID
Info: tag_nios_system.sysid: Time stamp will be automatically updated when this component is generated.
Info: tag_nios_system: Generating tag_nios_system "tag_nios_system" for QUARTUS_SYNTH
Warning: ARM_A9_HPS.f2h_irq0: Cannot connect clock for irq_mapper.sender
Warning: ARM_A9_HPS.f2h_irq0: Cannot connect reset for irq_mapper.sender
Warning: ARM_A9_HPS.f2h_irq1: Cannot connect clock for irq_mapper_001.sender
Warning: ARM_A9_HPS.f2h_irq1: Cannot connect reset for irq_mapper_001.sender
Info: ARM_A9_HPS: "Running  for module: ARM_A9_HPS"
Info: ARM_A9_HPS: HPS Main PLL counter settings: n = 0  m = 73
Info: ARM_A9_HPS: HPS peripherial PLL counter settings: n = 0  m = 39
Warning: ARM_A9_HPS: "Configuration/HPS-to-FPGA user 0 clock frequency" (desired_cfg_clk_mhz) requested 100.0 MHz, but only achieved 97.368421 MHz
Warning: ARM_A9_HPS: "QSPI clock frequency" (desired_qspi_clk_mhz) requested 400.0 MHz, but only achieved 370.0 MHz
Warning: ARM_A9_HPS: 1 or more output clock frequencies cannot be achieved precisely, consider revising desired output clock frequencies.
Info: ARM_A9_HPS: "tag_nios_system" instantiated altera_hps "ARM_A9_HPS"
Info: bt_rs232_uart: Starting Generation of RS232 UART
Info: bt_rs232_uart: "tag_nios_system" instantiated altera_up_avalon_rs232 "bt_rs232_uart"
Info: buttons: Starting RTL generation for module 'tag_nios_system_buttons'
Info: buttons:   Generation command is [exec C:/altera/15.0/quartus/bin64/perl/bin/perl.exe -I C:/altera/15.0/quartus/bin64/perl/lib -I C:/altera/15.0/quartus/sopc_builder/bin/europa -I C:/altera/15.0/quartus/sopc_builder/bin/perl_lib -I C:/altera/15.0/quartus/sopc_builder/bin -I C:/altera/15.0/quartus/../ip/altera/sopc_builder_ip/common -I C:/altera/15.0/quartus/../ip/altera/sopc_builder_ip/altera_avalon_pio -- C:/altera/15.0/quartus/../ip/altera/sopc_builder_ip/altera_avalon_pio/generate_rtl.pl --name=tag_nios_system_buttons --dir=C:/Users/shade/AppData/Local/Temp/alt8725_3241913233276998650.dir/0004_buttons_gen/ --quartus_dir=C:/altera/15.0/quartus --verilog --config=C:/Users/shade/AppData/Local/Temp/alt8725_3241913233276998650.dir/0004_buttons_gen//tag_nios_system_buttons_component_configuration.pl  --do_build_sim=0  ]
Info: buttons: Done RTL generation for module 'tag_nios_system_buttons'
Info: buttons: "tag_nios_system" instantiated altera_avalon_pio "buttons"
Info: hex_0: Starting RTL generation for module 'tag_nios_system_hex_0'
Info: hex_0:   Generation command is [exec C:/altera/15.0/quartus/bin64/perl/bin/perl.exe -I C:/altera/15.0/quartus/bin64/perl/lib -I C:/altera/15.0/quartus/sopc_builder/bin/europa -I C:/altera/15.0/quartus/sopc_builder/bin/perl_lib -I C:/altera/15.0/quartus/sopc_builder/bin -I C:/altera/15.0/quartus/../ip/altera/sopc_builder_ip/common -I C:/altera/15.0/quartus/../ip/altera/sopc_builder_ip/altera_avalon_pio -- C:/altera/15.0/quartus/../ip/altera/sopc_builder_ip/altera_avalon_pio/generate_rtl.pl --name=tag_nios_system_hex_0 --dir=C:/Users/shade/AppData/Local/Temp/alt8725_3241913233276998650.dir/0005_hex_0_gen/ --quartus_dir=C:/altera/15.0/quartus --verilog --config=C:/Users/shade/AppData/Local/Temp/alt8725_3241913233276998650.dir/0005_hex_0_gen//tag_nios_system_hex_0_component_configuration.pl  --do_build_sim=0  ]
Info: hex_0: Done RTL generation for module 'tag_nios_system_hex_0'
Info: hex_0: "tag_nios_system" instantiated altera_avalon_pio "hex_0"
Info: jtag_uart_0: Starting RTL generation for module 'tag_nios_system_jtag_uart_0'
Info: jtag_uart_0:   Generation command is [exec C:/altera/15.0/quartus/bin64/perl/bin/perl.exe -I C:/altera/15.0/quartus/bin64/perl/lib -I C:/altera/15.0/quartus/sopc_builder/bin/europa -I C:/altera/15.0/quartus/sopc_builder/bin/perl_lib -I C:/altera/15.0/quartus/sopc_builder/bin -I C:/altera/15.0/quartus/../ip/altera/sopc_builder_ip/common -I C:/altera/15.0/quartus/../ip/altera/sopc_builder_ip/altera_avalon_jtag_uart -- C:/altera/15.0/quartus/../ip/altera/sopc_builder_ip/altera_avalon_jtag_uart/generate_rtl.pl --name=tag_nios_system_jtag_uart_0 --dir=C:/Users/shade/AppData/Local/Temp/alt8725_3241913233276998650.dir/0006_jtag_uart_0_gen/ --quartus_dir=C:/altera/15.0/quartus --verilog --config=C:/Users/shade/AppData/Local/Temp/alt8725_3241913233276998650.dir/0006_jtag_uart_0_gen//tag_nios_system_jtag_uart_0_component_configuration.pl  --do_build_sim=0  ]
Info: jtag_uart_0: Done RTL generation for module 'tag_nios_system_jtag_uart_0'
Info: jtag_uart_0: "tag_nios_system" instantiated altera_avalon_jtag_uart "jtag_uart_0"
Info: leds: Starting RTL generation for module 'tag_nios_system_leds'
Info: leds:   Generation command is [exec C:/altera/15.0/quartus/bin64/perl/bin/perl.exe -I C:/altera/15.0/quartus/bin64/perl/lib -I C:/altera/15.0/quartus/sopc_builder/bin/europa -I C:/altera/15.0/quartus/sopc_builder/bin/perl_lib -I C:/altera/15.0/quartus/sopc_builder/bin -I C:/altera/15.0/quartus/../ip/altera/sopc_builder_ip/common -I C:/altera/15.0/quartus/../ip/altera/sopc_builder_ip/altera_avalon_pio -- C:/altera/15.0/quartus/../ip/altera/sopc_builder_ip/altera_avalon_pio/generate_rtl.pl --name=tag_nios_system_leds --dir=C:/Users/shade/AppData/Local/Temp/alt8725_3241913233276998650.dir/0007_leds_gen/ --quartus_dir=C:/altera/15.0/quartus --verilog --config=C:/Users/shade/AppData/Local/Temp/alt8725_3241913233276998650.dir/0007_leds_gen//tag_nios_system_leds_component_configuration.pl  --do_build_sim=0  ]
Info: leds: Done RTL generation for module 'tag_nios_system_leds'
Info: leds: "tag_nios_system" instantiated altera_avalon_pio "leds"
Info: nios2_gen2_0: "tag_nios_system" instantiated altera_nios2_gen2 "nios2_gen2_0"
Info: onchip_sram: Starting RTL generation for module 'tag_nios_system_onchip_sram'
Info: onchip_sram:   Generation command is [exec C:/altera/15.0/quartus/bin64/perl/bin/perl.exe -I C:/altera/15.0/quartus/bin64/perl/lib -I C:/altera/15.0/quartus/sopc_builder/bin/europa -I C:/altera/15.0/quartus/sopc_builder/bin/perl_lib -I C:/altera/15.0/quartus/sopc_builder/bin -I C:/altera/15.0/quartus/../ip/altera/sopc_builder_ip/common -I C:/altera/15.0/quartus/../ip/altera/sopc_builder_ip/altera_avalon_onchip_memory2 -- C:/altera/15.0/quartus/../ip/altera/sopc_builder_ip/altera_avalon_onchip_memory2/generate_rtl.pl --name=tag_nios_system_onchip_sram --dir=C:/Users/shade/AppData/Local/Temp/alt8725_3241913233276998650.dir/0008_onchip_sram_gen/ --quartus_dir=C:/altera/15.0/quartus --verilog --config=C:/Users/shade/AppData/Local/Temp/alt8725_3241913233276998650.dir/0008_onchip_sram_gen//tag_nios_system_onchip_sram_component_configuration.pl  --do_build_sim=0  ]
Info: onchip_sram: Done RTL generation for module 'tag_nios_system_onchip_sram'
Info: onchip_sram: "tag_nios_system" instantiated altera_avalon_onchip_memory2 "onchip_sram"
Info: sd_card_ic: "tag_nios_system" instantiated Altera_UP_SD_Card_Avalon_Interface "sd_card_ic"
Info: sdram_controller: Starting RTL generation for module 'tag_nios_system_sdram_controller'
Info: sdram_controller:   Generation command is [exec C:/altera/15.0/quartus/bin64/perl/bin/perl.exe -I C:/altera/15.0/quartus/bin64/perl/lib -I C:/altera/15.0/quartus/sopc_builder/bin/europa -I C:/altera/15.0/quartus/sopc_builder/bin/perl_lib -I C:/altera/15.0/quartus/sopc_builder/bin -I C:/altera/15.0/quartus/../ip/altera/sopc_builder_ip/common -I C:/altera/15.0/quartus/../ip/altera/sopc_builder_ip/altera_avalon_new_sdram_controller -- C:/altera/15.0/quartus/../ip/altera/sopc_builder_ip/altera_avalon_new_sdram_controller/generate_rtl.pl --name=tag_nios_system_sdram_controller --dir=C:/Users/shade/AppData/Local/Temp/alt8725_3241913233276998650.dir/0009_sdram_controller_gen/ --quartus_dir=C:/altera/15.0/quartus --verilog --config=C:/Users/shade/AppData/Local/Temp/alt8725_3241913233276998650.dir/0009_sdram_controller_gen//tag_nios_system_sdram_controller_component_configuration.pl  --do_build_sim=0  ]
Info: sdram_controller: Done RTL generation for module 'tag_nios_system_sdram_controller'
Info: sdram_controller: "tag_nios_system" instantiated altera_avalon_new_sdram_controller "sdram_controller"
Info: switches: Starting RTL generation for module 'tag_nios_system_switches'
Info: switches:   Generation command is [exec C:/altera/15.0/quartus/bin64/perl/bin/perl.exe -I C:/altera/15.0/quartus/bin64/perl/lib -I C:/altera/15.0/quartus/sopc_builder/bin/europa -I C:/altera/15.0/quartus/sopc_builder/bin/perl_lib -I C:/altera/15.0/quartus/sopc_builder/bin -I C:/altera/15.0/quartus/../ip/altera/sopc_builder_ip/common -I C:/altera/15.0/quartus/../ip/altera/sopc_builder_ip/altera_avalon_pio -- C:/altera/15.0/quartus/../ip/altera/sopc_builder_ip/altera_avalon_pio/generate_rtl.pl --name=tag_nios_system_switches --dir=C:/Users/shade/AppData/Local/Temp/alt8725_3241913233276998650.dir/0010_switches_gen/ --quartus_dir=C:/altera/15.0/quartus --verilog --config=C:/Users/shade/AppData/Local/Temp/alt8725_3241913233276998650.dir/0010_switches_gen//tag_nios_system_switches_component_configuration.pl  --do_build_sim=0  ]
Info: switches: Done RTL generation for module 'tag_nios_system_switches'
Info: switches: "tag_nios_system" instantiated altera_avalon_pio "switches"
Info: sys_sdram_pll_0: "tag_nios_system" instantiated altera_up_avalon_sys_sdram_pll "sys_sdram_pll_0"
Info: sysid: "tag_nios_system" instantiated altera_avalon_sysid_qsys "sysid"
Info: avalon_st_adapter: Inserting error_adapter: error_adapter_0
Info: avalon_st_adapter_001: Inserting error_adapter: error_adapter_0
Info: avalon_st_adapter_002: Inserting error_adapter: error_adapter_0
Info: avalon_st_adapter_003: Inserting error_adapter: error_adapter_0
Info: avalon_st_adapter_004: Inserting error_adapter: error_adapter_0
Info: avalon_st_adapter_005: Inserting error_adapter: error_adapter_0
Info: avalon_st_adapter_006: Inserting error_adapter: error_adapter_0
Info: avalon_st_adapter_007: Inserting error_adapter: error_adapter_0
Info: avalon_st_adapter_008: Inserting error_adapter: error_adapter_0
Info: avalon_st_adapter_009: Inserting error_adapter: error_adapter_0
Info: mm_interconnect_0: "tag_nios_system" instantiated altera_mm_interconnect "mm_interconnect_0"
Info: avalon_st_adapter: Inserting error_adapter: error_adapter_0
Info: avalon_st_adapter_001: Inserting error_adapter: error_adapter_0
Info: avalon_st_adapter_002: Inserting error_adapter: error_adapter_0
Info: avalon_st_adapter_003: Inserting error_adapter: error_adapter_0
Info: avalon_st_adapter_004: Inserting error_adapter: error_adapter_0
Info: avalon_st_adapter_005: Inserting error_adapter: error_adapter_0
Info: avalon_st_adapter_006: Inserting error_adapter: error_adapter_0
Info: mm_interconnect_1: "tag_nios_system" instantiated altera_mm_interconnect "mm_interconnect_1"
Info: irq_mapper: "tag_nios_system" instantiated altera_irq_mapper "irq_mapper"
Info: irq_mapper_002: "tag_nios_system" instantiated altera_irq_mapper "irq_mapper_002"
Info: rst_controller: "tag_nios_system" instantiated altera_reset_controller "rst_controller"
Info: fpga_interfaces: "ARM_A9_HPS" instantiated altera_interface_generator "fpga_interfaces"
Info: hps_io: "ARM_A9_HPS" instantiated altera_hps_io "hps_io"
Info: cpu: Starting RTL generation for module 'tag_nios_system_nios2_gen2_0_cpu'
Info: cpu:   Generation command is [exec C:/altera/15.0/quartus/bin64/eperlcmd.exe -I C:/altera/15.0/quartus/bin64/perl/lib -I C:/altera/15.0/quartus/sopc_builder/bin/europa -I C:/altera/15.0/quartus/sopc_builder/bin/perl_lib -I C:/altera/15.0/quartus/sopc_builder/bin -I C:/altera/15.0/quartus/../ip/altera/nios2_ip/altera_nios2_gen2/cpu_lib -I C:/altera/15.0/quartus/../ip/altera/nios2_ip/altera_nios2_gen2/nios_lib -I C:/altera/15.0/quartus/../ip/altera/nios2_ip/altera_nios2_gen2 -I C:/altera/15.0/quartus/../ip/altera/nios2_ip/altera_nios2_gen2 -- C:/altera/15.0/quartus/../ip/altera/nios2_ip/altera_nios2_gen2/generate_rtl.epl --name=tag_nios_system_nios2_gen2_0_cpu --dir=C:/Users/shade/AppData/Local/Temp/alt8725_3241913233276998650.dir/0016_cpu_gen/ --quartus_bindir=C:/altera/15.0/quartus/bin64 --verilog --config=C:/Users/shade/AppData/Local/Temp/alt8725_3241913233276998650.dir/0016_cpu_gen//tag_nios_system_nios2_gen2_0_cpu_processor_configuration.pl  --do_build_sim=0  ]
Info: cpu: # 2021.04.08 12:37:07 (*) Starting Nios II generation
Info: cpu: # 2021.04.08 12:37:07 (*)   Checking for plaintext license.
Info: cpu: # 2021.04.08 12:37:08 (*)   Couldn't query license setup in Quartus directory C:/altera/15.0/quartus/bin64
Info: cpu: # 2021.04.08 12:37:08 (*)   Defaulting to contents of LM_LICENSE_FILE environment variable
Info: cpu: # 2021.04.08 12:37:08 (*)   LM_LICENSE_FILE environment variable is empty
Info: cpu: # 2021.04.08 12:37:08 (*)   Plaintext license not found.
Info: cpu: # 2021.04.08 12:37:08 (*)   No license required to generate encrypted Nios II/e.
Info: cpu: # 2021.04.08 12:37:08 (*)   Elaborating CPU configuration settings
Info: cpu: # 2021.04.08 12:37:08 (*)   Creating all objects for CPU
Info: cpu: # 2021.04.08 12:37:09 (*)   Generating RTL from CPU objects
Info: cpu: # 2021.04.08 12:37:09 (*)   Creating plain-text RTL
Info: cpu: # 2021.04.08 12:37:10 (*) Done Nios II generation
Info: cpu: Done RTL generation for module 'tag_nios_system_nios2_gen2_0_cpu'
Info: cpu: "nios2_gen2_0" instantiated altera_nios2_gen2_unit "cpu"
Info: sys_pll: "sys_sdram_pll_0" instantiated altera_pll "sys_pll"
Info: reset_from_locked: "sys_sdram_pll_0" instantiated altera_up_avalon_reset_from_locked_signal "reset_from_locked"
Info: nios2_gen2_0_data_master_translator: "mm_interconnect_0" instantiated altera_merlin_master_translator "nios2_gen2_0_data_master_translator"
Info: jtag_uart_0_avalon_jtag_slave_translator: "mm_interconnect_0" instantiated altera_merlin_slave_translator "jtag_uart_0_avalon_jtag_slave_translator"
Info: nios2_gen2_0_data_master_agent: "mm_interconnect_0" instantiated altera_merlin_master_agent "nios2_gen2_0_data_master_agent"
Info: jtag_uart_0_avalon_jtag_slave_agent: "mm_interconnect_0" instantiated altera_merlin_slave_agent "jtag_uart_0_avalon_jtag_slave_agent"
Info: jtag_uart_0_avalon_jtag_slave_agent_rsp_fifo: "mm_interconnect_0" instantiated altera_avalon_sc_fifo "jtag_uart_0_avalon_jtag_slave_agent_rsp_fifo"
Info: router: "mm_interconnect_0" instantiated altera_merlin_router "router"
Info: router_001: "mm_interconnect_0" instantiated altera_merlin_router "router_001"
Info: router_002: "mm_interconnect_0" instantiated altera_merlin_router "router_002"
Info: router_003: "mm_interconnect_0" instantiated altera_merlin_router "router_003"
Info: router_010: "mm_interconnect_0" instantiated altera_merlin_router "router_010"
Info: sdram_controller_s1_burst_adapter: "mm_interconnect_0" instantiated altera_merlin_burst_adapter "sdram_controller_s1_burst_adapter"
Info: cmd_demux: "mm_interconnect_0" instantiated altera_merlin_demultiplexer "cmd_demux"
Info: cmd_demux_001: "mm_interconnect_0" instantiated altera_merlin_demultiplexer "cmd_demux_001"
Info: cmd_mux: "mm_interconnect_0" instantiated altera_merlin_multiplexer "cmd_mux"
Info: cmd_mux_001: "mm_interconnect_0" instantiated altera_merlin_multiplexer "cmd_mux_001"
Info: Reusing file D:/tag2/TAG_NIOS/tag_nios_system/synthesis/submodules/altera_merlin_arbitrator.sv
Info: rsp_demux: "mm_interconnect_0" instantiated altera_merlin_demultiplexer "rsp_demux"
Info: rsp_demux_001: "mm_interconnect_0" instantiated altera_merlin_demultiplexer "rsp_demux_001"
Info: rsp_mux: "mm_interconnect_0" instantiated altera_merlin_multiplexer "rsp_mux"
Info: Reusing file D:/tag2/TAG_NIOS/tag_nios_system/synthesis/submodules/altera_merlin_arbitrator.sv
Info: rsp_mux_001: "mm_interconnect_0" instantiated altera_merlin_multiplexer "rsp_mux_001"
Info: Reusing file D:/tag2/TAG_NIOS/tag_nios_system/synthesis/submodules/altera_merlin_arbitrator.sv
Info: sdram_controller_s1_rsp_width_adapter: "mm_interconnect_0" instantiated altera_merlin_width_adapter "sdram_controller_s1_rsp_width_adapter"
Info: Reusing file D:/tag2/TAG_NIOS/tag_nios_system/synthesis/submodules/altera_merlin_address_alignment.sv
Info: Reusing file D:/tag2/TAG_NIOS/tag_nios_system/synthesis/submodules/altera_merlin_burst_uncompressor.sv
Info: avalon_st_adapter: "mm_interconnect_0" instantiated altera_avalon_st_adapter "avalon_st_adapter"
Info: avalon_st_adapter_008: "mm_interconnect_0" instantiated altera_avalon_st_adapter "avalon_st_adapter_008"
Info: ARM_A9_HPS_h2f_lw_axi_master_agent: "mm_interconnect_1" instantiated altera_merlin_axi_master_ni "ARM_A9_HPS_h2f_lw_axi_master_agent"
Info: Reusing file D:/tag2/TAG_NIOS/tag_nios_system/synthesis/submodules/altera_merlin_address_alignment.sv
Info: router: "mm_interconnect_1" instantiated altera_merlin_router "router"
Info: router_002: "mm_interconnect_1" instantiated altera_merlin_router "router_002"
Info: ARM_A9_HPS_h2f_lw_axi_master_wr_limiter: "mm_interconnect_1" instantiated altera_merlin_traffic_limiter "ARM_A9_HPS_h2f_lw_axi_master_wr_limiter"
Info: Reusing file D:/tag2/TAG_NIOS/tag_nios_system/synthesis/submodules/altera_avalon_sc_fifo.v
Info: Reusing file D:/tag2/TAG_NIOS/tag_nios_system/synthesis/submodules/altera_avalon_st_pipeline_base.v
Info: cmd_demux: "mm_interconnect_1" instantiated altera_merlin_demultiplexer "cmd_demux"
Info: cmd_mux: "mm_interconnect_1" instantiated altera_merlin_multiplexer "cmd_mux"
Info: Reusing file D:/tag2/TAG_NIOS/tag_nios_system/synthesis/submodules/altera_merlin_arbitrator.sv
Info: rsp_demux: "mm_interconnect_1" instantiated altera_merlin_demultiplexer "rsp_demux"
Info: rsp_mux: "mm_interconnect_1" instantiated altera_merlin_multiplexer "rsp_mux"
Info: Reusing file D:/tag2/TAG_NIOS/tag_nios_system/synthesis/submodules/altera_merlin_arbitrator.sv
Info: border: "hps_io" instantiated altera_interface_generator "border"
Info: error_adapter_0: "avalon_st_adapter" instantiated error_adapter "error_adapter_0"
Info: error_adapter_0: "avalon_st_adapter_008" instantiated error_adapter "error_adapter_0"
Info: tag_nios_system: Done "tag_nios_system" with 57 modules, 139 files
Info: ip-generate succeeded.
Info: Finished: Create HDL design files for synthesis
