Flow report for TAG_Computer
Fri Mar 19 16:31:46 2021
Quartus II 64-Bit Version 15.0.0 Build 145 04/22/2015 SJ Web Edition


---------------------
; Table of Contents ;
---------------------
  1. Legal Notice
  2. Flow Summary
  3. Flow Settings
  4. Flow Non-Default Global Settings
  5. Flow Elapsed Time
  6. Flow OS Summary
  7. Flow Log
  8. Flow Messages
  9. Flow Suppressed Messages



----------------
; Legal Notice ;
----------------
Copyright (C) 1991-2015 Altera Corporation. All rights reserved.
Your use of Altera Corporation's design tools, logic functions 
and other software and tools, and its AMPP partner logic 
functions, and any output files from any of the foregoing 
(including device programming or simulation files), and any 
associated documentation or information are expressly subject 
to the terms and conditions of the Altera Program License 
Subscription Agreement, the Altera Quartus II License Agreement,
the Altera MegaCore Function License Agreement, or other 
applicable license agreement, including, without limitation, 
that your use is for the sole purpose of programming logic 
devices manufactured by Altera and sold by Altera or its 
authorized distributors.  Please refer to the applicable 
agreement for further details.



+------------------------------------------------------------------------------+
; Flow Summary                                                                 ;
+---------------------------------+--------------------------------------------+
; Flow Status                     ; Successful - Fri Mar 19 16:30:07 2021      ;
; Quartus II 64-Bit Version       ; 15.0.0 Build 145 04/22/2015 SJ Web Edition ;
; Revision Name                   ; TAG_Computer                               ;
; Top-level Entity Name           ; TAG_Computer_Verilog                       ;
; Family                          ; Cyclone V                                  ;
; Device                          ; 5CSEMA5F31C6                               ;
; Timing Models                   ; Final                                      ;
; Logic utilization (in ALMs)     ; 6,073 / 32,070 ( 19 % )                    ;
; Total registers                 ; 7961                                       ;
; Total pins                      ; 309 / 457 ( 68 % )                         ;
; Total virtual pins              ; 0                                          ;
; Total block memory bits         ; 35,968 / 4,065,280 ( < 1 % )               ;
; Total DSP Blocks                ; 3 / 87 ( 3 % )                             ;
; Total HSSI RX PCSs              ; 0                                          ;
; Total HSSI PMA RX Deserializers ; 0                                          ;
; Total HSSI TX PCSs              ; 0                                          ;
; Total HSSI PMA TX Serializers   ; 0                                          ;
; Total PLLs                      ; 1 / 6 ( 17 % )                             ;
; Total DLLs                      ; 1 / 4 ( 25 % )                             ;
+---------------------------------+--------------------------------------------+


+-----------------------------------------+
; Flow Settings                           ;
+-------------------+---------------------+
; Option            ; Setting             ;
+-------------------+---------------------+
; Start date & time ; 03/19/2021 16:19:38 ;
; Main task         ; Compilation         ;
; Revision Name     ; TAG_Computer        ;
+-------------------+---------------------+


+---------------------------------------------------------------------------------------------------------------------------------------------------------------------------------------+
; Flow Non-Default Global Settings                                                                                                                                                      ;
+-------------------------------------+----------------------------------------------------------------------------+---------------+---------------------------------------+------------+
; Assignment Name                     ; Value                                                                      ; Default Value ; Entity Name                           ; Section Id ;
+-------------------------------------+----------------------------------------------------------------------------+---------------+---------------------------------------+------------+
; COMPILER_SIGNATURE_ID               ; 13718489232414.161619597017116                                             ; --            ; --                                    ; --         ;
; HPS_ISW_FILE                        ; TAG_Computer/synthesis/submodules/sequencer/alt_types.pre.h                ; --            ; TAG_Computer_ARM_A9_HPS_hps_io_border ; --         ;
; HPS_ISW_FILE                        ; TAG_Computer/synthesis/submodules/sequencer/emif.pre.xml                   ; --            ; TAG_Computer_ARM_A9_HPS_hps_io_border ; --         ;
; HPS_ISW_FILE                        ; TAG_Computer/synthesis/submodules/sequencer/sdram_io.pre.h                 ; --            ; TAG_Computer_ARM_A9_HPS_hps_io_border ; --         ;
; HPS_ISW_FILE                        ; TAG_Computer/synthesis/submodules/sequencer/sequencer.pre.c                ; --            ; TAG_Computer_ARM_A9_HPS_hps_io_border ; --         ;
; HPS_ISW_FILE                        ; TAG_Computer/synthesis/submodules/sequencer/sequencer.pre.h                ; --            ; TAG_Computer_ARM_A9_HPS_hps_io_border ; --         ;
; HPS_ISW_FILE                        ; TAG_Computer/synthesis/submodules/sequencer/sequencer_auto.pre.h           ; --            ; TAG_Computer_ARM_A9_HPS_hps_io_border ; --         ;
; HPS_ISW_FILE                        ; TAG_Computer/synthesis/submodules/sequencer/sequencer_auto_ac_init.pre.c   ; --            ; TAG_Computer_ARM_A9_HPS_hps_io_border ; --         ;
; HPS_ISW_FILE                        ; TAG_Computer/synthesis/submodules/sequencer/sequencer_auto_inst_init.pre.c ; --            ; TAG_Computer_ARM_A9_HPS_hps_io_border ; --         ;
; HPS_ISW_FILE                        ; TAG_Computer/synthesis/submodules/sequencer/sequencer_defines.pre.h        ; --            ; TAG_Computer_ARM_A9_HPS_hps_io_border ; --         ;
; HPS_ISW_FILE                        ; TAG_Computer/synthesis/submodules/sequencer/system.pre.h                   ; --            ; TAG_Computer_ARM_A9_HPS_hps_io_border ; --         ;
; HPS_ISW_FILE                        ; TAG_Computer/synthesis/submodules/sequencer/tclrpt.pre.c                   ; --            ; TAG_Computer_ARM_A9_HPS_hps_io_border ; --         ;
; HPS_ISW_FILE                        ; TAG_Computer/synthesis/submodules/sequencer/tclrpt.pre.h                   ; --            ; TAG_Computer_ARM_A9_HPS_hps_io_border ; --         ;
; HPS_ISW_FILE                        ; TAG_Computer/synthesis/submodules/hps.pre.xml                              ; --            ; TAG_Computer_ARM_A9_HPS_hps_io_border ; --         ;
; HPS_PARTITION                       ; On                                                                         ; --            ; TAG_Computer_ARM_A9_HPS_hps_io_border ; --         ;
; MAX_CORE_JUNCTION_TEMP              ; 85                                                                         ; --            ; --                                    ; --         ;
; MIN_CORE_JUNCTION_TEMP              ; 0                                                                          ; --            ; --                                    ; --         ;
; MISC_FILE                           ; TAG_Computer/synthesis/../TAG_Computer.cmp                                 ; --            ; --                                    ; --         ;
; MISC_FILE                           ; TAG_Computer/synthesis/../../D                                             ; --            ; --                                    ; --         ;
; MISC_FILE                           ; TAG_Computer/synthesis/TAG_Computer_ARM_A9_HPS_hps.svd                     ; --            ; --                                    ; --         ;
; MISC_FILE                           ; TAG_Computer/synthesis/../../TAG_Computer.qsys                             ; --            ; --                                    ; --         ;
; MISC_FILE                           ; TAG_Computer/synthesis/submodules/sequencer/alt_types.pre.h                ; --            ; --                                    ; --         ;
; MISC_FILE                           ; TAG_Computer/synthesis/submodules/sequencer/emif.pre.xml                   ; --            ; --                                    ; --         ;
; MISC_FILE                           ; TAG_Computer/synthesis/submodules/sequencer/sdram_io.pre.h                 ; --            ; --                                    ; --         ;
; MISC_FILE                           ; TAG_Computer/synthesis/submodules/sequencer/sequencer.pre.c                ; --            ; --                                    ; --         ;
; MISC_FILE                           ; TAG_Computer/synthesis/submodules/sequencer/sequencer.pre.h                ; --            ; --                                    ; --         ;
; MISC_FILE                           ; TAG_Computer/synthesis/submodules/sequencer/sequencer_auto.pre.h           ; --            ; --                                    ; --         ;
; MISC_FILE                           ; TAG_Computer/synthesis/submodules/sequencer/sequencer_auto_ac_init.pre.c   ; --            ; --                                    ; --         ;
; MISC_FILE                           ; TAG_Computer/synthesis/submodules/sequencer/sequencer_auto_inst_init.pre.c ; --            ; --                                    ; --         ;
; MISC_FILE                           ; TAG_Computer/synthesis/submodules/sequencer/sequencer_defines.pre.h        ; --            ; --                                    ; --         ;
; MISC_FILE                           ; TAG_Computer/synthesis/submodules/sequencer/system.pre.h                   ; --            ; --                                    ; --         ;
; MISC_FILE                           ; TAG_Computer/synthesis/submodules/sequencer/tclrpt.pre.c                   ; --            ; --                                    ; --         ;
; MISC_FILE                           ; TAG_Computer/synthesis/submodules/sequencer/tclrpt.pre.h                   ; --            ; --                                    ; --         ;
; MISC_FILE                           ; TAG_Computer/synthesis/submodules/hps.pre.xml                              ; --            ; --                                    ; --         ;
; PARTITION_COLOR                     ; 16764057                                                                   ; --            ; TAG_Computer_Verilog                  ; Top        ;
; PARTITION_FITTER_PRESERVATION_LEVEL ; PLACEMENT_AND_ROUTING                                                      ; --            ; TAG_Computer_Verilog                  ; Top        ;
; PARTITION_NETLIST_TYPE              ; SOURCE                                                                     ; --            ; TAG_Computer_Verilog                  ; Top        ;
; POWER_BOARD_THERMAL_MODEL           ; None (CONSERVATIVE)                                                        ; --            ; --                                    ; --         ;
; POWER_PRESET_COOLING_SOLUTION       ; 23 MM HEAT SINK WITH 200 LFPM AIRFLOW                                      ; --            ; --                                    ; --         ;
; SLD_FILE                            ; TAG_Computer/synthesis/TAG_Computer.regmap                                 ; --            ; --                                    ; --         ;
; SLD_FILE                            ; TAG_Computer/synthesis/TAG_Computer.debuginfo                              ; --            ; --                                    ; --         ;
; SLD_INFO                            ; QSYS_NAME TAG_Computer HAS_SOPCINFO 1 GENERATION_ID 1615146765             ; --            ; --                                    ; --         ;
; SOPCINFO_FILE                       ; TAG_Computer/synthesis/../../TAG_Computer.sopcinfo                         ; --            ; --                                    ; --         ;
; SYNTHESIS_ONLY_QIP                  ; On                                                                         ; --            ; --                                    ; --         ;
; TOP_LEVEL_ENTITY                    ; TAG_Computer_Verilog                                                       ; TAG_Computer  ; --                                    ; --         ;
+-------------------------------------+----------------------------------------------------------------------------+---------------+---------------------------------------+------------+


+-------------------------------------------------------------------------------------------------------------------------------+
; Flow Elapsed Time                                                                                                             ;
+---------------------------+--------------+-------------------------+---------------------+------------------------------------+
; Module Name               ; Elapsed Time ; Average Processors Used ; Peak Virtual Memory ; Total CPU Time (on all processors) ;
+---------------------------+--------------+-------------------------+---------------------+------------------------------------+
; Analysis & Synthesis      ; 00:01:42     ; 1.0                     ; 5470 MB             ; 00:02:12                           ;
; Fitter                    ; 00:05:04     ; 1.0                     ; 7483 MB             ; 00:05:31                           ;
; Assembler                 ; 00:00:22     ; 1.0                     ; 5006 MB             ; 00:00:20                           ;
; TimeQuest Timing Analyzer ; 00:01:36     ; 1.0                     ; 6160 MB             ; 00:01:34                           ;
; Total                     ; 00:08:44     ; --                      ; --                  ; 00:09:37                           ;
+---------------------------+--------------+-------------------------+---------------------+------------------------------------+


+----------------------------------------------------------------------------------------+
; Flow OS Summary                                                                        ;
+---------------------------+------------------+-----------+------------+----------------+
; Module Name               ; Machine Hostname ; OS Name   ; OS Version ; Processor type ;
+---------------------------+------------------+-----------+------------+----------------+
; Analysis & Synthesis      ; BlueCapy         ; Windows 7 ; 6.2        ; x86_64         ;
; Fitter                    ; BlueCapy         ; Windows 7 ; 6.2        ; x86_64         ;
; Assembler                 ; BlueCapy         ; Windows 7 ; 6.2        ; x86_64         ;
; TimeQuest Timing Analyzer ; BlueCapy         ; Windows 7 ; 6.2        ; x86_64         ;
+---------------------------+------------------+-----------+------------+----------------+


------------
; Flow Log ;
------------
quartus_map --read_settings_files=on --write_settings_files=off TAG_Computer -c TAG_Computer
quartus_fit --read_settings_files=off --write_settings_files=off TAG_Computer -c TAG_Computer
quartus_asm --read_settings_files=off --write_settings_files=off TAG_Computer -c TAG_Computer
quartus_sta TAG_Computer -c TAG_Computer



