Archive member included to satisfy reference by file (symbol)

c:/altera/15.0/nios2eds/bin/gnu/h-x86_64-mingw32/bin/../lib/gcc/nios2-elf/4.9.1/../../../../../H-x86_64-mingw32/nios2-elf/lib/mno-hw-mul\libc.a(lib_a-puts.o)
                              obj/default/main.o (puts)
c:/altera/15.0/nios2eds/bin/gnu/h-x86_64-mingw32/bin/../lib/gcc/nios2-elf/4.9.1/../../../../../H-x86_64-mingw32/nios2-elf/lib/mno-hw-mul\libc.a(lib_a-strlen.o)
                              c:/altera/15.0/nios2eds/bin/gnu/h-x86_64-mingw32/bin/../lib/gcc/nios2-elf/4.9.1/../../../../../H-x86_64-mingw32/nios2-elf/lib/mno-hw-mul\libc.a(lib_a-puts.o) (strlen)
c:/altera/15.0/nios2eds/bin/gnu/h-x86_64-mingw32/bin/../lib/gcc/nios2-elf/4.9.1/../../../../../H-x86_64-mingw32/nios2-elf/lib/mno-hw-mul\libc.a(lib_a-fvwrite.o)
                              c:/altera/15.0/nios2eds/bin/gnu/h-x86_64-mingw32/bin/../lib/gcc/nios2-elf/4.9.1/../../../../../H-x86_64-mingw32/nios2-elf/lib/mno-hw-mul\libc.a(lib_a-puts.o) (__sfvwrite_r)
c:/altera/15.0/nios2eds/bin/gnu/h-x86_64-mingw32/bin/../lib/gcc/nios2-elf/4.9.1/../../../../../H-x86_64-mingw32/nios2-elf/lib/mno-hw-mul\libc.a(lib_a-impure.o)
                              c:/altera/15.0/nios2eds/bin/gnu/h-x86_64-mingw32/bin/../lib/gcc/nios2-elf/4.9.1/../../../../../H-x86_64-mingw32/nios2-elf/lib/mno-hw-mul\libc.a(lib_a-puts.o) (_impure_ptr)
c:/altera/15.0/nios2eds/bin/gnu/h-x86_64-mingw32/bin/../lib/gcc/nios2-elf/4.9.1/../../../../../H-x86_64-mingw32/nios2-elf/lib/mno-hw-mul\libc.a(lib_a-mallocr.o)
                              c:/altera/15.0/nios2eds/bin/gnu/h-x86_64-mingw32/bin/../lib/gcc/nios2-elf/4.9.1/../../../../../H-x86_64-mingw32/nios2-elf/lib/mno-hw-mul\libc.a(lib_a-fvwrite.o) (_malloc_r)
c:/altera/15.0/nios2eds/bin/gnu/h-x86_64-mingw32/bin/../lib/gcc/nios2-elf/4.9.1/../../../../../H-x86_64-mingw32/nios2-elf/lib/mno-hw-mul\libc.a(lib_a-memchr.o)
                              c:/altera/15.0/nios2eds/bin/gnu/h-x86_64-mingw32/bin/../lib/gcc/nios2-elf/4.9.1/../../../../../H-x86_64-mingw32/nios2-elf/lib/mno-hw-mul\libc.a(lib_a-fvwrite.o) (memchr)
c:/altera/15.0/nios2eds/bin/gnu/h-x86_64-mingw32/bin/../lib/gcc/nios2-elf/4.9.1/../../../../../H-x86_64-mingw32/nios2-elf/lib/mno-hw-mul\libc.a(lib_a-memcpy.o)
                              c:/altera/15.0/nios2eds/bin/gnu/h-x86_64-mingw32/bin/../lib/gcc/nios2-elf/4.9.1/../../../../../H-x86_64-mingw32/nios2-elf/lib/mno-hw-mul\libc.a(lib_a-fvwrite.o) (memcpy)
c:/altera/15.0/nios2eds/bin/gnu/h-x86_64-mingw32/bin/../lib/gcc/nios2-elf/4.9.1/../../../../../H-x86_64-mingw32/nios2-elf/lib/mno-hw-mul\libc.a(lib_a-memmove.o)
                              c:/altera/15.0/nios2eds/bin/gnu/h-x86_64-mingw32/bin/../lib/gcc/nios2-elf/4.9.1/../../../../../H-x86_64-mingw32/nios2-elf/lib/mno-hw-mul\libc.a(lib_a-fvwrite.o) (memmove)
c:/altera/15.0/nios2eds/bin/gnu/h-x86_64-mingw32/bin/../lib/gcc/nios2-elf/4.9.1/../../../../../H-x86_64-mingw32/nios2-elf/lib/mno-hw-mul\libc.a(lib_a-reallocr.o)
                              c:/altera/15.0/nios2eds/bin/gnu/h-x86_64-mingw32/bin/../lib/gcc/nios2-elf/4.9.1/../../../../../H-x86_64-mingw32/nios2-elf/lib/mno-hw-mul\libc.a(lib_a-fvwrite.o) (_realloc_r)
c:/altera/15.0/nios2eds/bin/gnu/h-x86_64-mingw32/bin/../lib/gcc/nios2-elf/4.9.1/../../../../../H-x86_64-mingw32/nios2-elf/lib/mno-hw-mul\libc.a(lib_a-sbrkr.o)
                              c:/altera/15.0/nios2eds/bin/gnu/h-x86_64-mingw32/bin/../lib/gcc/nios2-elf/4.9.1/../../../../../H-x86_64-mingw32/nios2-elf/lib/mno-hw-mul\libc.a(lib_a-mallocr.o) (_sbrk_r)
c:/altera/15.0/nios2eds/bin/gnu/h-x86_64-mingw32/bin/../lib/gcc/nios2-elf/4.9.1/../../../../../H-x86_64-mingw32/nios2-elf/lib/mno-hw-mul\libc.a(lib_a-wsetup.o)
                              c:/altera/15.0/nios2eds/bin/gnu/h-x86_64-mingw32/bin/../lib/gcc/nios2-elf/4.9.1/../../../../../H-x86_64-mingw32/nios2-elf/lib/mno-hw-mul\libc.a(lib_a-fvwrite.o) (__swsetup_r)
c:/altera/15.0/nios2eds/bin/gnu/h-x86_64-mingw32/bin/../lib/gcc/nios2-elf/4.9.1/../../../../../H-x86_64-mingw32/nios2-elf/lib/mno-hw-mul\libc.a(lib_a-fflush.o)
                              c:/altera/15.0/nios2eds/bin/gnu/h-x86_64-mingw32/bin/../lib/gcc/nios2-elf/4.9.1/../../../../../H-x86_64-mingw32/nios2-elf/lib/mno-hw-mul\libc.a(lib_a-fvwrite.o) (_fflush_r)
c:/altera/15.0/nios2eds/bin/gnu/h-x86_64-mingw32/bin/../lib/gcc/nios2-elf/4.9.1/../../../../../H-x86_64-mingw32/nios2-elf/lib/mno-hw-mul\libc.a(lib_a-findfp.o)
                              c:/altera/15.0/nios2eds/bin/gnu/h-x86_64-mingw32/bin/../lib/gcc/nios2-elf/4.9.1/../../../../../H-x86_64-mingw32/nios2-elf/lib/mno-hw-mul\libc.a(lib_a-wsetup.o) (__sinit)
c:/altera/15.0/nios2eds/bin/gnu/h-x86_64-mingw32/bin/../lib/gcc/nios2-elf/4.9.1/../../../../../H-x86_64-mingw32/nios2-elf/lib/mno-hw-mul\libc.a(lib_a-freer.o)
                              c:/altera/15.0/nios2eds/bin/gnu/h-x86_64-mingw32/bin/../lib/gcc/nios2-elf/4.9.1/../../../../../H-x86_64-mingw32/nios2-elf/lib/mno-hw-mul\libc.a(lib_a-fvwrite.o) (_free_r)
[...]
Memory Configuration

Name             Origin             Length             Attributes
reset            0x0000000000020000 0x0000000000000020
onchip_sram      0x0000000000020020 0x000000000000bfe0
sdram_controller 0x0000000008000000 0x0000000004000000
*default*        0x0000000000000000 0xffffffffffffffff

Linker script and memory map

LOAD D:/tag2/de1_software/nios/leds_rotation/led_task_bsp//obj/HAL/src/crt0.o
LOAD obj/default/led_task.o
LOAD obj/default/main.o
LOAD c:/altera/15.0/nios2eds/bin/gnu/h-x86_64-mingw32/bin/../lib/gcc/nios2-elf/4.9.1/../../../../../H-x86_64-mingw32/nios2-elf/lib/mno-hw-mul\libstdc++.a
LOAD c:/altera/15.0/nios2eds/bin/gnu/h-x86_64-mingw32/bin/../lib/gcc/nios2-elf/4.9.1/../../../../../H-x86_64-mingw32/nios2-elf/lib/mno-hw-mul\libm.a
LOAD c:/altera/15.0/nios2eds/bin/gnu/h-x86_64-mingw32/bin/../lib/gcc/nios2-elf/4.9.1/mno-hw-mul\libgcc.a
START GROUP
LOAD c:/altera/15.0/nios2eds/bin/gnu/h-x86_64-mingw32/bin/../lib/gcc/nios2-elf/4.9.1/../../../../../H-x86_64-mingw32/nios2-elf/lib/mno-hw-mul\libc.a
LOAD c:/altera/15.0/nios2eds/bin/gnu/h-x86_64-mingw32/bin/../lib/gcc/nios2-elf/4.9.1/mno-hw-mul\libgcc.a
LOAD D:/tag2/de1_software/nios/leds_rotation/led_task_bsp/\libhal_bsp.a
LOAD c:/altera/15.0/nios2eds/bin/gnu/h-x86_64-mingw32/bin/../lib/gcc/nios2-elf/4.9.1/../../../../../H-x86_64-mingw32/nios2-elf/lib/mno-hw-mul\libm.a
END GROUP
LOAD c:/altera/15.0/nios2eds/bin/gnu/h-x86_64-mingw32/bin/../lib/gcc/nios2-elf/4.9.1/mno-hw-mul\libgcc.a
                0x0000000000020000                __alt_mem_onchip_sram = 0x20000
                0x0000000008000000                __alt_mem_sdram_controller = 0x8000000

.entry          0x0000000000020000       0x20
 *(.entry)
 .entry         0x0000000000020000       0x20 D:/tag2/de1_software/nios/leds_rotation/led_task_bsp//obj/HAL/src/crt0.o
                0x0000000000020000                __reset

.exceptions     0x0000000000020020      0x210
                0x0000000000020020                PROVIDE (__ram_exceptions_start, ABSOLUTE (.))
                0x0000000000020020                . = ALIGN (0x20)
 *(.irq)
 *(.exceptions.entry.label)
 .exceptions.entry.label
                0x0000000000020020        0x0 D:/tag2/de1_software/nios/leds_rotation/led_task_bsp/\libhal_bsp.a(alt_irq_entry.o)
                0x0000000000020020                alt_irq_entry
 .exceptions.entry.label
                0x0000000000020020        0x0 D:/tag2/de1_software/nios/leds_rotation/led_task_bsp/\libhal_bsp.a(alt_exception_entry.o)
                0x0000000000020020                alt_exception
 *(.exceptions.entry.user)
 *(.exceptions.entry.ecc_fatal)
 *(.exceptions.entry)
 .exceptions.entry
                0x0000000000020020       0x54 D:/tag2/de1_software/nios/leds_rotation/led_task_bsp/\libhal_bsp.a(alt_exception_entry.o)
 *(.exceptions.irqtest.user)
 *(.exceptions.irqtest)
 .exceptions.irqtest
                0x0000000000020074       0x10 D:/tag2/de1_software/nios/leds_rotation/led_task_bsp/\libhal_bsp.a(alt_irq_entry.o)
 *(.exceptions.irqhandler.user)
 *(.exceptions.irqhandler)
 .exceptions.irqhandler
                0x0000000000020084        0x4 D:/tag2/de1_software/nios/leds_rotation/led_task_bsp/\libhal_bsp.a(alt_irq_entry.o)
 *(.exceptions.irqreturn.user)
 *(.exceptions.irqreturn)
 .exceptions.irqreturn
                0x0000000000020088        0x4 D:/tag2/de1_software/nios/leds_rotation/led_task_bsp/\libhal_bsp.a(alt_irq_entry.o)
 *(.exceptions.notirq.label)
 .exceptions.notirq.label
                0x000000000002008c        0x0 D:/tag2/de1_software/nios/leds_rotation/led_task_bsp/\libhal_bsp.a(alt_irq_entry.o)
 *(.exceptions.notirq.user)
 *(.exceptions.notirq)
 .exceptions.notirq
                0x000000000002008c        0x8 D:/tag2/de1_software/nios/leds_rotation/led_task_bsp/\libhal_bsp.a(alt_exception_entry.o)
 *(.exceptions.soft.user)
 *(.exceptions.soft)
 *(.exceptions.unknown.user)
 *(.exceptions.unknown)
 .exceptions.unknown
                0x0000000000020094       0x14 D:/tag2/de1_software/nios/leds_rotation/led_task_bsp/\libhal_bsp.a(alt_exception_entry.o)
 *(.exceptions.exit.label)
 .exceptions.exit.label
                0x00000000000200a8        0x0 D:/tag2/de1_software/nios/leds_rotation/led_task_bsp/\libhal_bsp.a(alt_irq_entry.o)
 .exceptions.exit.label
                0x00000000000200a8        0x0 D:/tag2/de1_software/nios/leds_rotation/led_task_bsp/\libhal_bsp.a(alt_exception_entry.o)
 *(.exceptions.exit.user)
 *(.exceptions.exit)
 .exceptions.exit
                0x00000000000200a8       0x54 D:/tag2/de1_software/nios/leds_rotation/led_task_bsp/\libhal_bsp.a(alt_exception_entry.o)
 *(.exceptions)
 .exceptions    0x00000000000200fc       0xd4 D:/tag2/de1_software/nios/leds_rotation/led_task_bsp/\libhal_bsp.a(alt_irq_handler.o)
                0x00000000000200fc                alt_irq_handler
 .exceptions    0x00000000000201d0       0x60 D:/tag2/de1_software/nios/leds_rotation/led_task_bsp/\libhal_bsp.a(alt_instruction_exception_entry.o)
                0x00000000000201d0                alt_instruction_exception_entry
                0x0000000000020230                PROVIDE (__ram_exceptions_end, ABSOLUTE (.))
                0x0000000000020020                PROVIDE (__flash_exceptions_start, LOADADDR (.exceptions))

.text           0x0000000000020230     0x5928
                0x0000000000020230                PROVIDE (stext, ABSOLUTE (.))
 *(.interp)
 *(.hash)
 *(.dynsym)
 *(.dynstr)
 *(.gnu.version)
 *(.gnu.version_d)
 *(.gnu.version_r)
 *(.rel.init)
 *(.rela.init)
 *(.rel.text .rel.text.* .rel.gnu.linkonce.t.*)
 *(.rela.text .rela.text.* .rela.gnu.linkonce.t.*)
 *(.rel.fini)
 *(.rela.fini)
 *(.rel.rodata .rel.rodata.* .rel.gnu.linkonce.r.*)
 *(.rela.rodata .rela.rodata.* .rela.gnu.linkonce.r.*)
 *(.rel.data .rel.data.* .rel.gnu.linkonce.d.*)
 *(.rela.data .rela.data.* .rela.gnu.linkonce.d.*)
 *(.rel.tdata .rel.tdata.* .rel.gnu.linkonce.td.*)
 *(.rela.tdata .rela.tdata.* .rela.gnu.linkonce.td.*)
 *(.rel.tbss .rel.tbss.* .rel.gnu.linkonce.tb.*)
 *(.rela.tbss .rela.tbss.* .rela.gnu.linkonce.tb.*)
 *(.rel.ctors)
 *(.rela.ctors)
 *(.rel.dtors)
 *(.rela.dtors)
 *(.rel.got)
 *(.rela.got)
 *(.rel.sdata .rel.sdata.* .rel.gnu.linkonce.s.*)
 *(.rela.sdata .rela.sdata.* .rela.gnu.linkonce.s.*)
 *(.rel.sbss .rel.sbss.* .rel.gnu.linkonce.sb.*)
 *(.rela.sbss .rela.sbss.* .rela.gnu.linkonce.sb.*)
 *(.rel.sdata2 .rel.sdata2.* .rel.gnu.linkonce.s2.*)
 *(.rela.sdata2 .rela.sdata2.* .rela.gnu.linkonce.s2.*)
 *(.rel.sbss2 .rel.sbss2.* .rel.gnu.linkonce.sb2.*)
 *(.rela.sbss2 .rela.sbss2.* .rela.gnu.linkonce.sb2.*)
 *(.rel.bss .rel.bss.* .rel.gnu.linkonce.b.*)
 *(.rela.bss .rela.bss.* .rela.gnu.linkonce.b.*)
 *(.rel.plt)
 *(.rela.plt)
 *(.rel.dyn)
 *(.init)
 *(.plt)
 *(.text .stub .text.* .gnu.linkonce.t.*)
 .text          0x0000000000020230       0x3c D:/tag2/de1_software/nios/leds_rotation/led_task_bsp//obj/HAL/src/crt0.o
                0x0000000000020230                _start
 .text          0x000000000002026c       0xd8 obj/default/led_task.o
                0x000000000002026c                led_task()
 .text          0x0000000000020344       0x44 obj/default/main.o
                0x0000000000020344                main
 .text          0x0000000000020388       0xcc c:/altera/15.0/nios2eds/bin/gnu/h-x86_64-mingw32/bin/../lib/gcc/nios2-elf/4.9.1/../../../../../H-x86_64-mingw32/nios2-elf/lib/mno-hw-mul\libc.a(lib_a-puts.o)
                0x0000000000020388                _puts_r
                0x0000000000020440                puts
 .text          0x0000000000020454       0x98 c:/altera/15.0/nios2eds/bin/gnu/h-x86_64-mingw32/bin/../lib/gcc/nios2-elf/4.9.1/../../../../../H-x86_64-mingw32/nios2-elf/lib/mno-hw-mul\libc.a(lib_a-strlen.o)
                0x0000000000020454                strlen
 .text          0x00000000000204ec      0x4a4 c:/altera/15.0/nios2eds/bin/gnu/h-x86_64-mingw32/bin/../lib/gcc/nios2-elf/4.9.1/../../../../../H-x86_64-mingw32/nios2-elf/lib/mno-hw-mul\libc.a(lib_a-fvwrite.o)
                0x00000000000204ec                __sfvwrite_r
 .text          0x0000000000020990        0x0 c:/altera/15.0/nios2eds/bin/gnu/h-x86_64-mingw32/bin/../lib/gcc/nios2-elf/4.9.1/../../../../../H-x86_64-mingw32/nios2-elf/lib/mno-hw-mul\libc.a(lib_a-impure.o)
 .text          0x0000000000020990      0x7a8 c:/altera/15.0/nios2eds/bin/gnu/h-x86_64-mingw32/bin/../lib/gcc/nios2-elf/4.9.1/../../../../../H-x86_64-mingw32/nios2-elf/lib/mno-hw-mul\libc.a(lib_a-mallocr.o)
                0x0000000000020990                _malloc_r
 .text          0x0000000000021138       0xe8 c:/altera/15.0/nios2eds/bin/gnu/h-x86_64-mingw32/bin/../lib/gcc/nios2-elf/4.9.1/../../../../../H-x86_64-mingw32/nios2-elf/lib/mno-hw-mul\libc.a(lib_a-memchr.o)
                0x0000000000021138                memchr
 .text          0x0000000000021220      0x138 c:/altera/15.0/nios2eds/bin/gnu/h-x86_64-mingw32/bin/../lib/gcc/nios2-elf/4.9.1/../../../../../H-x86_64-mingw32/nios2-elf/lib/mno-hw-mul\libc.a(lib_a-memcpy.o)
                0x0000000000021220                memcpy
 .text          0x0000000000021358      0x15c c:/altera/15.0/nios2eds/bin/gnu/h-x86_64-mingw32/bin/../lib/gcc/nios2-elf/4.9.1/../../../../../H-x86_64-mingw32/nios2-elf/lib/mno-hw-mul\libc.a(lib_a-memmove.o)
                0x0000000000021358                memmove
 .text          0x00000000000214b4      0x5a0 c:/altera/15.0/nios2eds/bin/gnu/h-x86_64-mingw32/bin/../lib/gcc/nios2-elf/4.9.1/../../../../../H-x86_64-mingw32/nios2-elf/lib/mno-hw-mul\libc.a(lib_a-reallocr.o)
                0x00000000000214b4                _realloc_r
 .text          0x0000000000021a54       0x54 c:/altera/15.0/nios2eds/bin/gnu/h-x86_64-mingw32/bin/../lib/gcc/nios2-elf/4.9.1/../../../../../H-x86_64-mingw32/nios2-elf/lib/mno-hw-mul\libc.a(lib_a-sbrkr.o)
                0x0000000000021a54                _sbrk_r
 .text          0x0000000000021aa8      0x130 c:/altera/15.0/nios2eds/bin/gnu/h-x86_64-mingw32/bin/../lib/gcc/nios2-elf/4.9.1/../../../../../H-x86_64-mingw32/nios2-elf/lib/mno-hw-mul\libc.a(lib_a-wsetup.o)
                0x0000000000021aa8                __swsetup_r
 .text          0x0000000000021bd8      0x258 c:/altera/15.0/nios2eds/bin/gnu/h-x86_64-mingw32/bin/../lib/gcc/nios2-elf/4.9.1/../../../../../H-x86_64-mingw32/nios2-elf/lib/mno-hw-mul\libc.a(lib_a-fflush.o)
                0x0000000000021bd8                _fflush_r
                0x0000000000021e00                fflush
 .text          0x0000000000021e30      0x3b4 c:/altera/15.0/nios2eds/bin/gnu/h-x86_64-mingw32/bin/../lib/gcc/nios2-elf/4.9.1/../../../../../H-x86_64-mingw32/nios2-elf/lib/mno-hw-mul\libc.a(lib_a-findfp.o)
                0x0000000000021e40                _cleanup_r
                0x0000000000021fec                __sfmoreglue
                0x0000000000022064                __sfp
                0x000000000002217c                _cleanup
                0x0000000000022194                __sinit
                0x00000000000221a4                __sfp_lock_acquire
                0x00000000000221a8                __sfp_lock_release
                0x00000000000221ac                __sinit_lock_acquire
                0x00000000000221b0                __sinit_lock_release
                0x00000000000221b4                __fp_lock_all
                0x00000000000221cc                __fp_unlock_all
 .text          0x00000000000221e4      0x414 c:/altera/15.0/nios2eds/bin/gnu/h-x86_64-mingw32/bin/../lib/gcc/nios2-elf/4.9.1/../../../../../H-x86_64-mingw32/nios2-elf/lib/mno-hw-mul\libc.a(lib_a-freer.o)
                0x00000000000221e4                _malloc_trim_r
                0x0000000000022308                _free_r
 .text          0x00000000000225f8      0x170 c:/altera/15.0/nios2eds/bin/gnu/h-x86_64-mingw32/bin/../lib/gcc/nios2-elf/4.9.1/../../../../../H-x86_64-mingw32/nios2-elf/lib/mno-hw-mul\libc.a(lib_a-fwalk.o)
                0x00000000000225f8                _fwalk
                0x00000000000226b0                _fwalk_reent
 .text          0x0000000000022768        0x0 c:/altera/15.0/nios2eds/bin/gnu/h-x86_64-mingw32/bin/../lib/gcc/nios2-elf/4.9.1/../../../../../H-x86_64-mingw32/nios2-elf/lib/mno-hw-mul\libc.a(lib_a-int_errno.o)
 .text          0x0000000000022768      0x1b8 c:/altera/15.0/nios2eds/bin/gnu/h-x86_64-mingw32/bin/../lib/gcc/nios2-elf/4.9.1/../../../../../H-x86_64-mingw32/nios2-elf/lib/mno-hw-mul\libc.a(lib_a-makebuf.o)
                0x0000000000022768                __smakebuf_r
 .text          0x0000000000022920      0x124 c:/altera/15.0/nios2eds/bin/gnu/h-x86_64-mingw32/bin/../lib/gcc/nios2-elf/4.9.1/../../../../../H-x86_64-mingw32/nios2-elf/lib/mno-hw-mul\libc.a(lib_a-memset.o)
                0x0000000000022920                memset
 .text          0x0000000000022a44      0x13c c:/altera/15.0/nios2eds/bin/gnu/h-x86_64-mingw32/bin/../lib/gcc/nios2-elf/4.9.1/../../../../../H-x86_64-mingw32/nios2-elf/lib/mno-hw-mul\libc.a(lib_a-stdio.o)
                0x0000000000022a44                __sread
                0x0000000000022a98                __seofread
                0x0000000000022aa0                __swrite
                0x0000000000022b1c                __sseek
                0x0000000000022b78                __sclose
 .text          0x0000000000022b80       0x5c c:/altera/15.0/nios2eds/bin/gnu/h-x86_64-mingw32/bin/../lib/gcc/nios2-elf/4.9.1/../../../../../H-x86_64-mingw32/nios2-elf/lib/mno-hw-mul\libc.a(lib_a-writer.o)
                0x0000000000022b80                _write_r
 .text          0x0000000000022bdc       0x54 c:/altera/15.0/nios2eds/bin/gnu/h-x86_64-mingw32/bin/../lib/gcc/nios2-elf/4.9.1/../../../../../H-x86_64-mingw32/nios2-elf/lib/mno-hw-mul\libc.a(closer.o)
                0x0000000000022bdc                _close_r
 .text          0x0000000000022c30      0x114 c:/altera/15.0/nios2eds/bin/gnu/h-x86_64-mingw32/bin/../lib/gcc/nios2-elf/4.9.1/../../../../../H-x86_64-mingw32/nios2-elf/lib/mno-hw-mul\libc.a(lib_a-fclose.o)
                0x0000000000022c30                _fclose_r
                0x0000000000022d30                fclose
 .text          0x0000000000022d44       0x58 c:/altera/15.0/nios2eds/bin/gnu/h-x86_64-mingw32/bin/../lib/gcc/nios2-elf/4.9.1/../../../../../H-x86_64-mingw32/nios2-elf/lib/mno-hw-mul\libc.a(lib_a-fstatr.o)
                0x0000000000022d44                _fstat_r
 .text          0x0000000000022d9c       0x54 c:/altera/15.0/nios2eds/bin/gnu/h-x86_64-mingw32/bin/../lib/gcc/nios2-elf/4.9.1/../../../../../H-x86_64-mingw32/nios2-elf/lib/mno-hw-mul\libc.a(lib_a-isattyr.o)
                0x0000000000022d9c                _isatty_r
 .text          0x0000000000022df0       0x5c c:/altera/15.0/nios2eds/bin/gnu/h-x86_64-mingw32/bin/../lib/gcc/nios2-elf/4.9.1/../../../../../H-x86_64-mingw32/nios2-elf/lib/mno-hw-mul\libc.a(lib_a-lseekr.o)
                0x0000000000022df0                _lseek_r
 .text          0x0000000000022e4c       0x5c c:/altera/15.0/nios2eds/bin/gnu/h-x86_64-mingw32/bin/../lib/gcc/nios2-elf/4.9.1/../../../../../H-x86_64-mingw32/nios2-elf/lib/mno-hw-mul\libc.a(lib_a-readr.o)
                0x0000000000022e4c                _read_r
 .text          0x0000000000022ea8       0x28 c:/altera/15.0/nios2eds/bin/gnu/h-x86_64-mingw32/bin/../lib/gcc/nios2-elf/4.9.1/mno-hw-mul\libgcc.a(lib2-mul.o)
                0x0000000000022ea8                __mulsi3
 .text          0x0000000000022ed0      0x128 D:/tag2/de1_software/nios/leds_rotation/led_task_bsp/\libhal_bsp.a(alt_close.o)
                0x0000000000022f20                close
 .text          0x0000000000022ff8       0x2c D:/tag2/de1_software/nios/leds_rotation/led_task_bsp/\libhal_bsp.a(alt_dev.o)
 .text          0x0000000000023024        0x0 D:/tag2/de1_software/nios/leds_rotation/led_task_bsp/\libhal_bsp.a(alt_errno.o)
 .text          0x0000000000023024      0x108 D:/tag2/de1_software/nios/leds_rotation/led_task_bsp/\libhal_bsp.a(alt_fstat.o)
                0x0000000000023074                fstat
 .text          0x000000000002312c       0xfc D:/tag2/de1_software/nios/leds_rotation/led_task_bsp/\libhal_bsp.a(alt_isatty.o)
                0x000000000002317c                isatty
 .text          0x0000000000023228       0xe4 D:/tag2/de1_software/nios/leds_rotation/led_task_bsp/\libhal_bsp.a(alt_load.o)
                0x000000000002328c                alt_load
 .text          0x000000000002330c      0x12c D:/tag2/de1_software/nios/leds_rotation/led_task_bsp/\libhal_bsp.a(alt_lseek.o)
                0x000000000002335c                lseek
 .text          0x0000000000023438       0x78 D:/tag2/de1_software/nios/leds_rotation/led_task_bsp/\libhal_bsp.a(alt_main.o)
                0x0000000000023438                alt_main
 .text          0x00000000000234b0       0x40 D:/tag2/de1_software/nios/leds_rotation/led_task_bsp/\libhal_bsp.a(alt_malloc_lock.o)
                0x00000000000234b0                __malloc_lock
                0x00000000000234d0                __malloc_unlock
 .text          0x00000000000234f0      0x154 D:/tag2/de1_software/nios/leds_rotation/led_task_bsp/\libhal_bsp.a(alt_read.o)
                0x0000000000023540                read
 .text          0x0000000000023644       0x80 D:/tag2/de1_software/nios/leds_rotation/led_task_bsp/\libhal_bsp.a(alt_release_fd.o)
                0x0000000000023644                alt_release_fd
 .text          0x00000000000236c4       0xb0 D:/tag2/de1_software/nios/leds_rotation/led_task_bsp/\libhal_bsp.a(alt_sbrk.o)
                0x00000000000236c4                sbrk
 .text          0x0000000000023774       0x30 D:/tag2/de1_software/nios/leds_rotation/led_task_bsp/\libhal_bsp.a(alt_usleep.o)
                0x0000000000023774                usleep
 .text          0x00000000000237a4      0x150 D:/tag2/de1_software/nios/leds_rotation/led_task_bsp/\libhal_bsp.a(alt_write.o)
                0x00000000000237f4                write
 .text          0x00000000000238f4       0xcc D:/tag2/de1_software/nios/leds_rotation/led_task_bsp/\libhal_bsp.a(alt_sys_init.o)
                0x000000000002392c                alt_irq_init
                0x0000000000023960                alt_sys_init
 .text          0x00000000000239c0      0x164 D:/tag2/de1_software/nios/leds_rotation/led_task_bsp/\libhal_bsp.a(altera_avalon_jtag_uart_fd.o)
                0x00000000000239c0                altera_avalon_jtag_uart_read_fd
                0x0000000000023a20                altera_avalon_jtag_uart_write_fd
                0x0000000000023a80                altera_avalon_jtag_uart_close_fd
                0x0000000000023ad0                altera_avalon_jtag_uart_ioctl_fd
 .text          0x0000000000023b24      0x3d0 D:/tag2/de1_software/nios/leds_rotation/led_task_bsp/\libhal_bsp.a(altera_avalon_jtag_uart_init.o)
                0x0000000000023b24                altera_avalon_jtag_uart_init
                0x0000000000023e8c                altera_avalon_jtag_uart_close
 .text          0x0000000000023ef4       0xec D:/tag2/de1_software/nios/leds_rotation/led_task_bsp/\libhal_bsp.a(altera_avalon_jtag_uart_ioctl.o)
                0x0000000000023ef4                altera_avalon_jtag_uart_ioctl
 .text          0x0000000000023fe0      0x20c D:/tag2/de1_software/nios/leds_rotation/led_task_bsp/\libhal_bsp.a(altera_avalon_jtag_uart_read.o)
                0x0000000000023fe0                altera_avalon_jtag_uart_read
 .text          0x00000000000241ec      0x218 D:/tag2/de1_software/nios/leds_rotation/led_task_bsp/\libhal_bsp.a(altera_avalon_jtag_uart_write.o)
                0x00000000000241ec                altera_avalon_jtag_uart_write
 .text          0x0000000000024404      0x38c D:/tag2/de1_software/nios/leds_rotation/led_task_bsp/\libhal_bsp.a(altera_up_avalon_rs232.o)
                0x0000000000024404                alt_up_rs232_enable_read_interrupt
                0x000000000002445c                alt_up_rs232_disable_read_interrupt
                0x00000000000244b8                alt_up_rs232_get_used_space_in_read_FIFO
                0x00000000000244f8                alt_up_rs232_get_available_space_in_write_FIFO
                0x0000000000024534                alt_up_rs232_check_parity
                0x0000000000024578                alt_up_rs232_write_data
                0x00000000000245b8                alt_up_rs232_read_data
                0x000000000002462c                alt_up_rs232_read_fd
                0x00000000000246bc                alt_up_rs232_write_fd
                0x0000000000024750                alt_up_rs232_open_dev
 .text          0x0000000000024790      0x140 D:/tag2/de1_software/nios/leds_rotation/led_task_bsp/\libhal_bsp.a(alt_alarm_start.o)
                0x0000000000024790                alt_alarm_start
 .text          0x00000000000248d0      0x158 D:/tag2/de1_software/nios/leds_rotation/led_task_bsp/\libhal_bsp.a(alt_busy_sleep.o)
                0x00000000000248d0                alt_busy_sleep
 .text          0x0000000000024a28       0x1c D:/tag2/de1_software/nios/leds_rotation/led_task_bsp/\libhal_bsp.a(alt_dcache_flush_all.o)
                0x0000000000024a28                alt_dcache_flush_all
 .text          0x0000000000024a44       0xf4 D:/tag2/de1_software/nios/leds_rotation/led_task_bsp/\libhal_bsp.a(alt_dev_llist_insert.o)
                0x0000000000024a94                alt_dev_llist_insert
 .text          0x0000000000024b38       0x5c D:/tag2/de1_software/nios/leds_rotation/led_task_bsp/\libhal_bsp.a(alt_do_ctors.o)
                0x0000000000024b38                _do_ctors
 .text          0x0000000000024b94       0x5c D:/tag2/de1_software/nios/leds_rotation/led_task_bsp/\libhal_bsp.a(alt_do_dtors.o)
                0x0000000000024b94                _do_dtors
 .text          0x0000000000024bf0       0x90 D:/tag2/de1_software/nios/leds_rotation/led_task_bsp/\libhal_bsp.a(alt_find_dev.o)
                0x0000000000024bf0                alt_find_dev
 .text          0x0000000000024c80       0x1c D:/tag2/de1_software/nios/leds_rotation/led_task_bsp/\libhal_bsp.a(alt_icache_flush_all.o)
                0x0000000000024c80                alt_icache_flush_all
 .text          0x0000000000024c9c      0x158 D:/tag2/de1_software/nios/leds_rotation/led_task_bsp/\libhal_bsp.a(alt_io_redirect.o)
                0x0000000000024d7c                alt_io_redirect
 .text          0x0000000000024df4      0x1b0 D:/tag2/de1_software/nios/leds_rotation/led_task_bsp/\libhal_bsp.a(alt_irq_register.o)
                0x0000000000024df4                alt_irq_register
 .text          0x0000000000024fa4        0x0 D:/tag2/de1_software/nios/leds_rotation/led_task_bsp/\libhal_bsp.a(alt_irq_vars.o)
 .text          0x0000000000024fa4      0x2a4 D:/tag2/de1_software/nios/leds_rotation/led_task_bsp/\libhal_bsp.a(alt_open.o)
                0x00000000000250e8                open
 .text          0x0000000000025248      0x19c D:/tag2/de1_software/nios/leds_rotation/led_task_bsp/\libhal_bsp.a(alt_tick.o)
                0x0000000000025248                alt_alarm_stop
                0x00000000000252e0                alt_tick
 .text          0x00000000000253e4       0x20 D:/tag2/de1_software/nios/leds_rotation/led_task_bsp/\libhal_bsp.a(altera_nios2_gen2_irq.o)
                0x00000000000253e4                altera_nios2_gen2_irq_init
 .text          0x0000000000025404      0x114 D:/tag2/de1_software/nios/leds_rotation/led_task_bsp/\libhal_bsp.a(alt_find_file.o)
                0x0000000000025404                alt_find_file
 .text          0x0000000000025518       0xd4 D:/tag2/de1_software/nios/leds_rotation/led_task_bsp/\libhal_bsp.a(alt_get_fd.o)
                0x0000000000025518                alt_get_fd
 .text          0x00000000000255ec        0x0 D:/tag2/de1_software/nios/leds_rotation/led_task_bsp/\libhal_bsp.a(alt_irq_entry.o)
 .text          0x00000000000255ec        0x0 D:/tag2/de1_software/nios/leds_rotation/led_task_bsp/\libhal_bsp.a(alt_irq_handler.o)
 .text          0x00000000000255ec        0x0 D:/tag2/de1_software/nios/leds_rotation/led_task_bsp/\libhal_bsp.a(alt_exception_entry.o)
 .text          0x00000000000255ec       0x9c D:/tag2/de1_software/nios/leds_rotation/led_task_bsp/\libhal_bsp.a(alt_instruction_exception_entry.o)
                0x00000000000255ec                alt_exception_cause_generated_bad_addr
 .text          0x0000000000025688       0x14 c:/altera/15.0/nios2eds/bin/gnu/h-x86_64-mingw32/bin/../lib/gcc/nios2-elf/4.9.1/../../../../../H-x86_64-mingw32/nios2-elf/lib/mno-hw-mul\libc.a(lib_a-atexit.o)
                0x0000000000025688                atexit
 .text          0x000000000002569c       0x38 c:/altera/15.0/nios2eds/bin/gnu/h-x86_64-mingw32/bin/../lib/gcc/nios2-elf/4.9.1/../../../../../H-x86_64-mingw32/nios2-elf/lib/mno-hw-mul\libc.a(lib_a-exit.o)
                0x000000000002569c                exit
 .text          0x00000000000256d4       0x7c c:/altera/15.0/nios2eds/bin/gnu/h-x86_64-mingw32/bin/../lib/gcc/nios2-elf/4.9.1/../../../../../H-x86_64-mingw32/nios2-elf/lib/mno-hw-mul\libc.a(lib_a-memcmp.o)
                0x00000000000256d4                memcmp
 .text          0x0000000000025750      0x114 c:/altera/15.0/nios2eds/bin/gnu/h-x86_64-mingw32/bin/../lib/gcc/nios2-elf/4.9.1/../../../../../H-x86_64-mingw32/nios2-elf/lib/mno-hw-mul\libc.a(lib_a-__atexit.o)
                0x0000000000025750                __register_exitproc
 .text          0x0000000000025864      0x194 c:/altera/15.0/nios2eds/bin/gnu/h-x86_64-mingw32/bin/../lib/gcc/nios2-elf/4.9.1/../../../../../H-x86_64-mingw32/nios2-elf/lib/mno-hw-mul\libc.a(lib_a-__call_atexit.o)
                0x0000000000025864                __call_exitprocs
 .text          0x00000000000259f8      0x12c c:/altera/15.0/nios2eds/bin/gnu/h-x86_64-mingw32/bin/../lib/gcc/nios2-elf/4.9.1/mno-hw-mul\libgcc.a(lib2-divmod.o)
                0x0000000000025a64                __divsi3
                0x0000000000025ab8                __modsi3
                0x0000000000025b14                __udivsi3
                0x0000000000025b1c                __umodsi3
 .text          0x0000000000025b24       0x34 D:/tag2/de1_software/nios/leds_rotation/led_task_bsp/\libhal_bsp.a(alt_exit.o)
                0x0000000000025b24                _exit
 *(.gnu.warning.*)
 *(.fini)
                0x0000000000025b58                PROVIDE (__etext, ABSOLUTE (.))
                0x0000000000025b58                PROVIDE (_etext, ABSOLUTE (.))
                0x0000000000025b58                PROVIDE (etext, ABSOLUTE (.))
 *(.eh_frame_hdr)
                0x0000000000025b58                . = ALIGN (0x4)
                0x0000000000025b58                PROVIDE (__preinit_array_start, ABSOLUTE (.))
 *(.preinit_array)
                0x0000000000025b58                PROVIDE (__preinit_array_end, ABSOLUTE (.))
                0x0000000000025b58                PROVIDE (__init_array_start, ABSOLUTE (.))
 *(.init_array)
                0x0000000000025b58                PROVIDE (__init_array_end, ABSOLUTE (.))
                0x0000000000025b58                PROVIDE (__fini_array_start, ABSOLUTE (.))
 *(.fini_array)
                0x0000000000025b58                PROVIDE (__fini_array_end, ABSOLUTE (.))
 *(.eh_frame)
 *(.gcc_except_table .gcc_except_table.*)
 *(.dynamic)
                0x0000000000025b58                PROVIDE (__CTOR_LIST__, ABSOLUTE (.))
 *(.ctors)
 *(SORT(.ctors.*))
                0x0000000000025b58                PROVIDE (__CTOR_END__, ABSOLUTE (.))
                0x0000000000025b58                PROVIDE (__DTOR_LIST__, ABSOLUTE (.))
 *(.dtors)
 *(SORT(.dtors.*))
                0x0000000000025b58                PROVIDE (__DTOR_END__, ABSOLUTE (.))
 *(.jcr)
                0x0000000000025b58                . = ALIGN (0x4)

.rodata         0x0000000008000000       0xc0 load address 0x0000000000025b58
                0x0000000008000000                PROVIDE (__ram_rodata_start, ABSOLUTE (.))
                0x0000000008000000                . = ALIGN (0x4)
 *(.rodata .rodata.* .gnu.linkonce.r.*)
 .rodata        0x0000000008000000       0x58 obj/default/main.o
 .rodata.str1.4
                0x0000000008000058        0x2 c:/altera/15.0/nios2eds/bin/gnu/h-x86_64-mingw32/bin/../lib/gcc/nios2-elf/4.9.1/../../../../../H-x86_64-mingw32/nios2-elf/lib/mno-hw-mul\libc.a(lib_a-puts.o)
                                          0x4 (size before relaxing)
 *fill*         0x000000000800005a        0x2 
 .rodata.str1.4
                0x000000000800005c        0x4 c:/altera/15.0/nios2eds/bin/gnu/h-x86_64-mingw32/bin/../lib/gcc/nios2-elf/4.9.1/../../../../../H-x86_64-mingw32/nios2-elf/lib/mno-hw-mul\libc.a(lib_a-impure.o)
 .rodata        0x0000000008000060        0xc D:/tag2/de1_software/nios/leds_rotation/led_task_bsp/\libhal_bsp.a(alt_dev.o)
 .rodata        0x000000000800006c       0x14 D:/tag2/de1_software/nios/leds_rotation/led_task_bsp/\libhal_bsp.a(alt_main.o)
 .rodata        0x0000000008000080       0x40 D:/tag2/de1_software/nios/leds_rotation/led_task_bsp/\libhal_bsp.a(alt_sys_init.o)
 *(.rodata1)
                0x00000000080000c0                . = ALIGN (0x4)
                0x00000000080000c0                PROVIDE (__ram_rodata_end, ABSOLUTE (.))
                0x0000000000025b58                PROVIDE (__flash_rodata_start, LOADADDR (.rodata))

.rwdata         0x00000000080000c0     0x1ac4 load address 0x0000000000025c18
                0x00000000080000c0                PROVIDE (__ram_rwdata_start, ABSOLUTE (.))
                0x00000000080000c0                . = ALIGN (0x4)
 *(.got.plt)
 *(.got)
 *(.data1)
 *(.data .data.* .gnu.linkonce.d.*)
 .data          0x00000000080000c0        0x0 D:/tag2/de1_software/nios/leds_rotation/led_task_bsp//obj/HAL/src/crt0.o
 .data          0x00000000080000c0        0x0 obj/default/led_task.o
 .data          0x00000000080000c0        0x0 obj/default/main.o
 .data          0x00000000080000c0        0x0 c:/altera/15.0/nios2eds/bin/gnu/h-x86_64-mingw32/bin/../lib/gcc/nios2-elf/4.9.1/../../../../../H-x86_64-mingw32/nios2-elf/lib/mno-hw-mul\libc.a(lib_a-puts.o)
 .data          0x00000000080000c0        0x0 c:/altera/15.0/nios2eds/bin/gnu/h-x86_64-mingw32/bin/../lib/gcc/nios2-elf/4.9.1/../../../../../H-x86_64-mingw32/nios2-elf/lib/mno-hw-mul\libc.a(lib_a-strlen.o)
 .data          0x00000000080000c0        0x0 c:/altera/15.0/nios2eds/bin/gnu/h-x86_64-mingw32/bin/../lib/gcc/nios2-elf/4.9.1/../../../../../H-x86_64-mingw32/nios2-elf/lib/mno-hw-mul\libc.a(lib_a-fvwrite.o)
 .data          0x00000000080000c0      0x424 c:/altera/15.0/nios2eds/bin/gnu/h-x86_64-mingw32/bin/../lib/gcc/nios2-elf/4.9.1/../../../../../H-x86_64-mingw32/nios2-elf/lib/mno-hw-mul\libc.a(lib_a-impure.o)
 .data          0x00000000080004e4      0x408 c:/altera/15.0/nios2eds/bin/gnu/h-x86_64-mingw32/bin/../lib/gcc/nios2-elf/4.9.1/../../../../../H-x86_64-mingw32/nios2-elf/lib/mno-hw-mul\libc.a(lib_a-mallocr.o)
                0x00000000080004e4                __malloc_av_
 .data          0x00000000080008ec        0x0 c:/altera/15.0/nios2eds/bin/gnu/h-x86_64-mingw32/bin/../lib/gcc/nios2-elf/4.9.1/../../../../../H-x86_64-mingw32/nios2-elf/lib/mno-hw-mul\libc.a(lib_a-memchr.o)
 .data          0x00000000080008ec        0x0 c:/altera/15.0/nios2eds/bin/gnu/h-x86_64-mingw32/bin/../lib/gcc/nios2-elf/4.9.1/../../../../../H-x86_64-mingw32/nios2-elf/lib/mno-hw-mul\libc.a(lib_a-memcpy.o)
 .data          0x00000000080008ec        0x0 c:/altera/15.0/nios2eds/bin/gnu/h-x86_64-mingw32/bin/../lib/gcc/nios2-elf/4.9.1/../../../../../H-x86_64-mingw32/nios2-elf/lib/mno-hw-mul\libc.a(lib_a-memmove.o)
 .data          0x00000000080008ec        0x0 c:/altera/15.0/nios2eds/bin/gnu/h-x86_64-mingw32/bin/../lib/gcc/nios2-elf/4.9.1/../../../../../H-x86_64-mingw32/nios2-elf/lib/mno-hw-mul\libc.a(lib_a-reallocr.o)
 .data          0x00000000080008ec        0x0 c:/altera/15.0/nios2eds/bin/gnu/h-x86_64-mingw32/bin/../lib/gcc/nios2-elf/4.9.1/../../../../../H-x86_64-mingw32/nios2-elf/lib/mno-hw-mul\libc.a(lib_a-sbrkr.o)
 .data          0x00000000080008ec        0x0 c:/altera/15.0/nios2eds/bin/gnu/h-x86_64-mingw32/bin/../lib/gcc/nios2-elf/4.9.1/../../../../../H-x86_64-mingw32/nios2-elf/lib/mno-hw-mul\libc.a(lib_a-wsetup.o)
 .data          0x00000000080008ec        0x0 c:/altera/15.0/nios2eds/bin/gnu/h-x86_64-mingw32/bin/../lib/gcc/nios2-elf/4.9.1/../../../../../H-x86_64-mingw32/nios2-elf/lib/mno-hw-mul\libc.a(lib_a-fflush.o)
 .data          0x00000000080008ec        0x0 c:/altera/15.0/nios2eds/bin/gnu/h-x86_64-mingw32/bin/../lib/gcc/nios2-elf/4.9.1/../../../../../H-x86_64-mingw32/nios2-elf/lib/mno-hw-mul\libc.a(lib_a-findfp.o)
 .data          0x00000000080008ec        0x0 c:/altera/15.0/nios2eds/bin/gnu/h-x86_64-mingw32/bin/../lib/gcc/nios2-elf/4.9.1/../../../../../H-x86_64-mingw32/nios2-elf/lib/mno-hw-mul\libc.a(lib_a-freer.o)
 .data          0x00000000080008ec        0x0 c:/altera/15.0/nios2eds/bin/gnu/h-x86_64-mingw32/bin/../lib/gcc/nios2-elf/4.9.1/../../../../../H-x86_64-mingw32/nios2-elf/lib/mno-hw-mul\libc.a(lib_a-fwalk.o)
 .data          0x00000000080008ec        0x0 c:/altera/15.0/nios2eds/bin/gnu/h-x86_64-mingw32/bin/../lib/gcc/nios2-elf/4.9.1/../../../../../H-x86_64-mingw32/nios2-elf/lib/mno-hw-mul\libc.a(lib_a-int_errno.o)
 .data          0x00000000080008ec        0x0 c:/altera/15.0/nios2eds/bin/gnu/h-x86_64-mingw32/bin/../lib/gcc/nios2-elf/4.9.1/../../../../../H-x86_64-mingw32/nios2-elf/lib/mno-hw-mul\libc.a(lib_a-makebuf.o)
 .data          0x00000000080008ec        0x0 c:/altera/15.0/nios2eds/bin/gnu/h-x86_64-mingw32/bin/../lib/gcc/nios2-elf/4.9.1/../../../../../H-x86_64-mingw32/nios2-elf/lib/mno-hw-mul\libc.a(lib_a-memset.o)
 .data          0x00000000080008ec        0x0 c:/altera/15.0/nios2eds/bin/gnu/h-x86_64-mingw32/bin/../lib/gcc/nios2-elf/4.9.1/../../../../../H-x86_64-mingw32/nios2-elf/lib/mno-hw-mul\libc.a(lib_a-stdio.o)
 .data          0x00000000080008ec        0x0 c:/altera/15.0/nios2eds/bin/gnu/h-x86_64-mingw32/bin/../lib/gcc/nios2-elf/4.9.1/../../../../../H-x86_64-mingw32/nios2-elf/lib/mno-hw-mul\libc.a(lib_a-writer.o)
 .data          0x00000000080008ec        0x0 c:/altera/15.0/nios2eds/bin/gnu/h-x86_64-mingw32/bin/../lib/gcc/nios2-elf/4.9.1/../../../../../H-x86_64-mingw32/nios2-elf/lib/mno-hw-mul\libc.a(closer.o)
 .data          0x00000000080008ec        0x0 c:/altera/15.0/nios2eds/bin/gnu/h-x86_64-mingw32/bin/../lib/gcc/nios2-elf/4.9.1/../../../../../H-x86_64-mingw32/nios2-elf/lib/mno-hw-mul\libc.a(lib_a-fclose.o)
 .data          0x00000000080008ec        0x0 c:/altera/15.0/nios2eds/bin/gnu/h-x86_64-mingw32/bin/../lib/gcc/nios2-elf/4.9.1/../../../../../H-x86_64-mingw32/nios2-elf/lib/mno-hw-mul\libc.a(lib_a-fstatr.o)
 .data          0x00000000080008ec        0x0 c:/altera/15.0/nios2eds/bin/gnu/h-x86_64-mingw32/bin/../lib/gcc/nios2-elf/4.9.1/../../../../../H-x86_64-mingw32/nios2-elf/lib/mno-hw-mul\libc.a(lib_a-isattyr.o)
 .data          0x00000000080008ec        0x0 c:/altera/15.0/nios2eds/bin/gnu/h-x86_64-mingw32/bin/../lib/gcc/nios2-elf/4.9.1/../../../../../H-x86_64-mingw32/nios2-elf/lib/mno-hw-mul\libc.a(lib_a-lseekr.o)
 .data          0x00000000080008ec        0x0 c:/altera/15.0/nios2eds/bin/gnu/h-x86_64-mingw32/bin/../lib/gcc/nios2-elf/4.9.1/../../../../../H-x86_64-mingw32/nios2-elf/lib/mno-hw-mul\libc.a(lib_a-readr.o)
 .data          0x00000000080008ec        0x0 c:/altera/15.0/nios2eds/bin/gnu/h-x86_64-mingw32/bin/../lib/gcc/nios2-elf/4.9.1/mno-hw-mul\libgcc.a(lib2-mul.o)
 .data          0x00000000080008ec        0x0 D:/tag2/de1_software/nios/leds_rotation/led_task_bsp/\libhal_bsp.a(alt_close.o)
 .data          0x00000000080008ec      0x1a8 D:/tag2/de1_software/nios/leds_rotation/led_task_bsp/\libhal_bsp.a(alt_dev.o)
                0x00000000080008ec                alt_dev_null
                0x0000000008000914                alt_fd_list
 .data          0x0000000008000a94        0x0 D:/tag2/de1_software/nios/leds_rotation/led_task_bsp/\libhal_bsp.a(alt_errno.o)
 .data          0x0000000008000a94        0x0 D:/tag2/de1_software/nios/leds_rotation/led_task_bsp/\libhal_bsp.a(alt_fstat.o)
 .data          0x0000000008000a94        0x0 D:/tag2/de1_software/nios/leds_rotation/led_task_bsp/\libhal_bsp.a(alt_isatty.o)
 .data          0x0000000008000a94        0x0 D:/tag2/de1_software/nios/leds_rotation/led_task_bsp/\libhal_bsp.a(alt_load.o)
 .data          0x0000000008000a94        0x0 D:/tag2/de1_software/nios/leds_rotation/led_task_bsp/\libhal_bsp.a(alt_lseek.o)
 .data          0x0000000008000a94        0x0 D:/tag2/de1_software/nios/leds_rotation/led_task_bsp/\libhal_bsp.a(alt_main.o)
 .data          0x0000000008000a94        0x0 D:/tag2/de1_software/nios/leds_rotation/led_task_bsp/\libhal_bsp.a(alt_malloc_lock.o)
 .data          0x0000000008000a94        0x0 D:/tag2/de1_software/nios/leds_rotation/led_task_bsp/\libhal_bsp.a(alt_read.o)
 .data          0x0000000008000a94        0x0 D:/tag2/de1_software/nios/leds_rotation/led_task_bsp/\libhal_bsp.a(alt_release_fd.o)
 .data          0x0000000008000a94        0x0 D:/tag2/de1_software/nios/leds_rotation/led_task_bsp/\libhal_bsp.a(alt_sbrk.o)
 .data          0x0000000008000a94        0x0 D:/tag2/de1_software/nios/leds_rotation/led_task_bsp/\libhal_bsp.a(alt_usleep.o)
 .data          0x0000000008000a94        0x0 D:/tag2/de1_software/nios/leds_rotation/led_task_bsp/\libhal_bsp.a(alt_write.o)
 .data          0x0000000008000a94     0x10b8 D:/tag2/de1_software/nios/leds_rotation/led_task_bsp/\libhal_bsp.a(alt_sys_init.o)
 .data          0x0000000008001b4c        0x0 D:/tag2/de1_software/nios/leds_rotation/led_task_bsp/\libhal_bsp.a(altera_avalon_jtag_uart_fd.o)
 .data          0x0000000008001b4c        0x0 D:/tag2/de1_software/nios/leds_rotation/led_task_bsp/\libhal_bsp.a(altera_avalon_jtag_uart_init.o)
 .data          0x0000000008001b4c        0x0 D:/tag2/de1_software/nios/leds_rotation/led_task_bsp/\libhal_bsp.a(altera_avalon_jtag_uart_ioctl.o)
 .data          0x0000000008001b4c        0x0 D:/tag2/de1_software/nios/leds_rotation/led_task_bsp/\libhal_bsp.a(altera_avalon_jtag_uart_read.o)
 .data          0x0000000008001b4c        0x0 D:/tag2/de1_software/nios/leds_rotation/led_task_bsp/\libhal_bsp.a(altera_avalon_jtag_uart_write.o)
 .data          0x0000000008001b4c        0x0 D:/tag2/de1_software/nios/leds_rotation/led_task_bsp/\libhal_bsp.a(altera_up_avalon_rs232.o)
 .data          0x0000000008001b4c        0x0 D:/tag2/de1_software/nios/leds_rotation/led_task_bsp/\libhal_bsp.a(alt_alarm_start.o)
 .data          0x0000000008001b4c        0x0 D:/tag2/de1_software/nios/leds_rotation/led_task_bsp/\libhal_bsp.a(alt_busy_sleep.o)
 .data          0x0000000008001b4c        0x0 D:/tag2/de1_software/nios/leds_rotation/led_task_bsp/\libhal_bsp.a(alt_dcache_flush_all.o)
 .data          0x0000000008001b4c        0x0 D:/tag2/de1_software/nios/leds_rotation/led_task_bsp/\libhal_bsp.a(alt_dev_llist_insert.o)
 .data          0x0000000008001b4c        0x0 D:/tag2/de1_software/nios/leds_rotation/led_task_bsp/\libhal_bsp.a(alt_do_ctors.o)
 .data          0x0000000008001b4c        0x0 D:/tag2/de1_software/nios/leds_rotation/led_task_bsp/\libhal_bsp.a(alt_do_dtors.o)
 .data          0x0000000008001b4c        0x0 D:/tag2/de1_software/nios/leds_rotation/led_task_bsp/\libhal_bsp.a(alt_find_dev.o)
 .data          0x0000000008001b4c        0x0 D:/tag2/de1_software/nios/leds_rotation/led_task_bsp/\libhal_bsp.a(alt_icache_flush_all.o)
 .data          0x0000000008001b4c        0x0 D:/tag2/de1_software/nios/leds_rotation/led_task_bsp/\libhal_bsp.a(alt_io_redirect.o)
 .data          0x0000000008001b4c        0x0 D:/tag2/de1_software/nios/leds_rotation/led_task_bsp/\libhal_bsp.a(alt_irq_register.o)
 .data          0x0000000008001b4c        0x0 D:/tag2/de1_software/nios/leds_rotation/led_task_bsp/\libhal_bsp.a(alt_irq_vars.o)
 .data          0x0000000008001b4c        0x0 D:/tag2/de1_software/nios/leds_rotation/led_task_bsp/\libhal_bsp.a(alt_open.o)
 .data          0x0000000008001b4c        0x0 D:/tag2/de1_software/nios/leds_rotation/led_task_bsp/\libhal_bsp.a(alt_tick.o)
 .data          0x0000000008001b4c        0x0 D:/tag2/de1_software/nios/leds_rotation/led_task_bsp/\libhal_bsp.a(altera_nios2_gen2_irq.o)
 .data          0x0000000008001b4c        0x0 D:/tag2/de1_software/nios/leds_rotation/led_task_bsp/\libhal_bsp.a(alt_find_file.o)
 .data          0x0000000008001b4c        0x0 D:/tag2/de1_software/nios/leds_rotation/led_task_bsp/\libhal_bsp.a(alt_get_fd.o)
 .data          0x0000000008001b4c        0x0 D:/tag2/de1_software/nios/leds_rotation/led_task_bsp/\libhal_bsp.a(alt_irq_entry.o)
 .data          0x0000000008001b4c        0x0 D:/tag2/de1_software/nios/leds_rotation/led_task_bsp/\libhal_bsp.a(alt_irq_handler.o)
 .data          0x0000000008001b4c        0x0 D:/tag2/de1_software/nios/leds_rotation/led_task_bsp/\libhal_bsp.a(alt_exception_entry.o)
 .data          0x0000000008001b4c        0x0 D:/tag2/de1_software/nios/leds_rotation/led_task_bsp/\libhal_bsp.a(alt_instruction_exception_entry.o)
 .data          0x0000000008001b4c        0x0 c:/altera/15.0/nios2eds/bin/gnu/h-x86_64-mingw32/bin/../lib/gcc/nios2-elf/4.9.1/../../../../../H-x86_64-mingw32/nios2-elf/lib/mno-hw-mul\libc.a(lib_a-atexit.o)
 .data          0x0000000008001b4c        0x0 c:/altera/15.0/nios2eds/bin/gnu/h-x86_64-mingw32/bin/../lib/gcc/nios2-elf/4.9.1/../../../../../H-x86_64-mingw32/nios2-elf/lib/mno-hw-mul\libc.a(lib_a-exit.o)
 .data          0x0000000008001b4c        0x0 c:/altera/15.0/nios2eds/bin/gnu/h-x86_64-mingw32/bin/../lib/gcc/nios2-elf/4.9.1/../../../../../H-x86_64-mingw32/nios2-elf/lib/mno-hw-mul\libc.a(lib_a-memcmp.o)
 .data          0x0000000008001b4c        0x0 c:/altera/15.0/nios2eds/bin/gnu/h-x86_64-mingw32/bin/../lib/gcc/nios2-elf/4.9.1/../../../../../H-x86_64-mingw32/nios2-elf/lib/mno-hw-mul\libc.a(lib_a-__atexit.o)
 .data          0x0000000008001b4c        0x0 c:/altera/15.0/nios2eds/bin/gnu/h-x86_64-mingw32/bin/../lib/gcc/nios2-elf/4.9.1/../../../../../H-x86_64-mingw32/nios2-elf/lib/mno-hw-mul\libc.a(lib_a-__call_atexit.o)
 .data          0x0000000008001b4c        0x0 c:/altera/15.0/nios2eds/bin/gnu/h-x86_64-mingw32/bin/../lib/gcc/nios2-elf/4.9.1/mno-hw-mul\libgcc.a(lib2-divmod.o)
 .data          0x0000000008001b4c        0x0 D:/tag2/de1_software/nios/leds_rotation/led_task_bsp/\libhal_bsp.a(alt_exit.o)
                0x0000000008009b4c                _gp = ABSOLUTE ((. + 0x8000))
                0x0000000008009b4c                PROVIDE (gp, _gp)
 *(.rwdata .rwdata.*)
 *(.sdata .sdata.* .gnu.linkonce.s.*)
 .sdata         0x0000000008001b4c        0x8 c:/altera/15.0/nios2eds/bin/gnu/h-x86_64-mingw32/bin/../lib/gcc/nios2-elf/4.9.1/../../../../../H-x86_64-mingw32/nios2-elf/lib/mno-hw-mul\libc.a(lib_a-impure.o)
                0x0000000008001b4c                _global_impure_ptr
                0x0000000008001b50                _impure_ptr
 .sdata         0x0000000008001b54        0x8 c:/altera/15.0/nios2eds/bin/gnu/h-x86_64-mingw32/bin/../lib/gcc/nios2-elf/4.9.1/../../../../../H-x86_64-mingw32/nios2-elf/lib/mno-hw-mul\libc.a(lib_a-mallocr.o)
                0x0000000008001b54                __malloc_sbrk_base
                0x0000000008001b58                __malloc_trim_threshold
 .sdata         0x0000000008001b5c       0x14 D:/tag2/de1_software/nios/leds_rotation/led_task_bsp/\libhal_bsp.a(alt_dev.o)
                0x0000000008001b5c                alt_fs_list
                0x0000000008001b64                alt_dev_list
                0x0000000008001b6c                alt_max_fd
 .sdata         0x0000000008001b70        0x4 D:/tag2/de1_software/nios/leds_rotation/led_task_bsp/\libhal_bsp.a(alt_errno.o)
                0x0000000008001b70                alt_errno
 .sdata         0x0000000008001b74        0x4 D:/tag2/de1_software/nios/leds_rotation/led_task_bsp/\libhal_bsp.a(alt_sbrk.o)
 .sdata         0x0000000008001b78        0x4 D:/tag2/de1_software/nios/leds_rotation/led_task_bsp/\libhal_bsp.a(alt_irq_vars.o)
                0x0000000008001b78                alt_priority_mask
 .sdata         0x0000000008001b7c        0x8 D:/tag2/de1_software/nios/leds_rotation/led_task_bsp/\libhal_bsp.a(alt_tick.o)
                0x0000000008001b7c                alt_alarm_list
 *(.sdata2 .sdata2.* .gnu.linkonce.s2.*)
                0x0000000008001b84                . = ALIGN (0x4)
                0x0000000008001b84                _edata = ABSOLUTE (.)
                0x0000000008001b84                PROVIDE (edata, ABSOLUTE (.))
                0x0000000008001b84                PROVIDE (__ram_rwdata_end, ABSOLUTE (.))
                0x0000000000025c18                PROVIDE (__flash_rwdata_start, LOADADDR (.rwdata))

.bss            0x0000000008001b84      0x154 load address 0x00000000000276dc
                0x0000000008001b84                __bss_start = ABSOLUTE (.)
                0x0000000008001b84                PROVIDE (__sbss_start, ABSOLUTE (.))
                0x0000000008001b84                PROVIDE (___sbss_start, ABSOLUTE (.))
 *(.dynsbss)
 *(.sbss .sbss.* .gnu.linkonce.sb.*)
 .sbss          0x0000000008001b84        0xc c:/altera/15.0/nios2eds/bin/gnu/h-x86_64-mingw32/bin/../lib/gcc/nios2-elf/4.9.1/../../../../../H-x86_64-mingw32/nios2-elf/lib/mno-hw-mul\libc.a(lib_a-mallocr.o)
                0x0000000008001b84                __malloc_max_total_mem
                0x0000000008001b88                __malloc_max_sbrked_mem
                0x0000000008001b8c                __malloc_top_pad
 .sbss          0x0000000008001b90        0x4 c:/altera/15.0/nios2eds/bin/gnu/h-x86_64-mingw32/bin/../lib/gcc/nios2-elf/4.9.1/../../../../../H-x86_64-mingw32/nios2-elf/lib/mno-hw-mul\libc.a(lib_a-int_errno.o)
                0x0000000008001b90                errno
 .sbss          0x0000000008001b94        0xc D:/tag2/de1_software/nios/leds_rotation/led_task_bsp/\libhal_bsp.a(alt_main.o)
                0x0000000008001b94                alt_argc
                0x0000000008001b98                alt_argv
                0x0000000008001b9c                alt_envp
 .sbss          0x0000000008001ba0        0x4 D:/tag2/de1_software/nios/leds_rotation/led_task_bsp/\libhal_bsp.a(alt_irq_vars.o)
                0x0000000008001ba0                alt_irq_active
 .sbss          0x0000000008001ba4        0x8 D:/tag2/de1_software/nios/leds_rotation/led_task_bsp/\libhal_bsp.a(alt_tick.o)
                0x0000000008001ba4                _alt_tick_rate
                0x0000000008001ba8                _alt_nticks
 .sbss          0x0000000008001bac        0x4 D:/tag2/de1_software/nios/leds_rotation/led_task_bsp/\libhal_bsp.a(alt_instruction_exception_entry.o)
                0x0000000008001bac                alt_instruction_exception_handler
 *(.sbss2 .sbss2.* .gnu.linkonce.sb2.*)
 *(.scommon)
                0x0000000008001bb0                PROVIDE (__sbss_end, ABSOLUTE (.))
                0x0000000008001bb0                PROVIDE (___sbss_end, ABSOLUTE (.))
 *(.dynbss)
 *(.bss .bss.* .gnu.linkonce.b.*)
 .bss           0x0000000008001bb0        0x0 D:/tag2/de1_software/nios/leds_rotation/led_task_bsp//obj/HAL/src/crt0.o
 .bss           0x0000000008001bb0        0x0 obj/default/led_task.o
 .bss           0x0000000008001bb0        0x0 obj/default/main.o
 .bss           0x0000000008001bb0        0x0 c:/altera/15.0/nios2eds/bin/gnu/h-x86_64-mingw32/bin/../lib/gcc/nios2-elf/4.9.1/../../../../../H-x86_64-mingw32/nios2-elf/lib/mno-hw-mul\libc.a(lib_a-puts.o)
 .bss           0x0000000008001bb0        0x0 c:/altera/15.0/nios2eds/bin/gnu/h-x86_64-mingw32/bin/../lib/gcc/nios2-elf/4.9.1/../../../../../H-x86_64-mingw32/nios2-elf/lib/mno-hw-mul\libc.a(lib_a-strlen.o)
 .bss           0x0000000008001bb0        0x0 c:/altera/15.0/nios2eds/bin/gnu/h-x86_64-mingw32/bin/../lib/gcc/nios2-elf/4.9.1/../../../../../H-x86_64-mingw32/nios2-elf/lib/mno-hw-mul\libc.a(lib_a-fvwrite.o)
 .bss           0x0000000008001bb0        0x0 c:/altera/15.0/nios2eds/bin/gnu/h-x86_64-mingw32/bin/../lib/gcc/nios2-elf/4.9.1/../../../../../H-x86_64-mingw32/nios2-elf/lib/mno-hw-mul\libc.a(lib_a-impure.o)
 .bss           0x0000000008001bb0       0x28 c:/altera/15.0/nios2eds/bin/gnu/h-x86_64-mingw32/bin/../lib/gcc/nios2-elf/4.9.1/../../../../../H-x86_64-mingw32/nios2-elf/lib/mno-hw-mul\libc.a(lib_a-mallocr.o)
                0x0000000008001bb0                __malloc_current_mallinfo
 .bss           0x0000000008001bd8        0x0 c:/altera/15.0/nios2eds/bin/gnu/h-x86_64-mingw32/bin/../lib/gcc/nios2-elf/4.9.1/../../../../../H-x86_64-mingw32/nios2-elf/lib/mno-hw-mul\libc.a(lib_a-memchr.o)
 .bss           0x0000000008001bd8        0x0 c:/altera/15.0/nios2eds/bin/gnu/h-x86_64-mingw32/bin/../lib/gcc/nios2-elf/4.9.1/../../../../../H-x86_64-mingw32/nios2-elf/lib/mno-hw-mul\libc.a(lib_a-memcpy.o)
 .bss           0x0000000008001bd8        0x0 c:/altera/15.0/nios2eds/bin/gnu/h-x86_64-mingw32/bin/../lib/gcc/nios2-elf/4.9.1/../../../../../H-x86_64-mingw32/nios2-elf/lib/mno-hw-mul\libc.a(lib_a-memmove.o)
 .bss           0x0000000008001bd8        0x0 c:/altera/15.0/nios2eds/bin/gnu/h-x86_64-mingw32/bin/../lib/gcc/nios2-elf/4.9.1/../../../../../H-x86_64-mingw32/nios2-elf/lib/mno-hw-mul\libc.a(lib_a-reallocr.o)
 .bss           0x0000000008001bd8        0x0 c:/altera/15.0/nios2eds/bin/gnu/h-x86_64-mingw32/bin/../lib/gcc/nios2-elf/4.9.1/../../../../../H-x86_64-mingw32/nios2-elf/lib/mno-hw-mul\libc.a(lib_a-sbrkr.o)
 .bss           0x0000000008001bd8        0x0 c:/altera/15.0/nios2eds/bin/gnu/h-x86_64-mingw32/bin/../lib/gcc/nios2-elf/4.9.1/../../../../../H-x86_64-mingw32/nios2-elf/lib/mno-hw-mul\libc.a(lib_a-wsetup.o)
 .bss           0x0000000008001bd8        0x0 c:/altera/15.0/nios2eds/bin/gnu/h-x86_64-mingw32/bin/../lib/gcc/nios2-elf/4.9.1/../../../../../H-x86_64-mingw32/nios2-elf/lib/mno-hw-mul\libc.a(lib_a-fflush.o)
 .bss           0x0000000008001bd8        0x0 c:/altera/15.0/nios2eds/bin/gnu/h-x86_64-mingw32/bin/../lib/gcc/nios2-elf/4.9.1/../../../../../H-x86_64-mingw32/nios2-elf/lib/mno-hw-mul\libc.a(lib_a-findfp.o)
 .bss           0x0000000008001bd8        0x0 c:/altera/15.0/nios2eds/bin/gnu/h-x86_64-mingw32/bin/../lib/gcc/nios2-elf/4.9.1/../../../../../H-x86_64-mingw32/nios2-elf/lib/mno-hw-mul\libc.a(lib_a-freer.o)
 .bss           0x0000000008001bd8        0x0 c:/altera/15.0/nios2eds/bin/gnu/h-x86_64-mingw32/bin/../lib/gcc/nios2-elf/4.9.1/../../../../../H-x86_64-mingw32/nios2-elf/lib/mno-hw-mul\libc.a(lib_a-fwalk.o)
 .bss           0x0000000008001bd8        0x0 c:/altera/15.0/nios2eds/bin/gnu/h-x86_64-mingw32/bin/../lib/gcc/nios2-elf/4.9.1/../../../../../H-x86_64-mingw32/nios2-elf/lib/mno-hw-mul\libc.a(lib_a-int_errno.o)
 .bss           0x0000000008001bd8        0x0 c:/altera/15.0/nios2eds/bin/gnu/h-x86_64-mingw32/bin/../lib/gcc/nios2-elf/4.9.1/../../../../../H-x86_64-mingw32/nios2-elf/lib/mno-hw-mul\libc.a(lib_a-makebuf.o)
 .bss           0x0000000008001bd8        0x0 c:/altera/15.0/nios2eds/bin/gnu/h-x86_64-mingw32/bin/../lib/gcc/nios2-elf/4.9.1/../../../../../H-x86_64-mingw32/nios2-elf/lib/mno-hw-mul\libc.a(lib_a-memset.o)
 .bss           0x0000000008001bd8        0x0 c:/altera/15.0/nios2eds/bin/gnu/h-x86_64-mingw32/bin/../lib/gcc/nios2-elf/4.9.1/../../../../../H-x86_64-mingw32/nios2-elf/lib/mno-hw-mul\libc.a(lib_a-stdio.o)
 .bss           0x0000000008001bd8        0x0 c:/altera/15.0/nios2eds/bin/gnu/h-x86_64-mingw32/bin/../lib/gcc/nios2-elf/4.9.1/../../../../../H-x86_64-mingw32/nios2-elf/lib/mno-hw-mul\libc.a(lib_a-writer.o)
 .bss           0x0000000008001bd8        0x0 c:/altera/15.0/nios2eds/bin/gnu/h-x86_64-mingw32/bin/../lib/gcc/nios2-elf/4.9.1/../../../../../H-x86_64-mingw32/nios2-elf/lib/mno-hw-mul\libc.a(closer.o)
 .bss           0x0000000008001bd8        0x0 c:/altera/15.0/nios2eds/bin/gnu/h-x86_64-mingw32/bin/../lib/gcc/nios2-elf/4.9.1/../../../../../H-x86_64-mingw32/nios2-elf/lib/mno-hw-mul\libc.a(lib_a-fclose.o)
 .bss           0x0000000008001bd8        0x0 c:/altera/15.0/nios2eds/bin/gnu/h-x86_64-mingw32/bin/../lib/gcc/nios2-elf/4.9.1/../../../../../H-x86_64-mingw32/nios2-elf/lib/mno-hw-mul\libc.a(lib_a-fstatr.o)
 .bss           0x0000000008001bd8        0x0 c:/altera/15.0/nios2eds/bin/gnu/h-x86_64-mingw32/bin/../lib/gcc/nios2-elf/4.9.1/../../../../../H-x86_64-mingw32/nios2-elf/lib/mno-hw-mul\libc.a(lib_a-isattyr.o)
 .bss           0x0000000008001bd8        0x0 c:/altera/15.0/nios2eds/bin/gnu/h-x86_64-mingw32/bin/../lib/gcc/nios2-elf/4.9.1/../../../../../H-x86_64-mingw32/nios2-elf/lib/mno-hw-mul\libc.a(lib_a-lseekr.o)
 .bss           0x0000000008001bd8        0x0 c:/altera/15.0/nios2eds/bin/gnu/h-x86_64-mingw32/bin/../lib/gcc/nios2-elf/4.9.1/../../../../../H-x86_64-mingw32/nios2-elf/lib/mno-hw-mul\libc.a(lib_a-readr.o)
 .bss           0x0000000008001bd8        0x0 c:/altera/15.0/nios2eds/bin/gnu/h-x86_64-mingw32/bin/../lib/gcc/nios2-elf/4.9.1/mno-hw-mul\libgcc.a(lib2-mul.o)
 .bss           0x0000000008001bd8        0x0 D:/tag2/de1_software/nios/leds_rotation/led_task_bsp/\libhal_bsp.a(alt_close.o)
 .bss           0x0000000008001bd8        0x0 D:/tag2/de1_software/nios/leds_rotation/led_task_bsp/\libhal_bsp.a(alt_dev.o)
 .bss           0x0000000008001bd8        0x0 D:/tag2/de1_software/nios/leds_rotation/led_task_bsp/\libhal_bsp.a(alt_errno.o)
 .bss           0x0000000008001bd8        0x0 D:/tag2/de1_software/nios/leds_rotation/led_task_bsp/\libhal_bsp.a(alt_fstat.o)
 .bss           0x0000000008001bd8        0x0 D:/tag2/de1_software/nios/leds_rotation/led_task_bsp/\libhal_bsp.a(alt_isatty.o)
 .bss           0x0000000008001bd8        0x0 D:/tag2/de1_software/nios/leds_rotation/led_task_bsp/\libhal_bsp.a(alt_load.o)
 .bss           0x0000000008001bd8        0x0 D:/tag2/de1_software/nios/leds_rotation/led_task_bsp/\libhal_bsp.a(alt_lseek.o)
 .bss           0x0000000008001bd8        0x0 D:/tag2/de1_software/nios/leds_rotation/led_task_bsp/\libhal_bsp.a(alt_main.o)
 .bss           0x0000000008001bd8        0x0 D:/tag2/de1_software/nios/leds_rotation/led_task_bsp/\libhal_bsp.a(alt_malloc_lock.o)
 .bss           0x0000000008001bd8        0x0 D:/tag2/de1_software/nios/leds_rotation/led_task_bsp/\libhal_bsp.a(alt_read.o)
 .bss           0x0000000008001bd8        0x0 D:/tag2/de1_software/nios/leds_rotation/led_task_bsp/\libhal_bsp.a(alt_release_fd.o)
 .bss           0x0000000008001bd8        0x0 D:/tag2/de1_software/nios/leds_rotation/led_task_bsp/\libhal_bsp.a(alt_sbrk.o)
 .bss           0x0000000008001bd8        0x0 D:/tag2/de1_software/nios/leds_rotation/led_task_bsp/\libhal_bsp.a(alt_usleep.o)
 .bss           0x0000000008001bd8        0x0 D:/tag2/de1_software/nios/leds_rotation/led_task_bsp/\libhal_bsp.a(alt_write.o)
 .bss           0x0000000008001bd8        0x0 D:/tag2/de1_software/nios/leds_rotation/led_task_bsp/\libhal_bsp.a(alt_sys_init.o)
 .bss           0x0000000008001bd8        0x0 D:/tag2/de1_software/nios/leds_rotation/led_task_bsp/\libhal_bsp.a(altera_avalon_jtag_uart_fd.o)
 .bss           0x0000000008001bd8        0x0 D:/tag2/de1_software/nios/leds_rotation/led_task_bsp/\libhal_bsp.a(altera_avalon_jtag_uart_init.o)
 .bss           0x0000000008001bd8        0x0 D:/tag2/de1_software/nios/leds_rotation/led_task_bsp/\libhal_bsp.a(altera_avalon_jtag_uart_ioctl.o)
 .bss           0x0000000008001bd8        0x0 D:/tag2/de1_software/nios/leds_rotation/led_task_bsp/\libhal_bsp.a(altera_avalon_jtag_uart_read.o)
 .bss           0x0000000008001bd8        0x0 D:/tag2/de1_software/nios/leds_rotation/led_task_bsp/\libhal_bsp.a(altera_avalon_jtag_uart_write.o)
 .bss           0x0000000008001bd8        0x0 D:/tag2/de1_software/nios/leds_rotation/led_task_bsp/\libhal_bsp.a(altera_up_avalon_rs232.o)
 .bss           0x0000000008001bd8        0x0 D:/tag2/de1_software/nios/leds_rotation/led_task_bsp/\libhal_bsp.a(alt_alarm_start.o)
 .bss           0x0000000008001bd8        0x0 D:/tag2/de1_software/nios/leds_rotation/led_task_bsp/\libhal_bsp.a(alt_busy_sleep.o)
 .bss           0x0000000008001bd8        0x0 D:/tag2/de1_software/nios/leds_rotation/led_task_bsp/\libhal_bsp.a(alt_dcache_flush_all.o)
 .bss           0x0000000008001bd8        0x0 D:/tag2/de1_software/nios/leds_rotation/led_task_bsp/\libhal_bsp.a(alt_dev_llist_insert.o)
 .bss           0x0000000008001bd8        0x0 D:/tag2/de1_software/nios/leds_rotation/led_task_bsp/\libhal_bsp.a(alt_do_ctors.o)
 .bss           0x0000000008001bd8        0x0 D:/tag2/de1_software/nios/leds_rotation/led_task_bsp/\libhal_bsp.a(alt_do_dtors.o)
 .bss           0x0000000008001bd8        0x0 D:/tag2/de1_software/nios/leds_rotation/led_task_bsp/\libhal_bsp.a(alt_find_dev.o)
 .bss           0x0000000008001bd8        0x0 D:/tag2/de1_software/nios/leds_rotation/led_task_bsp/\libhal_bsp.a(alt_icache_flush_all.o)
 .bss           0x0000000008001bd8        0x0 D:/tag2/de1_software/nios/leds_rotation/led_task_bsp/\libhal_bsp.a(alt_io_redirect.o)
 .bss           0x0000000008001bd8        0x0 D:/tag2/de1_software/nios/leds_rotation/led_task_bsp/\libhal_bsp.a(alt_irq_register.o)
 .bss           0x0000000008001bd8        0x0 D:/tag2/de1_software/nios/leds_rotation/led_task_bsp/\libhal_bsp.a(alt_irq_vars.o)
 .bss           0x0000000008001bd8        0x0 D:/tag2/de1_software/nios/leds_rotation/led_task_bsp/\libhal_bsp.a(alt_open.o)
 .bss           0x0000000008001bd8        0x0 D:/tag2/de1_software/nios/leds_rotation/led_task_bsp/\libhal_bsp.a(alt_tick.o)
 .bss           0x0000000008001bd8        0x0 D:/tag2/de1_software/nios/leds_rotation/led_task_bsp/\libhal_bsp.a(altera_nios2_gen2_irq.o)
 .bss           0x0000000008001bd8        0x0 D:/tag2/de1_software/nios/leds_rotation/led_task_bsp/\libhal_bsp.a(alt_find_file.o)
 .bss           0x0000000008001bd8        0x0 D:/tag2/de1_software/nios/leds_rotation/led_task_bsp/\libhal_bsp.a(alt_get_fd.o)
 .bss           0x0000000008001bd8        0x0 D:/tag2/de1_software/nios/leds_rotation/led_task_bsp/\libhal_bsp.a(alt_irq_entry.o)
 .bss           0x0000000008001bd8        0x0 D:/tag2/de1_software/nios/leds_rotation/led_task_bsp/\libhal_bsp.a(alt_irq_handler.o)
 .bss           0x0000000008001bd8        0x0 D:/tag2/de1_software/nios/leds_rotation/led_task_bsp/\libhal_bsp.a(alt_exception_entry.o)
 .bss           0x0000000008001bd8        0x0 D:/tag2/de1_software/nios/leds_rotation/led_task_bsp/\libhal_bsp.a(alt_instruction_exception_entry.o)
 .bss           0x0000000008001bd8        0x0 c:/altera/15.0/nios2eds/bin/gnu/h-x86_64-mingw32/bin/../lib/gcc/nios2-elf/4.9.1/../../../../../H-x86_64-mingw32/nios2-elf/lib/mno-hw-mul\libc.a(lib_a-atexit.o)
 .bss           0x0000000008001bd8        0x0 c:/altera/15.0/nios2eds/bin/gnu/h-x86_64-mingw32/bin/../lib/gcc/nios2-elf/4.9.1/../../../../../H-x86_64-mingw32/nios2-elf/lib/mno-hw-mul\libc.a(lib_a-exit.o)
 .bss           0x0000000008001bd8        0x0 c:/altera/15.0/nios2eds/bin/gnu/h-x86_64-mingw32/bin/../lib/gcc/nios2-elf/4.9.1/../../../../../H-x86_64-mingw32/nios2-elf/lib/mno-hw-mul\libc.a(lib_a-memcmp.o)
 .bss           0x0000000008001bd8        0x0 c:/altera/15.0/nios2eds/bin/gnu/h-x86_64-mingw32/bin/../lib/gcc/nios2-elf/4.9.1/../../../../../H-x86_64-mingw32/nios2-elf/lib/mno-hw-mul\libc.a(lib_a-__atexit.o)
 .bss           0x0000000008001bd8        0x0 c:/altera/15.0/nios2eds/bin/gnu/h-x86_64-mingw32/bin/../lib/gcc/nios2-elf/4.9.1/../../../../../H-x86_64-mingw32/nios2-elf/lib/mno-hw-mul\libc.a(lib_a-__call_atexit.o)
 .bss           0x0000000008001bd8        0x0 c:/altera/15.0/nios2eds/bin/gnu/h-x86_64-mingw32/bin/../lib/gcc/nios2-elf/4.9.1/mno-hw-mul\libgcc.a(lib2-divmod.o)
 .bss           0x0000000008001bd8        0x0 D:/tag2/de1_software/nios/leds_rotation/led_task_bsp/\libhal_bsp.a(alt_exit.o)
 *(COMMON)
 COMMON         0x0000000008001bd8      0x100 D:/tag2/de1_software/nios/leds_rotation/led_task_bsp/\libhal_bsp.a(alt_irq_handler.o)
                0x0000000008001bd8                alt_irq
                0x0000000008001cd8                . = ALIGN (0x4)
                0x0000000008001cd8                __bss_end = ABSOLUTE (.)

.onchip_sram    0x00000000000276dc        0x0
                0x00000000000276dc                PROVIDE (_alt_partition_onchip_sram_start, ABSOLUTE (.))
 *(.onchip_sram .onchip_sram. onchip_sram.*)
                0x00000000000276dc                . = ALIGN (0x4)
                0x00000000000276dc                PROVIDE (_alt_partition_onchip_sram_end, ABSOLUTE (.))
                0x00000000000276dc                PROVIDE (_alt_partition_onchip_sram_load_addr, LOADADDR (.onchip_sram))

.sdram_controller
                0x0000000008001cd8        0x0 load address 0x00000000000276dc
                0x0000000008001cd8                PROVIDE (_alt_partition_sdram_controller_start, ABSOLUTE (.))
 *(.sdram_controller .sdram_controller. sdram_controller.*)
                0x0000000008001cd8                . = ALIGN (0x4)
                0x0000000008001cd8                PROVIDE (_alt_partition_sdram_controller_end, ABSOLUTE (.))
                0x0000000008001cd8                _end = ABSOLUTE (.)
                0x0000000008001cd8                end = ABSOLUTE (.)
                0x0000000008001cd8                __alt_stack_base = ABSOLUTE (.)
                0x00000000000276dc                PROVIDE (_alt_partition_sdram_controller_load_addr, LOADADDR (.sdram_controller))

.stab
 *(.stab)

.stabstr
 *(.stabstr)

.stab.excl
 *(.stab.excl)

.stab.exclstr
 *(.stab.exclstr)

.stab.index
 *(.stab.index)

.stab.indexstr
 *(.stab.indexstr)

.comment        0x0000000000000000       0x23
 *(.comment)
 .comment       0x0000000000000000       0x23 obj/default/led_task.o
                                         0x24 (size before relaxing)
 .comment       0x0000000000000000       0x24 obj/default/main.o
 .comment       0x0000000000000000       0x24 c:/altera/15.0/nios2eds/bin/gnu/h-x86_64-mingw32/bin/../lib/gcc/nios2-elf/4.9.1/../../../../../H-x86_64-mingw32/nios2-elf/lib/mno-hw-mul\libc.a(lib_a-puts.o)
 .comment       0x0000000000000000       0x24 c:/altera/15.0/nios2eds/bin/gnu/h-x86_64-mingw32/bin/../lib/gcc/nios2-elf/4.9.1/../../../../../H-x86_64-mingw32/nios2-elf/lib/mno-hw-mul\libc.a(lib_a-strlen.o)
 .comment       0x0000000000000000       0x24 c:/altera/15.0/nios2eds/bin/gnu/h-x86_64-mingw32/bin/../lib/gcc/nios2-elf/4.9.1/../../../../../H-x86_64-mingw32/nios2-elf/lib/mno-hw-mul\libc.a(lib_a-fvwrite.o)
 .comment       0x0000000000000000       0x24 c:/altera/15.0/nios2eds/bin/gnu/h-x86_64-mingw32/bin/../lib/gcc/nios2-elf/4.9.1/../../../../../H-x86_64-mingw32/nios2-elf/lib/mno-hw-mul\libc.a(lib_a-impure.o)
 .comment       0x0000000000000000       0x24 c:/altera/15.0/nios2eds/bin/gnu/h-x86_64-mingw32/bin/../lib/gcc/nios2-elf/4.9.1/../../../../../H-x86_64-mingw32/nios2-elf/lib/mno-hw-mul\libc.a(lib_a-mallocr.o)
 .comment       0x0000000000000000       0x24 c:/altera/15.0/nios2eds/bin/gnu/h-x86_64-mingw32/bin/../lib/gcc/nios2-elf/4.9.1/../../../../../H-x86_64-mingw32/nios2-elf/lib/mno-hw-mul\libc.a(lib_a-memchr.o)
 .comment       0x0000000000000000       0x24 c:/altera/15.0/nios2eds/bin/gnu/h-x86_64-mingw32/bin/../lib/gcc/nios2-elf/4.9.1/../../../../../H-x86_64-mingw32/nios2-elf/lib/mno-hw-mul\libc.a(lib_a-memcpy.o)
 .comment       0x0000000000000000       0x24 c:/altera/15.0/nios2eds/bin/gnu/h-x86_64-mingw32/bin/../lib/gcc/nios2-elf/4.9.1/../../../../../H-x86_64-mingw32/nios2-elf/lib/mno-hw-mul\libc.a(lib_a-memmove.o)
 .comment       0x0000000000000000       0x24 c:/altera/15.0/nios2eds/bin/gnu/h-x86_64-mingw32/bin/../lib/gcc/nios2-elf/4.9.1/../../../../../H-x86_64-mingw32/nios2-elf/lib/mno-hw-mul\libc.a(lib_a-reallocr.o)
 .comment       0x0000000000000000       0x24 c:/altera/15.0/nios2eds/bin/gnu/h-x86_64-mingw32/bin/../lib/gcc/nios2-elf/4.9.1/../../../../../H-x86_64-mingw32/nios2-elf/lib/mno-hw-mul\libc.a(lib_a-sbrkr.o)
 .comment       0x0000000000000000       0x24 c:/altera/15.0/nios2eds/bin/gnu/h-x86_64-mingw32/bin/../lib/gcc/nios2-elf/4.9.1/../../../../../H-x86_64-mingw32/nios2-elf/lib/mno-hw-mul\libc.a(lib_a-wsetup.o)
 .comment       0x0000000000000000       0x24 c:/altera/15.0/nios2eds/bin/gnu/h-x86_64-mingw32/bin/../lib/gcc/nios2-elf/4.9.1/../../../../../H-x86_64-mingw32/nios2-elf/lib/mno-hw-mul\libc.a(lib_a-fflush.o)
 .comment       0x0000000000000000       0x24 c:/altera/15.0/nios2eds/bin/gnu/h-x86_64-mingw32/bin/../lib/gcc/nios2-elf/4.9.1/../../../../../H-x86_64-mingw32/nios2-elf/lib/mno-hw-mul\libc.a(lib_a-findfp.o)
 .comment       0x0000000000000000       0x24 c:/altera/15.0/nios2eds/bin/gnu/h-x86_64-mingw32/bin/../lib/gcc/nios2-elf/4.9.1/../../../../../H-x86_64-mingw32/nios2-elf/lib/mno-hw-mul\libc.a(lib_a-freer.o)
 .comment       0x0000000000000000       0x24 c:/altera/15.0/nios2eds/bin/gnu/h-x86_64-mingw32/bin/../lib/gcc/nios2-elf/4.9.1/../../../../../H-x86_64-mingw32/nios2-elf/lib/mno-hw-mul\libc.a(lib_a-fwalk.o)
 .comment       0x0000000000000000       0x24 c:/altera/15.0/nios2eds/bin/gnu/h-x86_64-mingw32/bin/../lib/gcc/nios2-elf/4.9.1/../../../../../H-x86_64-mingw32/nios2-elf/lib/mno-hw-mul\libc.a(lib_a-int_errno.o)
 .comment       0x0000000000000000       0x24 c:/altera/15.0/nios2eds/bin/gnu/h-x86_64-mingw32/bin/../lib/gcc/nios2-elf/4.9.1/../../../../../H-x86_64-mingw32/nios2-elf/lib/mno-hw-mul\libc.a(lib_a-makebuf.o)
 .comment       0x0000000000000000       0x24 c:/altera/15.0/nios2eds/bin/gnu/h-x86_64-mingw32/bin/../lib/gcc/nios2-elf/4.9.1/../../../../../H-x86_64-mingw32/nios2-elf/lib/mno-hw-mul\libc.a(lib_a-memset.o)
 .comment       0x0000000000000000       0x24 c:/altera/15.0/nios2eds/bin/gnu/h-x86_64-mingw32/bin/../lib/gcc/nios2-elf/4.9.1/../../../../../H-x86_64-mingw32/nios2-elf/lib/mno-hw-mul\libc.a(lib_a-stdio.o)
 .comment       0x0000000000000000       0x24 c:/altera/15.0/nios2eds/bin/gnu/h-x86_64-mingw32/bin/../lib/gcc/nios2-elf/4.9.1/../../../../../H-x86_64-mingw32/nios2-elf/lib/mno-hw-mul\libc.a(lib_a-writer.o)
 .comment       0x0000000000000000       0x24 c:/altera/15.0/nios2eds/bin/gnu/h-x86_64-mingw32/bin/../lib/gcc/nios2-elf/4.9.1/../../../../../H-x86_64-mingw32/nios2-elf/lib/mno-hw-mul\libc.a(closer.o)
 .comment       0x0000000000000000       0x24 c:/altera/15.0/nios2eds/bin/gnu/h-x86_64-mingw32/bin/../lib/gcc/nios2-elf/4.9.1/../../../../../H-x86_64-mingw32/nios2-elf/lib/mno-hw-mul\libc.a(lib_a-fclose.o)
 .comment       0x0000000000000000       0x24 c:/altera/15.0/nios2eds/bin/gnu/h-x86_64-mingw32/bin/../lib/gcc/nios2-elf/4.9.1/../../../../../H-x86_64-mingw32/nios2-elf/lib/mno-hw-mul\libc.a(lib_a-fstatr.o)
 .comment       0x0000000000000000       0x24 c:/altera/15.0/nios2eds/bin/gnu/h-x86_64-mingw32/bin/../lib/gcc/nios2-elf/4.9.1/../../../../../H-x86_64-mingw32/nios2-elf/lib/mno-hw-mul\libc.a(lib_a-isattyr.o)
 .comment       0x0000000000000000       0x24 c:/altera/15.0/nios2eds/bin/gnu/h-x86_64-mingw32/bin/../lib/gcc/nios2-elf/4.9.1/../../../../../H-x86_64-mingw32/nios2-elf/lib/mno-hw-mul\libc.a(lib_a-lseekr.o)
 .comment       0x0000000000000000       0x24 c:/altera/15.0/nios2eds/bin/gnu/h-x86_64-mingw32/bin/../lib/gcc/nios2-elf/4.9.1/../../../../../H-x86_64-mingw32/nios2-elf/lib/mno-hw-mul\libc.a(lib_a-readr.o)
 .comment       0x0000000000000000       0x24 c:/altera/15.0/nios2eds/bin/gnu/h-x86_64-mingw32/bin/../lib/gcc/nios2-elf/4.9.1/mno-hw-mul\libgcc.a(lib2-mul.o)
 .comment       0x0000000000000000       0x24 D:/tag2/de1_software/nios/leds_rotation/led_task_bsp/\libhal_bsp.a(alt_close.o)
 .comment       0x0000000000000000       0x24 D:/tag2/de1_software/nios/leds_rotation/led_task_bsp/\libhal_bsp.a(alt_dev.o)
 .comment       0x0000000000000000       0x24 D:/tag2/de1_software/nios/leds_rotation/led_task_bsp/\libhal_bsp.a(alt_errno.o)
 .comment       0x0000000000000000       0x24 D:/tag2/de1_software/nios/leds_rotation/led_task_bsp/\libhal_bsp.a(alt_fstat.o)
 .comment       0x0000000000000000       0x24 D:/tag2/de1_software/nios/leds_rotation/led_task_bsp/\libhal_bsp.a(alt_isatty.o)
 .comment       0x0000000000000000       0x24 D:/tag2/de1_software/nios/leds_rotation/led_task_bsp/\libhal_bsp.a(alt_load.o)
 .comment       0x0000000000000000       0x24 D:/tag2/de1_software/nios/leds_rotation/led_task_bsp/\libhal_bsp.a(alt_lseek.o)
 .comment       0x0000000000000000       0x24 D:/tag2/de1_software/nios/leds_rotation/led_task_bsp/\libhal_bsp.a(alt_main.o)
 .comment       0x0000000000000000       0x24 D:/tag2/de1_software/nios/leds_rotation/led_task_bsp/\libhal_bsp.a(alt_malloc_lock.o)
 .comment       0x0000000000000000       0x24 D:/tag2/de1_software/nios/leds_rotation/led_task_bsp/\libhal_bsp.a(alt_read.o)
 .comment       0x0000000000000000       0x24 D:/tag2/de1_software/nios/leds_rotation/led_task_bsp/\libhal_bsp.a(alt_release_fd.o)
 .comment       0x0000000000000000       0x24 D:/tag2/de1_software/nios/leds_rotation/led_task_bsp/\libhal_bsp.a(alt_sbrk.o)
 .comment       0x0000000000000000       0x24 D:/tag2/de1_software/nios/leds_rotation/led_task_bsp/\libhal_bsp.a(alt_usleep.o)
 .comment       0x0000000000000000       0x24 D:/tag2/de1_software/nios/leds_rotation/led_task_bsp/\libhal_bsp.a(alt_write.o)
 .comment       0x0000000000000000       0x24 D:/tag2/de1_software/nios/leds_rotation/led_task_bsp/\libhal_bsp.a(alt_sys_init.o)
 .comment       0x0000000000000000       0x24 D:/tag2/de1_software/nios/leds_rotation/led_task_bsp/\libhal_bsp.a(altera_avalon_jtag_uart_fd.o)
 .comment       0x0000000000000000       0x24 D:/tag2/de1_software/nios/leds_rotation/led_task_bsp/\libhal_bsp.a(altera_avalon_jtag_uart_init.o)
 .comment       0x0000000000000000       0x24 D:/tag2/de1_software/nios/leds_rotation/led_task_bsp/\libhal_bsp.a(altera_avalon_jtag_uart_ioctl.o)
 .comment       0x0000000000000000       0x24 D:/tag2/de1_software/nios/leds_rotation/led_task_bsp/\libhal_bsp.a(altera_avalon_jtag_uart_read.o)
 .comment       0x0000000000000000       0x24 D:/tag2/de1_software/nios/leds_rotation/led_task_bsp/\libhal_bsp.a(altera_avalon_jtag_uart_write.o)
 .comment       0x0000000000000000       0x24 D:/tag2/de1_software/nios/leds_rotation/led_task_bsp/\libhal_bsp.a(altera_up_avalon_rs232.o)
 .comment       0x0000000000000000       0x24 D:/tag2/de1_software/nios/leds_rotation/led_task_bsp/\libhal_bsp.a(alt_alarm_start.o)
 .comment       0x0000000000000000       0x24 D:/tag2/de1_software/nios/leds_rotation/led_task_bsp/\libhal_bsp.a(alt_busy_sleep.o)
 .comment       0x0000000000000000       0x24 D:/tag2/de1_software/nios/leds_rotation/led_task_bsp/\libhal_bsp.a(alt_dcache_flush_all.o)
 .comment       0x0000000000000000       0x24 D:/tag2/de1_software/nios/leds_rotation/led_task_bsp/\libhal_bsp.a(alt_dev_llist_insert.o)
 .comment       0x0000000000000000       0x24 D:/tag2/de1_software/nios/leds_rotation/led_task_bsp/\libhal_bsp.a(alt_do_ctors.o)
 .comment       0x0000000000000000       0x24 D:/tag2/de1_software/nios/leds_rotation/led_task_bsp/\libhal_bsp.a(alt_do_dtors.o)
 .comment       0x0000000000000000       0x24 D:/tag2/de1_software/nios/leds_rotation/led_task_bsp/\libhal_bsp.a(alt_find_dev.o)
 .comment       0x0000000000000000       0x24 D:/tag2/de1_software/nios/leds_rotation/led_task_bsp/\libhal_bsp.a(alt_icache_flush_all.o)
 .comment       0x0000000000000000       0x24 D:/tag2/de1_software/nios/leds_rotation/led_task_bsp/\libhal_bsp.a(alt_io_redirect.o)
 .comment       0x0000000000000000       0x24 D:/tag2/de1_software/nios/leds_rotation/led_task_bsp/\libhal_bsp.a(alt_irq_register.o)
 .comment       0x0000000000000000       0x24 D:/tag2/de1_software/nios/leds_rotation/led_task_bsp/\libhal_bsp.a(alt_irq_vars.o)
 .comment       0x0000000000000000       0x24 D:/tag2/de1_software/nios/leds_rotation/led_task_bsp/\libhal_bsp.a(alt_open.o)
 .comment       0x0000000000000000       0x24 D:/tag2/de1_software/nios/leds_rotation/led_task_bsp/\libhal_bsp.a(alt_tick.o)
 .comment       0x0000000000000000       0x24 D:/tag2/de1_software/nios/leds_rotation/led_task_bsp/\libhal_bsp.a(altera_nios2_gen2_irq.o)
 .comment       0x0000000000000000       0x24 D:/tag2/de1_software/nios/leds_rotation/led_task_bsp/\libhal_bsp.a(alt_find_file.o)
 .comment       0x0000000000000000       0x24 D:/tag2/de1_software/nios/leds_rotation/led_task_bsp/\libhal_bsp.a(alt_get_fd.o)
 .comment       0x0000000000000000       0x24 D:/tag2/de1_software/nios/leds_rotation/led_task_bsp/\libhal_bsp.a(alt_irq_handler.o)
 .comment       0x0000000000000000       0x24 D:/tag2/de1_software/nios/leds_rotation/led_task_bsp/\libhal_bsp.a(alt_instruction_exception_entry.o)
 .comment       0x0000000000000000       0x24 c:/altera/15.0/nios2eds/bin/gnu/h-x86_64-mingw32/bin/../lib/gcc/nios2-elf/4.9.1/../../../../../H-x86_64-mingw32/nios2-elf/lib/mno-hw-mul\libc.a(lib_a-atexit.o)
 .comment       0x0000000000000000       0x24 c:/altera/15.0/nios2eds/bin/gnu/h-x86_64-mingw32/bin/../lib/gcc/nios2-elf/4.9.1/../../../../../H-x86_64-mingw32/nios2-elf/lib/mno-hw-mul\libc.a(lib_a-exit.o)
 .comment       0x0000000000000000       0x24 c:/altera/15.0/nios2eds/bin/gnu/h-x86_64-mingw32/bin/../lib/gcc/nios2-elf/4.9.1/../../../../../H-x86_64-mingw32/nios2-elf/lib/mno-hw-mul\libc.a(lib_a-memcmp.o)
 .comment       0x0000000000000000       0x24 c:/altera/15.0/nios2eds/bin/gnu/h-x86_64-mingw32/bin/../lib/gcc/nios2-elf/4.9.1/../../../../../H-x86_64-mingw32/nios2-elf/lib/mno-hw-mul\libc.a(lib_a-__atexit.o)
 .comment       0x0000000000000000       0x24 c:/altera/15.0/nios2eds/bin/gnu/h-x86_64-mingw32/bin/../lib/gcc/nios2-elf/4.9.1/../../../../../H-x86_64-mingw32/nios2-elf/lib/mno-hw-mul\libc.a(lib_a-__call_atexit.o)
 .comment       0x0000000000000000       0x24 c:/altera/15.0/nios2eds/bin/gnu/h-x86_64-mingw32/bin/../lib/gcc/nios2-elf/4.9.1/mno-hw-mul\libgcc.a(lib2-divmod.o)
 .comment       0x0000000000000000       0x24 D:/tag2/de1_software/nios/leds_rotation/led_task_bsp/\libhal_bsp.a(alt_exit.o)

.debug
 *(.debug)

.line
 *(.line)

.debug_srcinfo
 *(.debug_srcinfo)

.debug_sfnames
 *(.debug_sfnames)

.debug_aranges  0x0000000000000000      0x9d8
 *(.debug_aranges)
 .debug_aranges
                0x0000000000000000       0x28 D:/tag2/de1_software/nios/leds_rotation/led_task_bsp//obj/HAL/src/crt0.o
 .debug_aranges
                0x0000000000000028       0x20 obj/default/led_task.o
 .debug_aranges
                0x0000000000000048       0x20 obj/default/main.o
 .debug_aranges
                0x0000000000000068       0x20 c:/altera/15.0/nios2eds/bin/gnu/h-x86_64-mingw32/bin/../lib/gcc/nios2-elf/4.9.1/../../../../../H-x86_64-mingw32/nios2-elf/lib/mno-hw-mul\libc.a(lib_a-puts.o)
 .debug_aranges
                0x0000000000000088       0x20 c:/altera/15.0/nios2eds/bin/gnu/h-x86_64-mingw32/bin/../lib/gcc/nios2-elf/4.9.1/../../../../../H-x86_64-mingw32/nios2-elf/lib/mno-hw-mul\libc.a(lib_a-strlen.o)
 .debug_aranges
                0x00000000000000a8       0x20 c:/altera/15.0/nios2eds/bin/gnu/h-x86_64-mingw32/bin/../lib/gcc/nios2-elf/4.9.1/../../../../../H-x86_64-mingw32/nios2-elf/lib/mno-hw-mul\libc.a(lib_a-fvwrite.o)
 .debug_aranges
                0x00000000000000c8       0x18 c:/altera/15.0/nios2eds/bin/gnu/h-x86_64-mingw32/bin/../lib/gcc/nios2-elf/4.9.1/../../../../../H-x86_64-mingw32/nios2-elf/lib/mno-hw-mul\libc.a(lib_a-impure.o)
 .debug_aranges
                0x00000000000000e0       0x20 c:/altera/15.0/nios2eds/bin/gnu/h-x86_64-mingw32/bin/../lib/gcc/nios2-elf/4.9.1/../../../../../H-x86_64-mingw32/nios2-elf/lib/mno-hw-mul\libc.a(lib_a-mallocr.o)
 .debug_aranges
                0x0000000000000100       0x20 c:/altera/15.0/nios2eds/bin/gnu/h-x86_64-mingw32/bin/../lib/gcc/nios2-elf/4.9.1/../../../../../H-x86_64-mingw32/nios2-elf/lib/mno-hw-mul\libc.a(lib_a-memchr.o)
 .debug_aranges
                0x0000000000000120       0x20 c:/altera/15.0/nios2eds/bin/gnu/h-x86_64-mingw32/bin/../lib/gcc/nios2-elf/4.9.1/../../../../../H-x86_64-mingw32/nios2-elf/lib/mno-hw-mul\libc.a(lib_a-memcpy.o)
 .debug_aranges
                0x0000000000000140       0x20 c:/altera/15.0/nios2eds/bin/gnu/h-x86_64-mingw32/bin/../lib/gcc/nios2-elf/4.9.1/../../../../../H-x86_64-mingw32/nios2-elf/lib/mno-hw-mul\libc.a(lib_a-memmove.o)
 .debug_aranges
                0x0000000000000160       0x20 c:/altera/15.0/nios2eds/bin/gnu/h-x86_64-mingw32/bin/../lib/gcc/nios2-elf/4.9.1/../../../../../H-x86_64-mingw32/nios2-elf/lib/mno-hw-mul\libc.a(lib_a-reallocr.o)
 .debug_aranges
                0x0000000000000180       0x20 c:/altera/15.0/nios2eds/bin/gnu/h-x86_64-mingw32/bin/../lib/gcc/nios2-elf/4.9.1/../../../../../H-x86_64-mingw32/nios2-elf/lib/mno-hw-mul\libc.a(lib_a-sbrkr.o)
 .debug_aranges
                0x00000000000001a0       0x20 c:/altera/15.0/nios2eds/bin/gnu/h-x86_64-mingw32/bin/../lib/gcc/nios2-elf/4.9.1/../../../../../H-x86_64-mingw32/nios2-elf/lib/mno-hw-mul\libc.a(lib_a-wsetup.o)
 .debug_aranges
                0x00000000000001c0       0x20 c:/altera/15.0/nios2eds/bin/gnu/h-x86_64-mingw32/bin/../lib/gcc/nios2-elf/4.9.1/../../../../../H-x86_64-mingw32/nios2-elf/lib/mno-hw-mul\libc.a(lib_a-fflush.o)
 .debug_aranges
                0x00000000000001e0       0x20 c:/altera/15.0/nios2eds/bin/gnu/h-x86_64-mingw32/bin/../lib/gcc/nios2-elf/4.9.1/../../../../../H-x86_64-mingw32/nios2-elf/lib/mno-hw-mul\libc.a(lib_a-findfp.o)
 .debug_aranges
                0x0000000000000200       0x20 c:/altera/15.0/nios2eds/bin/gnu/h-x86_64-mingw32/bin/../lib/gcc/nios2-elf/4.9.1/../../../../../H-x86_64-mingw32/nios2-elf/lib/mno-hw-mul\libc.a(lib_a-freer.o)
 .debug_aranges
                0x0000000000000220       0x20 c:/altera/15.0/nios2eds/bin/gnu/h-x86_64-mingw32/bin/../lib/gcc/nios2-elf/4.9.1/../../../../../H-x86_64-mingw32/nios2-elf/lib/mno-hw-mul\libc.a(lib_a-fwalk.o)
 .debug_aranges
                0x0000000000000240       0x18 c:/altera/15.0/nios2eds/bin/gnu/h-x86_64-mingw32/bin/../lib/gcc/nios2-elf/4.9.1/../../../../../H-x86_64-mingw32/nios2-elf/lib/mno-hw-mul\libc.a(lib_a-int_errno.o)
 .debug_aranges
                0x0000000000000258       0x20 c:/altera/15.0/nios2eds/bin/gnu/h-x86_64-mingw32/bin/../lib/gcc/nios2-elf/4.9.1/../../../../../H-x86_64-mingw32/nios2-elf/lib/mno-hw-mul\libc.a(lib_a-makebuf.o)
 .debug_aranges
                0x0000000000000278       0x20 c:/altera/15.0/nios2eds/bin/gnu/h-x86_64-mingw32/bin/../lib/gcc/nios2-elf/4.9.1/../../../../../H-x86_64-mingw32/nios2-elf/lib/mno-hw-mul\libc.a(lib_a-memset.o)
 .debug_aranges
                0x0000000000000298       0x20 c:/altera/15.0/nios2eds/bin/gnu/h-x86_64-mingw32/bin/../lib/gcc/nios2-elf/4.9.1/../../../../../H-x86_64-mingw32/nios2-elf/lib/mno-hw-mul\libc.a(lib_a-stdio.o)
 .debug_aranges
                0x00000000000002b8       0x20 c:/altera/15.0/nios2eds/bin/gnu/h-x86_64-mingw32/bin/../lib/gcc/nios2-elf/4.9.1/../../../../../H-x86_64-mingw32/nios2-elf/lib/mno-hw-mul\libc.a(lib_a-writer.o)
 .debug_aranges
                0x00000000000002d8       0x20 c:/altera/15.0/nios2eds/bin/gnu/h-x86_64-mingw32/bin/../lib/gcc/nios2-elf/4.9.1/../../../../../H-x86_64-mingw32/nios2-elf/lib/mno-hw-mul\libc.a(closer.o)
 .debug_aranges
                0x00000000000002f8       0x20 c:/altera/15.0/nios2eds/bin/gnu/h-x86_64-mingw32/bin/../lib/gcc/nios2-elf/4.9.1/../../../../../H-x86_64-mingw32/nios2-elf/lib/mno-hw-mul\libc.a(lib_a-fclose.o)
 .debug_aranges
                0x0000000000000318       0x20 c:/altera/15.0/nios2eds/bin/gnu/h-x86_64-mingw32/bin/../lib/gcc/nios2-elf/4.9.1/../../../../../H-x86_64-mingw32/nios2-elf/lib/mno-hw-mul\libc.a(lib_a-fstatr.o)
 .debug_aranges
                0x0000000000000338       0x20 c:/altera/15.0/nios2eds/bin/gnu/h-x86_64-mingw32/bin/../lib/gcc/nios2-elf/4.9.1/../../../../../H-x86_64-mingw32/nios2-elf/lib/mno-hw-mul\libc.a(lib_a-isattyr.o)
 .debug_aranges
                0x0000000000000358       0x20 c:/altera/15.0/nios2eds/bin/gnu/h-x86_64-mingw32/bin/../lib/gcc/nios2-elf/4.9.1/../../../../../H-x86_64-mingw32/nios2-elf/lib/mno-hw-mul\libc.a(lib_a-lseekr.o)
 .debug_aranges
                0x0000000000000378       0x20 c:/altera/15.0/nios2eds/bin/gnu/h-x86_64-mingw32/bin/../lib/gcc/nios2-elf/4.9.1/../../../../../H-x86_64-mingw32/nios2-elf/lib/mno-hw-mul\libc.a(lib_a-readr.o)
 .debug_aranges
                0x0000000000000398       0x20 c:/altera/15.0/nios2eds/bin/gnu/h-x86_64-mingw32/bin/../lib/gcc/nios2-elf/4.9.1/mno-hw-mul\libgcc.a(lib2-mul.o)
 .debug_aranges
                0x00000000000003b8       0x20 D:/tag2/de1_software/nios/leds_rotation/led_task_bsp/\libhal_bsp.a(alt_close.o)
 .debug_aranges
                0x00000000000003d8       0x20 D:/tag2/de1_software/nios/leds_rotation/led_task_bsp/\libhal_bsp.a(alt_dev.o)
 .debug_aranges
                0x00000000000003f8       0x18 D:/tag2/de1_software/nios/leds_rotation/led_task_bsp/\libhal_bsp.a(alt_errno.o)
 .debug_aranges
                0x0000000000000410       0x20 D:/tag2/de1_software/nios/leds_rotation/led_task_bsp/\libhal_bsp.a(alt_fstat.o)
 .debug_aranges
                0x0000000000000430       0x20 D:/tag2/de1_software/nios/leds_rotation/led_task_bsp/\libhal_bsp.a(alt_isatty.o)
 .debug_aranges
                0x0000000000000450       0x20 D:/tag2/de1_software/nios/leds_rotation/led_task_bsp/\libhal_bsp.a(alt_load.o)
 .debug_aranges
                0x0000000000000470       0x20 D:/tag2/de1_software/nios/leds_rotation/led_task_bsp/\libhal_bsp.a(alt_lseek.o)
 .debug_aranges
                0x0000000000000490       0x20 D:/tag2/de1_software/nios/leds_rotation/led_task_bsp/\libhal_bsp.a(alt_main.o)
 .debug_aranges
                0x00000000000004b0       0x20 D:/tag2/de1_software/nios/leds_rotation/led_task_bsp/\libhal_bsp.a(alt_malloc_lock.o)
 .debug_aranges
                0x00000000000004d0       0x20 D:/tag2/de1_software/nios/leds_rotation/led_task_bsp/\libhal_bsp.a(alt_read.o)
 .debug_aranges
                0x00000000000004f0       0x20 D:/tag2/de1_software/nios/leds_rotation/led_task_bsp/\libhal_bsp.a(alt_release_fd.o)
 .debug_aranges
                0x0000000000000510       0x20 D:/tag2/de1_software/nios/leds_rotation/led_task_bsp/\libhal_bsp.a(alt_sbrk.o)
 .debug_aranges
                0x0000000000000530       0x20 D:/tag2/de1_software/nios/leds_rotation/led_task_bsp/\libhal_bsp.a(alt_usleep.o)
 .debug_aranges
                0x0000000000000550       0x20 D:/tag2/de1_software/nios/leds_rotation/led_task_bsp/\libhal_bsp.a(alt_write.o)
 .debug_aranges
                0x0000000000000570       0x20 D:/tag2/de1_software/nios/leds_rotation/led_task_bsp/\libhal_bsp.a(alt_sys_init.o)
 .debug_aranges
                0x0000000000000590       0x20 D:/tag2/de1_software/nios/leds_rotation/led_task_bsp/\libhal_bsp.a(altera_avalon_jtag_uart_fd.o)
 .debug_aranges
                0x00000000000005b0       0x20 D:/tag2/de1_software/nios/leds_rotation/led_task_bsp/\libhal_bsp.a(altera_avalon_jtag_uart_init.o)
 .debug_aranges
                0x00000000000005d0       0x20 D:/tag2/de1_software/nios/leds_rotation/led_task_bsp/\libhal_bsp.a(altera_avalon_jtag_uart_ioctl.o)
 .debug_aranges
                0x00000000000005f0       0x20 D:/tag2/de1_software/nios/leds_rotation/led_task_bsp/\libhal_bsp.a(altera_avalon_jtag_uart_read.o)
 .debug_aranges
                0x0000000000000610       0x20 D:/tag2/de1_software/nios/leds_rotation/led_task_bsp/\libhal_bsp.a(altera_avalon_jtag_uart_write.o)
 .debug_aranges
                0x0000000000000630       0x20 D:/tag2/de1_software/nios/leds_rotation/led_task_bsp/\libhal_bsp.a(altera_up_avalon_rs232.o)
 .debug_aranges
                0x0000000000000650       0x20 D:/tag2/de1_software/nios/leds_rotation/led_task_bsp/\libhal_bsp.a(alt_alarm_start.o)
 .debug_aranges
                0x0000000000000670       0x20 D:/tag2/de1_software/nios/leds_rotation/led_task_bsp/\libhal_bsp.a(alt_busy_sleep.o)
 .debug_aranges
                0x0000000000000690       0x20 D:/tag2/de1_software/nios/leds_rotation/led_task_bsp/\libhal_bsp.a(alt_dcache_flush_all.o)
 .debug_aranges
                0x00000000000006b0       0x20 D:/tag2/de1_software/nios/leds_rotation/led_task_bsp/\libhal_bsp.a(alt_dev_llist_insert.o)
 .debug_aranges
                0x00000000000006d0       0x20 D:/tag2/de1_software/nios/leds_rotation/led_task_bsp/\libhal_bsp.a(alt_do_ctors.o)
 .debug_aranges
                0x00000000000006f0       0x20 D:/tag2/de1_software/nios/leds_rotation/led_task_bsp/\libhal_bsp.a(alt_do_dtors.o)
 .debug_aranges
                0x0000000000000710       0x20 D:/tag2/de1_software/nios/leds_rotation/led_task_bsp/\libhal_bsp.a(alt_find_dev.o)
 .debug_aranges
                0x0000000000000730       0x20 D:/tag2/de1_software/nios/leds_rotation/led_task_bsp/\libhal_bsp.a(alt_icache_flush_all.o)
 .debug_aranges
                0x0000000000000750       0x20 D:/tag2/de1_software/nios/leds_rotation/led_task_bsp/\libhal_bsp.a(alt_io_redirect.o)
 .debug_aranges
                0x0000000000000770       0x20 D:/tag2/de1_software/nios/leds_rotation/led_task_bsp/\libhal_bsp.a(alt_irq_register.o)
 .debug_aranges
                0x0000000000000790       0x18 D:/tag2/de1_software/nios/leds_rotation/led_task_bsp/\libhal_bsp.a(alt_irq_vars.o)
 .debug_aranges
                0x00000000000007a8       0x20 D:/tag2/de1_software/nios/leds_rotation/led_task_bsp/\libhal_bsp.a(alt_open.o)
 .debug_aranges
                0x00000000000007c8       0x20 D:/tag2/de1_software/nios/leds_rotation/led_task_bsp/\libhal_bsp.a(alt_tick.o)
 .debug_aranges
                0x00000000000007e8       0x20 D:/tag2/de1_software/nios/leds_rotation/led_task_bsp/\libhal_bsp.a(altera_nios2_gen2_irq.o)
 .debug_aranges
                0x0000000000000808       0x20 D:/tag2/de1_software/nios/leds_rotation/led_task_bsp/\libhal_bsp.a(alt_find_file.o)
 .debug_aranges
                0x0000000000000828       0x20 D:/tag2/de1_software/nios/leds_rotation/led_task_bsp/\libhal_bsp.a(alt_get_fd.o)
 .debug_aranges
                0x0000000000000848       0x30 D:/tag2/de1_software/nios/leds_rotation/led_task_bsp/\libhal_bsp.a(alt_irq_entry.o)
 .debug_aranges
                0x0000000000000878       0x20 D:/tag2/de1_software/nios/leds_rotation/led_task_bsp/\libhal_bsp.a(alt_irq_handler.o)
 .debug_aranges
                0x0000000000000898       0x38 D:/tag2/de1_software/nios/leds_rotation/led_task_bsp/\libhal_bsp.a(alt_exception_entry.o)
 .debug_aranges
                0x00000000000008d0       0x28 D:/tag2/de1_software/nios/leds_rotation/led_task_bsp/\libhal_bsp.a(alt_instruction_exception_entry.o)
 .debug_aranges
                0x00000000000008f8       0x20 c:/altera/15.0/nios2eds/bin/gnu/h-x86_64-mingw32/bin/../lib/gcc/nios2-elf/4.9.1/../../../../../H-x86_64-mingw32/nios2-elf/lib/mno-hw-mul\libc.a(lib_a-atexit.o)
 .debug_aranges
                0x0000000000000918       0x20 c:/altera/15.0/nios2eds/bin/gnu/h-x86_64-mingw32/bin/../lib/gcc/nios2-elf/4.9.1/../../../../../H-x86_64-mingw32/nios2-elf/lib/mno-hw-mul\libc.a(lib_a-exit.o)
 .debug_aranges
                0x0000000000000938       0x20 c:/altera/15.0/nios2eds/bin/gnu/h-x86_64-mingw32/bin/../lib/gcc/nios2-elf/4.9.1/../../../../../H-x86_64-mingw32/nios2-elf/lib/mno-hw-mul\libc.a(lib_a-memcmp.o)
 .debug_aranges
                0x0000000000000958       0x20 c:/altera/15.0/nios2eds/bin/gnu/h-x86_64-mingw32/bin/../lib/gcc/nios2-elf/4.9.1/../../../../../H-x86_64-mingw32/nios2-elf/lib/mno-hw-mul\libc.a(lib_a-__atexit.o)
 .debug_aranges
                0x0000000000000978       0x20 c:/altera/15.0/nios2eds/bin/gnu/h-x86_64-mingw32/bin/../lib/gcc/nios2-elf/4.9.1/../../../../../H-x86_64-mingw32/nios2-elf/lib/mno-hw-mul\libc.a(lib_a-__call_atexit.o)
 .debug_aranges
                0x0000000000000998       0x20 c:/altera/15.0/nios2eds/bin/gnu/h-x86_64-mingw32/bin/../lib/gcc/nios2-elf/4.9.1/mno-hw-mul\libgcc.a(lib2-divmod.o)
 .debug_aranges
                0x00000000000009b8       0x20 D:/tag2/de1_software/nios/leds_rotation/led_task_bsp/\libhal_bsp.a(alt_exit.o)

.debug_pubnames
 *(.debug_pubnames)

.debug_info     0x0000000000000000    0x16965
 *(.debug_info .gnu.linkonce.wi.*)
 .debug_info    0x0000000000000000       0x69 D:/tag2/de1_software/nios/leds_rotation/led_task_bsp//obj/HAL/src/crt0.o
 .debug_info    0x0000000000000069      0x104 obj/default/led_task.o
 .debug_info    0x000000000000016d       0xb5 obj/default/main.o
 .debug_info    0x0000000000000222      0x9f4 c:/altera/15.0/nios2eds/bin/gnu/h-x86_64-mingw32/bin/../lib/gcc/nios2-elf/4.9.1/../../../../../H-x86_64-mingw32/nios2-elf/lib/mno-hw-mul\libc.a(lib_a-puts.o)
 .debug_info    0x0000000000000c16       0xdb c:/altera/15.0/nios2eds/bin/gnu/h-x86_64-mingw32/bin/../lib/gcc/nios2-elf/4.9.1/../../../../../H-x86_64-mingw32/nios2-elf/lib/mno-hw-mul\libc.a(lib_a-strlen.o)
 .debug_info    0x0000000000000cf1      0xc31 c:/altera/15.0/nios2eds/bin/gnu/h-x86_64-mingw32/bin/../lib/gcc/nios2-elf/4.9.1/../../../../../H-x86_64-mingw32/nios2-elf/lib/mno-hw-mul\libc.a(lib_a-fvwrite.o)
 .debug_info    0x0000000000001922      0x88f c:/altera/15.0/nios2eds/bin/gnu/h-x86_64-mingw32/bin/../lib/gcc/nios2-elf/4.9.1/../../../../../H-x86_64-mingw32/nios2-elf/lib/mno-hw-mul\libc.a(lib_a-impure.o)
 .debug_info    0x00000000000021b1      0xd71 c:/altera/15.0/nios2eds/bin/gnu/h-x86_64-mingw32/bin/../lib/gcc/nios2-elf/4.9.1/../../../../../H-x86_64-mingw32/nios2-elf/lib/mno-hw-mul\libc.a(lib_a-mallocr.o)
 .debug_info    0x0000000000002f22      0x12b c:/altera/15.0/nios2eds/bin/gnu/h-x86_64-mingw32/bin/../lib/gcc/nios2-elf/4.9.1/../../../../../H-x86_64-mingw32/nios2-elf/lib/mno-hw-mul\libc.a(lib_a-memchr.o)
 .debug_info    0x000000000000304d      0x133 c:/altera/15.0/nios2eds/bin/gnu/h-x86_64-mingw32/bin/../lib/gcc/nios2-elf/4.9.1/../../../../../H-x86_64-mingw32/nios2-elf/lib/mno-hw-mul\libc.a(lib_a-memcpy.o)
 .debug_info    0x0000000000003180      0x133 c:/altera/15.0/nios2eds/bin/gnu/h-x86_64-mingw32/bin/../lib/gcc/nios2-elf/4.9.1/../../../../../H-x86_64-mingw32/nios2-elf/lib/mno-hw-mul\libc.a(lib_a-memmove.o)
 .debug_info    0x00000000000032b3      0xcc6 c:/altera/15.0/nios2eds/bin/gnu/h-x86_64-mingw32/bin/../lib/gcc/nios2-elf/4.9.1/../../../../../H-x86_64-mingw32/nios2-elf/lib/mno-hw-mul\libc.a(lib_a-reallocr.o)
 .debug_info    0x0000000000003f79      0x8ef c:/altera/15.0/nios2eds/bin/gnu/h-x86_64-mingw32/bin/../lib/gcc/nios2-elf/4.9.1/../../../../../H-x86_64-mingw32/nios2-elf/lib/mno-hw-mul\libc.a(lib_a-sbrkr.o)
 .debug_info    0x0000000000004868      0x91d c:/altera/15.0/nios2eds/bin/gnu/h-x86_64-mingw32/bin/../lib/gcc/nios2-elf/4.9.1/../../../../../H-x86_64-mingw32/nios2-elf/lib/mno-hw-mul\libc.a(lib_a-wsetup.o)
 .debug_info    0x0000000000005185      0xa3a c:/altera/15.0/nios2eds/bin/gnu/h-x86_64-mingw32/bin/../lib/gcc/nios2-elf/4.9.1/../../../../../H-x86_64-mingw32/nios2-elf/lib/mno-hw-mul\libc.a(lib_a-fflush.o)
 .debug_info    0x0000000000005bbf      0xd37 c:/altera/15.0/nios2eds/bin/gnu/h-x86_64-mingw32/bin/../lib/gcc/nios2-elf/4.9.1/../../../../../H-x86_64-mingw32/nios2-elf/lib/mno-hw-mul\libc.a(lib_a-findfp.o)
 .debug_info    0x00000000000068f6      0xc02 c:/altera/15.0/nios2eds/bin/gnu/h-x86_64-mingw32/bin/../lib/gcc/nios2-elf/4.9.1/../../../../../H-x86_64-mingw32/nios2-elf/lib/mno-hw-mul\libc.a(lib_a-freer.o)
 .debug_info    0x00000000000074f8      0xab7 c:/altera/15.0/nios2eds/bin/gnu/h-x86_64-mingw32/bin/../lib/gcc/nios2-elf/4.9.1/../../../../../H-x86_64-mingw32/nios2-elf/lib/mno-hw-mul\libc.a(lib_a-fwalk.o)
 .debug_info    0x0000000000007faf       0x83 c:/altera/15.0/nios2eds/bin/gnu/h-x86_64-mingw32/bin/../lib/gcc/nios2-elf/4.9.1/../../../../../H-x86_64-mingw32/nios2-elf/lib/mno-hw-mul\libc.a(lib_a-int_errno.o)
 .debug_info    0x0000000000008032      0xaff c:/altera/15.0/nios2eds/bin/gnu/h-x86_64-mingw32/bin/../lib/gcc/nios2-elf/4.9.1/../../../../../H-x86_64-mingw32/nios2-elf/lib/mno-hw-mul\libc.a(lib_a-makebuf.o)
 .debug_info    0x0000000000008b31      0x11a c:/altera/15.0/nios2eds/bin/gnu/h-x86_64-mingw32/bin/../lib/gcc/nios2-elf/4.9.1/../../../../../H-x86_64-mingw32/nios2-elf/lib/mno-hw-mul\libc.a(lib_a-memset.o)
 .debug_info    0x0000000000008c4b      0xb83 c:/altera/15.0/nios2eds/bin/gnu/h-x86_64-mingw32/bin/../lib/gcc/nios2-elf/4.9.1/../../../../../H-x86_64-mingw32/nios2-elf/lib/mno-hw-mul\libc.a(lib_a-stdio.o)
 .debug_info    0x00000000000097ce      0x921 c:/altera/15.0/nios2eds/bin/gnu/h-x86_64-mingw32/bin/../lib/gcc/nios2-elf/4.9.1/../../../../../H-x86_64-mingw32/nios2-elf/lib/mno-hw-mul\libc.a(lib_a-writer.o)
 .debug_info    0x000000000000a0ef      0x8ce c:/altera/15.0/nios2eds/bin/gnu/h-x86_64-mingw32/bin/../lib/gcc/nios2-elf/4.9.1/../../../../../H-x86_64-mingw32/nios2-elf/lib/mno-hw-mul\libc.a(closer.o)
 .debug_info    0x000000000000a9bd      0xa12 c:/altera/15.0/nios2eds/bin/gnu/h-x86_64-mingw32/bin/../lib/gcc/nios2-elf/4.9.1/../../../../../H-x86_64-mingw32/nios2-elf/lib/mno-hw-mul\libc.a(lib_a-fclose.o)
 .debug_info    0x000000000000b3cf      0xa5c c:/altera/15.0/nios2eds/bin/gnu/h-x86_64-mingw32/bin/../lib/gcc/nios2-elf/4.9.1/../../../../../H-x86_64-mingw32/nios2-elf/lib/mno-hw-mul\libc.a(lib_a-fstatr.o)
 .debug_info    0x000000000000be2b      0x8ce c:/altera/15.0/nios2eds/bin/gnu/h-x86_64-mingw32/bin/../lib/gcc/nios2-elf/4.9.1/../../../../../H-x86_64-mingw32/nios2-elf/lib/mno-hw-mul\libc.a(lib_a-isattyr.o)
 .debug_info    0x000000000000c6f9      0x91a c:/altera/15.0/nios2eds/bin/gnu/h-x86_64-mingw32/bin/../lib/gcc/nios2-elf/4.9.1/../../../../../H-x86_64-mingw32/nios2-elf/lib/mno-hw-mul\libc.a(lib_a-lseekr.o)
 .debug_info    0x000000000000d013      0x91a c:/altera/15.0/nios2eds/bin/gnu/h-x86_64-mingw32/bin/../lib/gcc/nios2-elf/4.9.1/../../../../../H-x86_64-mingw32/nios2-elf/lib/mno-hw-mul\libc.a(lib_a-readr.o)
 .debug_info    0x000000000000d92d       0xb4 c:/altera/15.0/nios2eds/bin/gnu/h-x86_64-mingw32/bin/../lib/gcc/nios2-elf/4.9.1/mno-hw-mul\libgcc.a(lib2-mul.o)
 .debug_info    0x000000000000d9e1      0x31a D:/tag2/de1_software/nios/leds_rotation/led_task_bsp/\libhal_bsp.a(alt_close.o)
 .debug_info    0x000000000000dcfb      0x495 D:/tag2/de1_software/nios/leds_rotation/led_task_bsp/\libhal_bsp.a(alt_dev.o)
 .debug_info    0x000000000000e190       0x9f D:/tag2/de1_software/nios/leds_rotation/led_task_bsp/\libhal_bsp.a(alt_errno.o)
 .debug_info    0x000000000000e22f      0x481 D:/tag2/de1_software/nios/leds_rotation/led_task_bsp/\libhal_bsp.a(alt_fstat.o)
 .debug_info    0x000000000000e6b0      0x484 D:/tag2/de1_software/nios/leds_rotation/led_task_bsp/\libhal_bsp.a(alt_isatty.o)
 .debug_info    0x000000000000eb34      0x13e D:/tag2/de1_software/nios/leds_rotation/led_task_bsp/\libhal_bsp.a(alt_load.o)
 .debug_info    0x000000000000ec72      0x34b D:/tag2/de1_software/nios/leds_rotation/led_task_bsp/\libhal_bsp.a(alt_lseek.o)
 .debug_info    0x000000000000efbd      0x150 D:/tag2/de1_software/nios/leds_rotation/led_task_bsp/\libhal_bsp.a(alt_main.o)
 .debug_info    0x000000000000f10d      0x89f D:/tag2/de1_software/nios/leds_rotation/led_task_bsp/\libhal_bsp.a(alt_malloc_lock.o)
 .debug_info    0x000000000000f9ac      0x4a9 D:/tag2/de1_software/nios/leds_rotation/led_task_bsp/\libhal_bsp.a(alt_read.o)
 .debug_info    0x000000000000fe55      0x2b0 D:/tag2/de1_software/nios/leds_rotation/led_task_bsp/\libhal_bsp.a(alt_release_fd.o)
 .debug_info    0x0000000000010105      0x1cb D:/tag2/de1_software/nios/leds_rotation/led_task_bsp/\libhal_bsp.a(alt_sbrk.o)