Archive member included to satisfy reference by file (symbol)

c:/altera/15.0/nios2eds/bin/gnu/h-x86_64-mingw32/bin/../lib/gcc/nios2-elf/4.9.1/../../../../../H-x86_64-mingw32/nios2-elf/lib/mno-hw-mul\libsmallc.a(lib_a-puts.o)
                              obj/default/main.o (puts)
c:/altera/15.0/nios2eds/bin/gnu/h-x86_64-mingw32/bin/../lib/gcc/nios2-elf/4.9.1/../../../../../H-x86_64-mingw32/nios2-elf/lib/mno-hw-mul\libsmallc.a(lib_a-strlen.o)
                              c:/altera/15.0/nios2eds/bin/gnu/h-x86_64-mingw32/bin/../lib/gcc/nios2-elf/4.9.1/../../../../../H-x86_64-mingw32/nios2-elf/lib/mno-hw-mul\libsmallc.a(lib_a-puts.o) (strlen)
c:/altera/15.0/nios2eds/bin/gnu/h-x86_64-mingw32/bin/../lib/gcc/nios2-elf/4.9.1/../../../../../H-x86_64-mingw32/nios2-elf/lib/mno-hw-mul\libsmallc.a(lib_a-fvwrite_small_dev.o)
                              c:/altera/15.0/nios2eds/bin/gnu/h-x86_64-mingw32/bin/../lib/gcc/nios2-elf/4.9.1/../../../../../H-x86_64-mingw32/nios2-elf/lib/mno-hw-mul\libsmallc.a(lib_a-puts.o) (__sfvwrite_small_dev)
c:/altera/15.0/nios2eds/bin/gnu/h-x86_64-mingw32/bin/../lib/gcc/nios2-elf/4.9.1/../../../../../H-x86_64-mingw32/nios2-elf/lib/mno-hw-mul\libsmallc.a(lib_a-impure.o)
                              c:/altera/15.0/nios2eds/bin/gnu/h-x86_64-mingw32/bin/../lib/gcc/nios2-elf/4.9.1/../../../../../H-x86_64-mingw32/nios2-elf/lib/mno-hw-mul\libsmallc.a(lib_a-puts.o) (_impure_ptr)
c:/altera/15.0/nios2eds/bin/gnu/h-x86_64-mingw32/bin/../lib/gcc/nios2-elf/4.9.1/../../../../../H-x86_64-mingw32/nios2-elf/lib/mno-hw-mul\libsmallc.a(lib_a-writer.o)
                              c:/altera/15.0/nios2eds/bin/gnu/h-x86_64-mingw32/bin/../lib/gcc/nios2-elf/4.9.1/../../../../../H-x86_64-mingw32/nios2-elf/lib/mno-hw-mul\libsmallc.a(lib_a-fvwrite_small_dev.o) (_write_r)
c:/altera/15.0/nios2eds/bin/gnu/h-x86_64-mingw32/bin/../lib/gcc/nios2-elf/4.9.1/../../../../../H-x86_64-mingw32/nios2-elf/lib/mno-hw-mul\libsmallc.a(lib_a-int_errno.o)
                              c:/altera/15.0/nios2eds/bin/gnu/h-x86_64-mingw32/bin/../lib/gcc/nios2-elf/4.9.1/../../../../../H-x86_64-mingw32/nios2-elf/lib/mno-hw-mul\libsmallc.a(lib_a-writer.o) (errno)
D:/tag2/de1_software/nios/system_application/nios_program_bsp/\libhal_bsp.a(alt_load.o)
                              D:/tag2/de1_software/nios/system_application/nios_program_bsp//obj/HAL/src/crt0.o (alt_load)
D:/tag2/de1_software/nios/system_application/nios_program_bsp/\libhal_bsp.a(alt_main.o)
                              D:/tag2/de1_software/nios/system_application/nios_program_bsp//obj/HAL/src/crt0.o (alt_main)
D:/tag2/de1_software/nios/system_application/nios_program_bsp/\libhal_bsp.a(alt_write.o)
                              c:/altera/15.0/nios2eds/bin/gnu/h-x86_64-mingw32/bin/../lib/gcc/nios2-elf/4.9.1/../../../../../H-x86_64-mingw32/nios2-elf/lib/mno-hw-mul\libsmallc.a(lib_a-writer.o) (write)
D:/tag2/de1_software/nios/system_application/nios_program_bsp/\libhal_bsp.a(alt_sys_init.o)
                              D:/tag2/de1_software/nios/system_application/nios_program_bsp/\libhal_bsp.a(alt_main.o) (alt_irq_init)
D:/tag2/de1_software/nios/system_application/nios_program_bsp/\libhal_bsp.a(altera_avalon_dma.o)
                              D:/tag2/de1_software/nios/system_application/nios_program_bsp/\libhal_bsp.a(alt_sys_init.o) (alt_avalon_dma_launch_bidir)
D:/tag2/de1_software/nios/system_application/nios_program_bsp/\libhal_bsp.a(altera_avalon_jtag_uart_fd.o)
                              D:/tag2/de1_software/nios/system_application/nios_program_bsp/\libhal_bsp.a(alt_sys_init.o) (altera_avalon_jtag_uart_read_fd)
D:/tag2/de1_software/nios/system_application/nios_program_bsp/\libhal_bsp.a(altera_avalon_jtag_uart_read.o)
                              D:/tag2/de1_software/nios/system_application/nios_program_bsp/\libhal_bsp.a(altera_avalon_jtag_uart_fd.o) (altera_avalon_jtag_uart_read)
D:/tag2/de1_software/nios/system_application/nios_program_bsp/\libhal_bsp.a(altera_avalon_jtag_uart_write.o)
                              D:/tag2/de1_software/nios/system_application/nios_program_bsp/\libhal_bsp.a(altera_avalon_jtag_uart_fd.o) (altera_avalon_jtag_uart_write)
D:/tag2/de1_software/nios/system_application/nios_program_bsp/\libhal_bsp.a(altera_up_avalon_rs232.o)
                              D:/tag2/de1_software/nios/system_application/nios_program_bsp/\libhal_bsp.a(alt_sys_init.o) (alt_up_rs232_read_fd)
D:/tag2/de1_software/nios/system_application/nios_program_bsp/\libhal_bsp.a(alt_close.o)
                              D:/tag2/de1_software/nios/system_application/nios_program_bsp/\libhal_bsp.a(alt_main.o) (close)
D:/tag2/de1_software/nios/system_application/nios_program_bsp/\libhal_bsp.a(alt_dcache_flush_all.o)
                              D:/tag2/de1_software/nios/system_application/nios_program_bsp/\libhal_bsp.a(alt_load.o) (alt_dcache_flush_all)
D:/tag2/de1_software/nios/system_application/nios_program_bsp/\libhal_bsp.a(alt_dev.o)
[...]
Memory Configuration

Name             Origin             Length             Attributes
onchip_sram      0x0000000000020000 0x000000000000d000
reset            0x0000000008000000 0x0000000000000020
sdram_controller 0x0000000008000020 0x0000000003ffffe0
*default*        0x0000000000000000 0xffffffffffffffff

Linker script and memory map

LOAD D:/tag2/de1_software/nios/system_application/nios_program_bsp//obj/HAL/src/crt0.o
LOAD obj/default/main.o
LOAD c:/altera/15.0/nios2eds/bin/gnu/h-x86_64-mingw32/bin/../lib/gcc/nios2-elf/4.9.1/../../../../../H-x86_64-mingw32/nios2-elf/lib/mno-hw-mul\libstdc++.a
LOAD c:/altera/15.0/nios2eds/bin/gnu/h-x86_64-mingw32/bin/../lib/gcc/nios2-elf/4.9.1/../../../../../H-x86_64-mingw32/nios2-elf/lib/mno-hw-mul\libm.a
LOAD c:/altera/15.0/nios2eds/bin/gnu/h-x86_64-mingw32/bin/../lib/gcc/nios2-elf/4.9.1/mno-hw-mul\libgcc.a
START GROUP
LOAD c:/altera/15.0/nios2eds/bin/gnu/h-x86_64-mingw32/bin/../lib/gcc/nios2-elf/4.9.1/../../../../../H-x86_64-mingw32/nios2-elf/lib/mno-hw-mul\libsmallc.a
LOAD c:/altera/15.0/nios2eds/bin/gnu/h-x86_64-mingw32/bin/../lib/gcc/nios2-elf/4.9.1/mno-hw-mul\libgcc.a
LOAD D:/tag2/de1_software/nios/system_application/nios_program_bsp/\libhal_bsp.a
LOAD c:/altera/15.0/nios2eds/bin/gnu/h-x86_64-mingw32/bin/../lib/gcc/nios2-elf/4.9.1/../../../../../H-x86_64-mingw32/nios2-elf/lib/mno-hw-mul\libm.a
END GROUP
LOAD c:/altera/15.0/nios2eds/bin/gnu/h-x86_64-mingw32/bin/../lib/gcc/nios2-elf/4.9.1/mno-hw-mul\libgcc.a
                0x0000000000020000                __alt_mem_onchip_sram = 0x20000
                0x0000000008000000                __alt_mem_sdram_controller = 0x8000000

.entry          0x0000000008000000       0x20
 *(.entry)
 .entry         0x0000000008000000       0x20 D:/tag2/de1_software/nios/system_application/nios_program_bsp//obj/HAL/src/crt0.o
                0x0000000008000000                __reset

.exceptions     0x0000000008000020      0x210
                0x0000000008000020                PROVIDE (__ram_exceptions_start, ABSOLUTE (.))
                0x0000000008000020                . = ALIGN (0x20)
 *(.irq)
 *(.exceptions.entry.label)
 .exceptions.entry.label
                0x0000000008000020        0x0 D:/tag2/de1_software/nios/system_application/nios_program_bsp/\libhal_bsp.a(alt_irq_entry.o)
                0x0000000008000020                alt_irq_entry
 .exceptions.entry.label
                0x0000000008000020        0x0 D:/tag2/de1_software/nios/system_application/nios_program_bsp/\libhal_bsp.a(alt_exception_entry.o)
                0x0000000008000020                alt_exception
 *(.exceptions.entry.user)
 *(.exceptions.entry.ecc_fatal)
 *(.exceptions.entry)
 .exceptions.entry
                0x0000000008000020       0x54 D:/tag2/de1_software/nios/system_application/nios_program_bsp/\libhal_bsp.a(alt_exception_entry.o)
 *(.exceptions.irqtest.user)
 *(.exceptions.irqtest)
 .exceptions.irqtest
                0x0000000008000074       0x10 D:/tag2/de1_software/nios/system_application/nios_program_bsp/\libhal_bsp.a(alt_irq_entry.o)
 *(.exceptions.irqhandler.user)
 *(.exceptions.irqhandler)
 .exceptions.irqhandler
                0x0000000008000084        0x4 D:/tag2/de1_software/nios/system_application/nios_program_bsp/\libhal_bsp.a(alt_irq_entry.o)
 *(.exceptions.irqreturn.user)
 *(.exceptions.irqreturn)
 .exceptions.irqreturn
                0x0000000008000088        0x4 D:/tag2/de1_software/nios/system_application/nios_program_bsp/\libhal_bsp.a(alt_irq_entry.o)
 *(.exceptions.notirq.label)
 .exceptions.notirq.label
                0x000000000800008c        0x0 D:/tag2/de1_software/nios/system_application/nios_program_bsp/\libhal_bsp.a(alt_irq_entry.o)
 *(.exceptions.notirq.user)
 *(.exceptions.notirq)
 .exceptions.notirq
                0x000000000800008c        0x8 D:/tag2/de1_software/nios/system_application/nios_program_bsp/\libhal_bsp.a(alt_exception_entry.o)
 *(.exceptions.soft.user)
 *(.exceptions.soft)
 *(.exceptions.unknown.user)
 *(.exceptions.unknown)
 .exceptions.unknown
                0x0000000008000094       0x14 D:/tag2/de1_software/nios/system_application/nios_program_bsp/\libhal_bsp.a(alt_exception_entry.o)
 *(.exceptions.exit.label)
 .exceptions.exit.label
                0x00000000080000a8        0x0 D:/tag2/de1_software/nios/system_application/nios_program_bsp/\libhal_bsp.a(alt_irq_entry.o)
 .exceptions.exit.label
                0x00000000080000a8        0x0 D:/tag2/de1_software/nios/system_application/nios_program_bsp/\libhal_bsp.a(alt_exception_entry.o)
 *(.exceptions.exit.user)
 *(.exceptions.exit)
 .exceptions.exit
                0x00000000080000a8       0x54 D:/tag2/de1_software/nios/system_application/nios_program_bsp/\libhal_bsp.a(alt_exception_entry.o)
 *(.exceptions)
 .exceptions    0x00000000080000fc       0xd4 D:/tag2/de1_software/nios/system_application/nios_program_bsp/\libhal_bsp.a(alt_irq_handler.o)
                0x00000000080000fc                alt_irq_handler
 .exceptions    0x00000000080001d0       0x60 D:/tag2/de1_software/nios/system_application/nios_program_bsp/\libhal_bsp.a(alt_instruction_exception_entry.o)
                0x00000000080001d0                alt_instruction_exception_entry
                0x0000000008000230                PROVIDE (__ram_exceptions_end, ABSOLUTE (.))
                0x0000000008000020                PROVIDE (__flash_exceptions_start, LOADADDR (.exceptions))

.text           0x0000000008000230     0x28b4
                0x0000000008000230                PROVIDE (stext, ABSOLUTE (.))
 *(.interp)
 *(.hash)
 *(.dynsym)
 *(.dynstr)
 *(.gnu.version)
 *(.gnu.version_d)
 *(.gnu.version_r)
 *(.rel.init)
 *(.rela.init)
 *(.rel.text .rel.text.* .rel.gnu.linkonce.t.*)
 *(.rela.text .rela.text.* .rela.gnu.linkonce.t.*)
 *(.rel.fini)
 *(.rela.fini)
 *(.rel.rodata .rel.rodata.* .rel.gnu.linkonce.r.*)
 *(.rela.rodata .rela.rodata.* .rela.gnu.linkonce.r.*)
 *(.rel.data .rel.data.* .rel.gnu.linkonce.d.*)
 *(.rela.data .rela.data.* .rela.gnu.linkonce.d.*)
 *(.rel.tdata .rel.tdata.* .rel.gnu.linkonce.td.*)
 *(.rela.tdata .rela.tdata.* .rela.gnu.linkonce.td.*)
 *(.rel.tbss .rel.tbss.* .rel.gnu.linkonce.tb.*)
 *(.rela.tbss .rela.tbss.* .rela.gnu.linkonce.tb.*)
 *(.rel.ctors)
 *(.rela.ctors)
 *(.rel.dtors)
 *(.rela.dtors)
 *(.rel.got)
 *(.rela.got)
 *(.rel.sdata .rel.sdata.* .rel.gnu.linkonce.s.*)
 *(.rela.sdata .rela.sdata.* .rela.gnu.linkonce.s.*)
 *(.rel.sbss .rel.sbss.* .rel.gnu.linkonce.sb.*)
 *(.rela.sbss .rela.sbss.* .rela.gnu.linkonce.sb.*)
 *(.rel.sdata2 .rel.sdata2.* .rel.gnu.linkonce.s2.*)
 *(.rela.sdata2 .rela.sdata2.* .rela.gnu.linkonce.s2.*)
 *(.rel.sbss2 .rel.sbss2.* .rel.gnu.linkonce.sb2.*)
 *(.rela.sbss2 .rela.sbss2.* .rela.gnu.linkonce.sb2.*)
 *(.rel.bss .rel.bss.* .rel.gnu.linkonce.b.*)
 *(.rela.bss .rela.bss.* .rela.gnu.linkonce.b.*)
 *(.rel.plt)
 *(.rela.plt)
 *(.rel.dyn)
 *(.init)
 *(.plt)
 *(.text .stub .text.* .gnu.linkonce.t.*)
 .text          0x0000000008000230       0x3c D:/tag2/de1_software/nios/system_application/nios_program_bsp//obj/HAL/src/crt0.o
                0x0000000008000230                _start
 .text          0x000000000800026c       0x44 obj/default/main.o
                0x000000000800026c                main
 .text          0x00000000080002b0       0x94 c:/altera/15.0/nios2eds/bin/gnu/h-x86_64-mingw32/bin/../lib/gcc/nios2-elf/4.9.1/../../../../../H-x86_64-mingw32/nios2-elf/lib/mno-hw-mul\libsmallc.a(lib_a-puts.o)
                0x00000000080002b0                _puts_r
                0x0000000008000330                puts
 .text          0x0000000008000344       0x1c c:/altera/15.0/nios2eds/bin/gnu/h-x86_64-mingw32/bin/../lib/gcc/nios2-elf/4.9.1/../../../../../H-x86_64-mingw32/nios2-elf/lib/mno-hw-mul\libsmallc.a(lib_a-strlen.o)
                0x0000000008000344                strlen
 .text          0x0000000008000360       0xac c:/altera/15.0/nios2eds/bin/gnu/h-x86_64-mingw32/bin/../lib/gcc/nios2-elf/4.9.1/../../../../../H-x86_64-mingw32/nios2-elf/lib/mno-hw-mul\libsmallc.a(lib_a-fvwrite_small_dev.o)
                0x0000000008000360                __sfvwrite_small_dev
 .text          0x000000000800040c        0x0 c:/altera/15.0/nios2eds/bin/gnu/h-x86_64-mingw32/bin/../lib/gcc/nios2-elf/4.9.1/../../../../../H-x86_64-mingw32/nios2-elf/lib/mno-hw-mul\libsmallc.a(lib_a-impure.o)
 .text          0x000000000800040c       0x58 c:/altera/15.0/nios2eds/bin/gnu/h-x86_64-mingw32/bin/../lib/gcc/nios2-elf/4.9.1/../../../../../H-x86_64-mingw32/nios2-elf/lib/mno-hw-mul\libsmallc.a(lib_a-writer.o)
                0x000000000800040c                _write_r
 .text          0x0000000008000464        0x0 c:/altera/15.0/nios2eds/bin/gnu/h-x86_64-mingw32/bin/../lib/gcc/nios2-elf/4.9.1/../../../../../H-x86_64-mingw32/nios2-elf/lib/mno-hw-mul\libsmallc.a(lib_a-int_errno.o)
 .text          0x0000000008000464       0xe4 D:/tag2/de1_software/nios/system_application/nios_program_bsp/\libhal_bsp.a(alt_load.o)
                0x00000000080004c8                alt_load
 .text          0x0000000008000548       0x78 D:/tag2/de1_software/nios/system_application/nios_program_bsp/\libhal_bsp.a(alt_main.o)
                0x0000000008000548                alt_main
 .text          0x00000000080005c0      0x150 D:/tag2/de1_software/nios/system_application/nios_program_bsp/\libhal_bsp.a(alt_write.o)
                0x0000000008000610                write
 .text          0x0000000008000710       0xdc D:/tag2/de1_software/nios/system_application/nios_program_bsp/\libhal_bsp.a(alt_sys_init.o)
                0x0000000008000748                alt_irq_init
                0x000000000800077c                alt_sys_init
 .text          0x00000000080007ec      0xbb4 D:/tag2/de1_software/nios/system_application/nios_program_bsp/\libhal_bsp.a(altera_avalon_dma.o)
                0x000000000800085c                alt_avalon_dma_launch_bidir
                0x0000000008000dc4                alt_avalon_dma_tx_ioctl
                0x0000000008000e0c                alt_avalon_dma_rx_ioctl
                0x0000000008000e54                alt_avalon_dma_prepare
                0x0000000008000f8c                alt_avalon_dma_space
                0x0000000008001000                alt_avalon_dma_send
                0x00000000080012f8                alt_avalon_dma_init
 .text          0x00000000080013a0       0xc0 D:/tag2/de1_software/nios/system_application/nios_program_bsp/\libhal_bsp.a(altera_avalon_jtag_uart_fd.o)
                0x00000000080013a0                altera_avalon_jtag_uart_read_fd
                0x0000000008001400                altera_avalon_jtag_uart_write_fd
 .text          0x0000000008001460       0xe4 D:/tag2/de1_software/nios/system_application/nios_program_bsp/\libhal_bsp.a(altera_avalon_jtag_uart_read.o)
                0x0000000008001460                altera_avalon_jtag_uart_read
 .text          0x0000000008001544       0x94 D:/tag2/de1_software/nios/system_application/nios_program_bsp/\libhal_bsp.a(altera_avalon_jtag_uart_write.o)
                0x0000000008001544                altera_avalon_jtag_uart_write
 .text          0x00000000080015d8      0x38c D:/tag2/de1_software/nios/system_application/nios_program_bsp/\libhal_bsp.a(altera_up_avalon_rs232.o)
                0x00000000080015d8                alt_up_rs232_enable_read_interrupt
                0x0000000008001630                alt_up_rs232_disable_read_interrupt
                0x000000000800168c                alt_up_rs232_get_used_space_in_read_FIFO
                0x00000000080016cc                alt_up_rs232_get_available_space_in_write_FIFO
                0x0000000008001708                alt_up_rs232_check_parity
                0x000000000800174c                alt_up_rs232_write_data
                0x000000000800178c                alt_up_rs232_read_data
                0x0000000008001800                alt_up_rs232_read_fd
                0x0000000008001890                alt_up_rs232_write_fd
                0x0000000008001924                alt_up_rs232_open_dev
 .text          0x0000000008001964      0x128 D:/tag2/de1_software/nios/system_application/nios_program_bsp/\libhal_bsp.a(alt_close.o)
                0x00000000080019b4                close
 .text          0x0000000008001a8c       0x1c D:/tag2/de1_software/nios/system_application/nios_program_bsp/\libhal_bsp.a(alt_dcache_flush_all.o)
                0x0000000008001a8c                alt_dcache_flush_all
 .text          0x0000000008001aa8       0x2c D:/tag2/de1_software/nios/system_application/nios_program_bsp/\libhal_bsp.a(alt_dev.o)
 .text          0x0000000008001ad4       0xf4 D:/tag2/de1_software/nios/system_application/nios_program_bsp/\libhal_bsp.a(alt_dev_llist_insert.o)
                0x0000000008001b24                alt_dev_llist_insert
 .text          0x0000000008001bc8       0xa4 D:/tag2/de1_software/nios/system_application/nios_program_bsp/\libhal_bsp.a(alt_dma_rxchan_open.o)
                0x0000000008001c18                alt_dma_rxchan_open
 .text          0x0000000008001c6c       0xa4 D:/tag2/de1_software/nios/system_application/nios_program_bsp/\libhal_bsp.a(alt_dma_txchan_open.o)
                0x0000000008001cbc                alt_dma_txchan_open
 .text          0x0000000008001d10       0x5c D:/tag2/de1_software/nios/system_application/nios_program_bsp/\libhal_bsp.a(alt_do_ctors.o)
                0x0000000008001d10                _do_ctors
 .text          0x0000000008001d6c       0x5c D:/tag2/de1_software/nios/system_application/nios_program_bsp/\libhal_bsp.a(alt_do_dtors.o)
                0x0000000008001d6c                _do_dtors
 .text          0x0000000008001dc8        0x0 D:/tag2/de1_software/nios/system_application/nios_program_bsp/\libhal_bsp.a(alt_errno.o)
 .text          0x0000000008001dc8       0x90 D:/tag2/de1_software/nios/system_application/nios_program_bsp/\libhal_bsp.a(alt_find_dev.o)
                0x0000000008001dc8                alt_find_dev
 .text          0x0000000008001e58       0x1c D:/tag2/de1_software/nios/system_application/nios_program_bsp/\libhal_bsp.a(alt_icache_flush_all.o)
                0x0000000008001e58                alt_icache_flush_all
 .text          0x0000000008001e74      0x158 D:/tag2/de1_software/nios/system_application/nios_program_bsp/\libhal_bsp.a(alt_io_redirect.o)
                0x0000000008001f54                alt_io_redirect
 .text          0x0000000008001fcc      0x1b0 D:/tag2/de1_software/nios/system_application/nios_program_bsp/\libhal_bsp.a(alt_irq_register.o)
                0x0000000008001fcc                alt_irq_register
 .text          0x000000000800217c        0x0 D:/tag2/de1_software/nios/system_application/nios_program_bsp/\libhal_bsp.a(alt_irq_vars.o)
 .text          0x000000000800217c      0x2a4 D:/tag2/de1_software/nios/system_application/nios_program_bsp/\libhal_bsp.a(alt_open.o)
                0x00000000080022c0                open
 .text          0x0000000008002420       0x80 D:/tag2/de1_software/nios/system_application/nios_program_bsp/\libhal_bsp.a(alt_release_fd.o)
                0x0000000008002420                alt_release_fd
 .text          0x00000000080024a0       0x20 D:/tag2/de1_software/nios/system_application/nios_program_bsp/\libhal_bsp.a(altera_nios2_gen2_irq.o)
                0x00000000080024a0                altera_nios2_gen2_irq_init
 .text          0x00000000080024c0      0x114 D:/tag2/de1_software/nios/system_application/nios_program_bsp/\libhal_bsp.a(alt_find_file.o)
                0x00000000080024c0                alt_find_file
 .text          0x00000000080025d4       0xd4 D:/tag2/de1_software/nios/system_application/nios_program_bsp/\libhal_bsp.a(alt_get_fd.o)
                0x00000000080025d4                alt_get_fd
 .text          0x00000000080026a8        0x0 D:/tag2/de1_software/nios/system_application/nios_program_bsp/\libhal_bsp.a(alt_irq_entry.o)
 .text          0x00000000080026a8        0x0 D:/tag2/de1_software/nios/system_application/nios_program_bsp/\libhal_bsp.a(alt_irq_handler.o)
 .text          0x00000000080026a8        0x0 D:/tag2/de1_software/nios/system_application/nios_program_bsp/\libhal_bsp.a(alt_exception_entry.o)
 .text          0x00000000080026a8       0x9c D:/tag2/de1_software/nios/system_application/nios_program_bsp/\libhal_bsp.a(alt_instruction_exception_entry.o)
                0x00000000080026a8                alt_exception_cause_generated_bad_addr
 .text          0x0000000008002744       0x14 c:/altera/15.0/nios2eds/bin/gnu/h-x86_64-mingw32/bin/../lib/gcc/nios2-elf/4.9.1/../../../../../H-x86_64-mingw32/nios2-elf/lib/mno-hw-mul\libsmallc.a(lib_a-atexit.o)
                0x0000000008002744                atexit
 .text          0x0000000008002758       0x20 c:/altera/15.0/nios2eds/bin/gnu/h-x86_64-mingw32/bin/../lib/gcc/nios2-elf/4.9.1/../../../../../H-x86_64-mingw32/nios2-elf/lib/mno-hw-mul\libsmallc.a(lib_a-exit.o)
                0x0000000008002758                exit
 .text          0x0000000008002778       0x30 c:/altera/15.0/nios2eds/bin/gnu/h-x86_64-mingw32/bin/../lib/gcc/nios2-elf/4.9.1/../../../../../H-x86_64-mingw32/nios2-elf/lib/mno-hw-mul\libsmallc.a(lib_a-memcmp.o)
                0x0000000008002778                memcmp
 .text          0x00000000080027a8      0x144 c:/altera/15.0/nios2eds/bin/gnu/h-x86_64-mingw32/bin/../lib/gcc/nios2-elf/4.9.1/../../../../../H-x86_64-mingw32/nios2-elf/lib/mno-hw-mul\libsmallc.a(lib_a-__atexit.o)
                0x00000000080027a8                __register_exitproc
 .text          0x00000000080028ec      0x19c c:/altera/15.0/nios2eds/bin/gnu/h-x86_64-mingw32/bin/../lib/gcc/nios2-elf/4.9.1/../../../../../H-x86_64-mingw32/nios2-elf/lib/mno-hw-mul\libsmallc.a(lib_a-__call_atexit.o)
                0x00000000080028ec                __call_exitprocs
 .text          0x0000000008002a88       0x28 c:/altera/15.0/nios2eds/bin/gnu/h-x86_64-mingw32/bin/../lib/gcc/nios2-elf/4.9.1/mno-hw-mul\libgcc.a(lib2-mul.o)
                0x0000000008002a88                __mulsi3
 .text          0x0000000008002ab0       0x34 D:/tag2/de1_software/nios/system_application/nios_program_bsp/\libhal_bsp.a(alt_exit.o)
                0x0000000008002ab0                _exit
 *(.gnu.warning.*)
 *(.fini)
                0x0000000008002ae4                PROVIDE (__etext, ABSOLUTE (.))
                0x0000000008002ae4                PROVIDE (_etext, ABSOLUTE (.))
                0x0000000008002ae4                PROVIDE (etext, ABSOLUTE (.))
 *(.eh_frame_hdr)
                0x0000000008002ae4                . = ALIGN (0x4)
                0x0000000008002ae4                PROVIDE (__preinit_array_start, ABSOLUTE (.))
 *(.preinit_array)
                0x0000000008002ae4                PROVIDE (__preinit_array_end, ABSOLUTE (.))
                0x0000000008002ae4                PROVIDE (__init_array_start, ABSOLUTE (.))
 *(.init_array)
                0x0000000008002ae4                PROVIDE (__init_array_end, ABSOLUTE (.))
                0x0000000008002ae4                PROVIDE (__fini_array_start, ABSOLUTE (.))
 *(.fini_array)
                0x0000000008002ae4                PROVIDE (__fini_array_end, ABSOLUTE (.))
 *(.eh_frame)
 *(.gcc_except_table .gcc_except_table.*)
 *(.dynamic)
                0x0000000008002ae4                PROVIDE (__CTOR_LIST__, ABSOLUTE (.))
 *(.ctors)
 *(SORT(.ctors.*))
                0x0000000008002ae4                PROVIDE (__CTOR_END__, ABSOLUTE (.))
                0x0000000008002ae4                PROVIDE (__DTOR_LIST__, ABSOLUTE (.))
 *(.dtors)
 *(SORT(.dtors.*))
                0x0000000008002ae4                PROVIDE (__DTOR_END__, ABSOLUTE (.))
 *(.jcr)
                0x0000000008002ae4                . = ALIGN (0x4)

.rodata         0x0000000008002ae4       0xcc
                0x0000000008002ae4                PROVIDE (__ram_rodata_start, ABSOLUTE (.))
                0x0000000008002ae4                . = ALIGN (0x4)
 *(.rodata .rodata.* .gnu.linkonce.r.*)
 .rodata        0x0000000008002ae4       0x50 obj/default/main.o
 .rodata.str1.4
                0x0000000008002b34        0x4 c:/altera/15.0/nios2eds/bin/gnu/h-x86_64-mingw32/bin/../lib/gcc/nios2-elf/4.9.1/../../../../../H-x86_64-mingw32/nios2-elf/lib/mno-hw-mul\libsmallc.a(lib_a-puts.o)
 .rodata        0x0000000008002b38       0x14 D:/tag2/de1_software/nios/system_application/nios_program_bsp/\libhal_bsp.a(alt_main.o)
 .rodata        0x0000000008002b4c       0x58 D:/tag2/de1_software/nios/system_application/nios_program_bsp/\libhal_bsp.a(alt_sys_init.o)
 .rodata        0x0000000008002ba4        0xc D:/tag2/de1_software/nios/system_application/nios_program_bsp/\libhal_bsp.a(alt_dev.o)
 *(.rodata1)
                0x0000000008002bb0                . = ALIGN (0x4)
                0x0000000008002bb0                PROVIDE (__ram_rodata_end, ABSOLUTE (.))
                0x0000000008002ae4                PROVIDE (__flash_rodata_start, LOADADDR (.rodata))

.rwdata         0x0000000008002bb0      0x41c load address 0x0000000008002fcc
                0x0000000008002bb0                PROVIDE (__ram_rwdata_start, ABSOLUTE (.))
                0x0000000008002bb0                . = ALIGN (0x4)
 *(.got.plt)
 *(.got)
 *(.data1)
 *(.data .data.* .gnu.linkonce.d.*)
 .data          0x0000000008002bb0        0x0 D:/tag2/de1_software/nios/system_application/nios_program_bsp//obj/HAL/src/crt0.o
 .data          0x0000000008002bb0        0x0 obj/default/main.o
 .data          0x0000000008002bb0        0x0 c:/altera/15.0/nios2eds/bin/gnu/h-x86_64-mingw32/bin/../lib/gcc/nios2-elf/4.9.1/../../../../../H-x86_64-mingw32/nios2-elf/lib/mno-hw-mul\libsmallc.a(lib_a-puts.o)
 .data          0x0000000008002bb0        0x0 c:/altera/15.0/nios2eds/bin/gnu/h-x86_64-mingw32/bin/../lib/gcc/nios2-elf/4.9.1/../../../../../H-x86_64-mingw32/nios2-elf/lib/mno-hw-mul\libsmallc.a(lib_a-strlen.o)
 .data          0x0000000008002bb0        0x0 c:/altera/15.0/nios2eds/bin/gnu/h-x86_64-mingw32/bin/../lib/gcc/nios2-elf/4.9.1/../../../../../H-x86_64-mingw32/nios2-elf/lib/mno-hw-mul\libsmallc.a(lib_a-fvwrite_small_dev.o)
 .data          0x0000000008002bb0       0xe0 c:/altera/15.0/nios2eds/bin/gnu/h-x86_64-mingw32/bin/../lib/gcc/nios2-elf/4.9.1/../../../../../H-x86_64-mingw32/nios2-elf/lib/mno-hw-mul\libsmallc.a(lib_a-impure.o)
 .data          0x0000000008002c90        0x0 c:/altera/15.0/nios2eds/bin/gnu/h-x86_64-mingw32/bin/../lib/gcc/nios2-elf/4.9.1/../../../../../H-x86_64-mingw32/nios2-elf/lib/mno-hw-mul\libsmallc.a(lib_a-writer.o)
 .data          0x0000000008002c90        0x0 c:/altera/15.0/nios2eds/bin/gnu/h-x86_64-mingw32/bin/../lib/gcc/nios2-elf/4.9.1/../../../../../H-x86_64-mingw32/nios2-elf/lib/mno-hw-mul\libsmallc.a(lib_a-int_errno.o)
 .data          0x0000000008002c90        0x0 D:/tag2/de1_software/nios/system_application/nios_program_bsp/\libhal_bsp.a(alt_load.o)
 .data          0x0000000008002c90        0x0 D:/tag2/de1_software/nios/system_application/nios_program_bsp/\libhal_bsp.a(alt_main.o)
 .data          0x0000000008002c90        0x0 D:/tag2/de1_software/nios/system_application/nios_program_bsp/\libhal_bsp.a(alt_write.o)
 .data          0x0000000008002c90      0x160 D:/tag2/de1_software/nios/system_application/nios_program_bsp/\libhal_bsp.a(alt_sys_init.o)
 .data          0x0000000008002df0        0x0 D:/tag2/de1_software/nios/system_application/nios_program_bsp/\libhal_bsp.a(altera_avalon_dma.o)
 .data          0x0000000008002df0        0x0 D:/tag2/de1_software/nios/system_application/nios_program_bsp/\libhal_bsp.a(altera_avalon_jtag_uart_fd.o)
 .data          0x0000000008002df0        0x0 D:/tag2/de1_software/nios/system_application/nios_program_bsp/\libhal_bsp.a(altera_avalon_jtag_uart_read.o)
 .data          0x0000000008002df0        0x0 D:/tag2/de1_software/nios/system_application/nios_program_bsp/\libhal_bsp.a(altera_avalon_jtag_uart_write.o)
 .data          0x0000000008002df0        0x0 D:/tag2/de1_software/nios/system_application/nios_program_bsp/\libhal_bsp.a(altera_up_avalon_rs232.o)
 .data          0x0000000008002df0        0x0 D:/tag2/de1_software/nios/system_application/nios_program_bsp/\libhal_bsp.a(alt_close.o)
 .data          0x0000000008002df0        0x0 D:/tag2/de1_software/nios/system_application/nios_program_bsp/\libhal_bsp.a(alt_dcache_flush_all.o)
 .data          0x0000000008002df0      0x1a8 D:/tag2/de1_software/nios/system_application/nios_program_bsp/\libhal_bsp.a(alt_dev.o)
                0x0000000008002df0                alt_dev_null
                0x0000000008002e18                alt_fd_list
 .data          0x0000000008002f98        0x0 D:/tag2/de1_software/nios/system_application/nios_program_bsp/\libhal_bsp.a(alt_dev_llist_insert.o)
 .data          0x0000000008002f98        0x0 D:/tag2/de1_software/nios/system_application/nios_program_bsp/\libhal_bsp.a(alt_dma_rxchan_open.o)
 .data          0x0000000008002f98        0x0 D:/tag2/de1_software/nios/system_application/nios_program_bsp/\libhal_bsp.a(alt_dma_txchan_open.o)
 .data          0x0000000008002f98        0x0 D:/tag2/de1_software/nios/system_application/nios_program_bsp/\libhal_bsp.a(alt_do_ctors.o)
 .data          0x0000000008002f98        0x0 D:/tag2/de1_software/nios/system_application/nios_program_bsp/\libhal_bsp.a(alt_do_dtors.o)
 .data          0x0000000008002f98        0x0 D:/tag2/de1_software/nios/system_application/nios_program_bsp/\libhal_bsp.a(alt_errno.o)
 .data          0x0000000008002f98        0x0 D:/tag2/de1_software/nios/system_application/nios_program_bsp/\libhal_bsp.a(alt_find_dev.o)
 .data          0x0000000008002f98        0x0 D:/tag2/de1_software/nios/system_application/nios_program_bsp/\libhal_bsp.a(alt_icache_flush_all.o)
 .data          0x0000000008002f98        0x0 D:/tag2/de1_software/nios/system_application/nios_program_bsp/\libhal_bsp.a(alt_io_redirect.o)
 .data          0x0000000008002f98        0x0 D:/tag2/de1_software/nios/system_application/nios_program_bsp/\libhal_bsp.a(alt_irq_register.o)
 .data          0x0000000008002f98        0x0 D:/tag2/de1_software/nios/system_application/nios_program_bsp/\libhal_bsp.a(alt_irq_vars.o)
 .data          0x0000000008002f98        0x0 D:/tag2/de1_software/nios/system_application/nios_program_bsp/\libhal_bsp.a(alt_open.o)
 .data          0x0000000008002f98        0x0 D:/tag2/de1_software/nios/system_application/nios_program_bsp/\libhal_bsp.a(alt_release_fd.o)
 .data          0x0000000008002f98        0x0 D:/tag2/de1_software/nios/system_application/nios_program_bsp/\libhal_bsp.a(altera_nios2_gen2_irq.o)
 .data          0x0000000008002f98        0x0 D:/tag2/de1_software/nios/system_application/nios_program_bsp/\libhal_bsp.a(alt_find_file.o)
 .data          0x0000000008002f98        0x0 D:/tag2/de1_software/nios/system_application/nios_program_bsp/\libhal_bsp.a(alt_get_fd.o)
 .data          0x0000000008002f98        0x0 D:/tag2/de1_software/nios/system_application/nios_program_bsp/\libhal_bsp.a(alt_irq_entry.o)
 .data          0x0000000008002f98        0x0 D:/tag2/de1_software/nios/system_application/nios_program_bsp/\libhal_bsp.a(alt_irq_handler.o)
 .data          0x0000000008002f98        0x0 D:/tag2/de1_software/nios/system_application/nios_program_bsp/\libhal_bsp.a(alt_exception_entry.o)
 .data          0x0000000008002f98        0x0 D:/tag2/de1_software/nios/system_application/nios_program_bsp/\libhal_bsp.a(alt_instruction_exception_entry.o)
 .data          0x0000000008002f98        0x0 c:/altera/15.0/nios2eds/bin/gnu/h-x86_64-mingw32/bin/../lib/gcc/nios2-elf/4.9.1/../../../../../H-x86_64-mingw32/nios2-elf/lib/mno-hw-mul\libsmallc.a(lib_a-atexit.o)
 .data          0x0000000008002f98        0x0 c:/altera/15.0/nios2eds/bin/gnu/h-x86_64-mingw32/bin/../lib/gcc/nios2-elf/4.9.1/../../../../../H-x86_64-mingw32/nios2-elf/lib/mno-hw-mul\libsmallc.a(lib_a-exit.o)
 .data          0x0000000008002f98        0x0 c:/altera/15.0/nios2eds/bin/gnu/h-x86_64-mingw32/bin/../lib/gcc/nios2-elf/4.9.1/../../../../../H-x86_64-mingw32/nios2-elf/lib/mno-hw-mul\libsmallc.a(lib_a-memcmp.o)
 .data          0x0000000008002f98        0x0 c:/altera/15.0/nios2eds/bin/gnu/h-x86_64-mingw32/bin/../lib/gcc/nios2-elf/4.9.1/../../../../../H-x86_64-mingw32/nios2-elf/lib/mno-hw-mul\libsmallc.a(lib_a-__atexit.o)
 .data          0x0000000008002f98        0x0 c:/altera/15.0/nios2eds/bin/gnu/h-x86_64-mingw32/bin/../lib/gcc/nios2-elf/4.9.1/../../../../../H-x86_64-mingw32/nios2-elf/lib/mno-hw-mul\libsmallc.a(lib_a-__call_atexit.o)
 .data          0x0000000008002f98        0x0 c:/altera/15.0/nios2eds/bin/gnu/h-x86_64-mingw32/bin/../lib/gcc/nios2-elf/4.9.1/mno-hw-mul\libgcc.a(lib2-mul.o)
 .data          0x0000000008002f98        0x0 D:/tag2/de1_software/nios/system_application/nios_program_bsp/\libhal_bsp.a(alt_exit.o)
                0x000000000800af98                _gp = ABSOLUTE ((. + 0x8000))
                0x000000000800af98                PROVIDE (gp, _gp)
 *(.rwdata .rwdata.*)
 *(.sdata .sdata.* .gnu.linkonce.s.*)
 .sdata         0x0000000008002f98        0x8 c:/altera/15.0/nios2eds/bin/gnu/h-x86_64-mingw32/bin/../lib/gcc/nios2-elf/4.9.1/../../../../../H-x86_64-mingw32/nios2-elf/lib/mno-hw-mul\libsmallc.a(lib_a-impure.o)
                0x0000000008002f98                _global_impure_ptr
                0x0000000008002f9c                _impure_ptr
 .sdata         0x0000000008002fa0       0x14 D:/tag2/de1_software/nios/system_application/nios_program_bsp/\libhal_bsp.a(alt_dev.o)
                0x0000000008002fa0                alt_fs_list
                0x0000000008002fa8                alt_dev_list
                0x0000000008002fb0                alt_max_fd
 .sdata         0x0000000008002fb4        0x8 D:/tag2/de1_software/nios/system_application/nios_program_bsp/\libhal_bsp.a(alt_dma_rxchan_open.o)
                0x0000000008002fb4                alt_dma_rxchan_list
 .sdata         0x0000000008002fbc        0x8 D:/tag2/de1_software/nios/system_application/nios_program_bsp/\libhal_bsp.a(alt_dma_txchan_open.o)
                0x0000000008002fbc                alt_dma_txchan_list
 .sdata         0x0000000008002fc4        0x4 D:/tag2/de1_software/nios/system_application/nios_program_bsp/\libhal_bsp.a(alt_errno.o)
                0x0000000008002fc4                alt_errno
 .sdata         0x0000000008002fc8        0x4 D:/tag2/de1_software/nios/system_application/nios_program_bsp/\libhal_bsp.a(alt_irq_vars.o)
                0x0000000008002fc8                alt_priority_mask
 *(.sdata2 .sdata2.* .gnu.linkonce.s2.*)
                0x0000000008002fcc                . = ALIGN (0x4)
                0x0000000008002fcc                _edata = ABSOLUTE (.)
                0x0000000008002fcc                PROVIDE (edata, ABSOLUTE (.))
                0x0000000008002fcc                PROVIDE (__ram_rwdata_end, ABSOLUTE (.))
                0x0000000008002fcc                PROVIDE (__flash_rwdata_start, LOADADDR (.rwdata))

.bss            0x00000000080033e8      0x118
                0x00000000080033e8                __bss_start = ABSOLUTE (.)
                0x00000000080033e8                PROVIDE (__sbss_start, ABSOLUTE (.))
                0x00000000080033e8                PROVIDE (___sbss_start, ABSOLUTE (.))
 *(.dynsbss)
 *(.sbss .sbss.* .gnu.linkonce.sb.*)
 .sbss          0x00000000080033e8        0x4 c:/altera/15.0/nios2eds/bin/gnu/h-x86_64-mingw32/bin/../lib/gcc/nios2-elf/4.9.1/../../../../../H-x86_64-mingw32/nios2-elf/lib/mno-hw-mul\libsmallc.a(lib_a-int_errno.o)
                0x00000000080033e8                errno
 .sbss          0x00000000080033ec        0xc D:/tag2/de1_software/nios/system_application/nios_program_bsp/\libhal_bsp.a(alt_main.o)
                0x00000000080033ec                alt_argc
                0x00000000080033f0                alt_argv
                0x00000000080033f4                alt_envp
 .sbss          0x00000000080033f8        0x4 D:/tag2/de1_software/nios/system_application/nios_program_bsp/\libhal_bsp.a(alt_irq_vars.o)
                0x00000000080033f8                alt_irq_active
 .sbss          0x00000000080033fc        0x4 D:/tag2/de1_software/nios/system_application/nios_program_bsp/\libhal_bsp.a(alt_instruction_exception_entry.o)
                0x00000000080033fc                alt_instruction_exception_handler
 *(.sbss2 .sbss2.* .gnu.linkonce.sb2.*)
 *(.scommon)
                0x0000000008003400                PROVIDE (__sbss_end, ABSOLUTE (.))
                0x0000000008003400                PROVIDE (___sbss_end, ABSOLUTE (.))
 *(.dynbss)
 *(.bss .bss.* .gnu.linkonce.b.*)
 .bss           0x0000000008003400        0x0 D:/tag2/de1_software/nios/system_application/nios_program_bsp//obj/HAL/src/crt0.o
 .bss           0x0000000008003400        0x0 obj/default/main.o
 .bss           0x0000000008003400        0x0 c:/altera/15.0/nios2eds/bin/gnu/h-x86_64-mingw32/bin/../lib/gcc/nios2-elf/4.9.1/../../../../../H-x86_64-mingw32/nios2-elf/lib/mno-hw-mul\libsmallc.a(lib_a-puts.o)
 .bss           0x0000000008003400        0x0 c:/altera/15.0/nios2eds/bin/gnu/h-x86_64-mingw32/bin/../lib/gcc/nios2-elf/4.9.1/../../../../../H-x86_64-mingw32/nios2-elf/lib/mno-hw-mul\libsmallc.a(lib_a-strlen.o)
 .bss           0x0000000008003400        0x0 c:/altera/15.0/nios2eds/bin/gnu/h-x86_64-mingw32/bin/../lib/gcc/nios2-elf/4.9.1/../../../../../H-x86_64-mingw32/nios2-elf/lib/mno-hw-mul\libsmallc.a(lib_a-fvwrite_small_dev.o)
 .bss           0x0000000008003400        0x0 c:/altera/15.0/nios2eds/bin/gnu/h-x86_64-mingw32/bin/../lib/gcc/nios2-elf/4.9.1/../../../../../H-x86_64-mingw32/nios2-elf/lib/mno-hw-mul\libsmallc.a(lib_a-impure.o)
 .bss           0x0000000008003400        0x0 c:/altera/15.0/nios2eds/bin/gnu/h-x86_64-mingw32/bin/../lib/gcc/nios2-elf/4.9.1/../../../../../H-x86_64-mingw32/nios2-elf/lib/mno-hw-mul\libsmallc.a(lib_a-writer.o)
 .bss           0x0000000008003400        0x0 c:/altera/15.0/nios2eds/bin/gnu/h-x86_64-mingw32/bin/../lib/gcc/nios2-elf/4.9.1/../../../../../H-x86_64-mingw32/nios2-elf/lib/mno-hw-mul\libsmallc.a(lib_a-int_errno.o)
 .bss           0x0000000008003400        0x0 D:/tag2/de1_software/nios/system_application/nios_program_bsp/\libhal_bsp.a(alt_load.o)
 .bss           0x0000000008003400        0x0 D:/tag2/de1_software/nios/system_application/nios_program_bsp/\libhal_bsp.a(alt_main.o)
 .bss           0x0000000008003400        0x0 D:/tag2/de1_software/nios/system_application/nios_program_bsp/\libhal_bsp.a(alt_write.o)
 .bss           0x0000000008003400        0x0 D:/tag2/de1_software/nios/system_application/nios_program_bsp/\libhal_bsp.a(alt_sys_init.o)
 .bss           0x0000000008003400        0x0 D:/tag2/de1_software/nios/system_application/nios_program_bsp/\libhal_bsp.a(altera_avalon_dma.o)
 .bss           0x0000000008003400        0x0 D:/tag2/de1_software/nios/system_application/nios_program_bsp/\libhal_bsp.a(altera_avalon_jtag_uart_fd.o)
 .bss           0x0000000008003400        0x0 D:/tag2/de1_software/nios/system_application/nios_program_bsp/\libhal_bsp.a(altera_avalon_jtag_uart_read.o)
 .bss           0x0000000008003400        0x0 D:/tag2/de1_software/nios/system_application/nios_program_bsp/\libhal_bsp.a(altera_avalon_jtag_uart_write.o)
 .bss           0x0000000008003400        0x0 D:/tag2/de1_software/nios/system_application/nios_program_bsp/\libhal_bsp.a(altera_up_avalon_rs232.o)
 .bss           0x0000000008003400        0x0 D:/tag2/de1_software/nios/system_application/nios_program_bsp/\libhal_bsp.a(alt_close.o)
 .bss           0x0000000008003400        0x0 D:/tag2/de1_software/nios/system_application/nios_program_bsp/\libhal_bsp.a(alt_dcache_flush_all.o)
 .bss           0x0000000008003400        0x0 D:/tag2/de1_software/nios/system_application/nios_program_bsp/\libhal_bsp.a(alt_dev.o)
 .bss           0x0000000008003400        0x0 D:/tag2/de1_software/nios/system_application/nios_program_bsp/\libhal_bsp.a(alt_dev_llist_insert.o)
 .bss           0x0000000008003400        0x0 D:/tag2/de1_software/nios/system_application/nios_program_bsp/\libhal_bsp.a(alt_dma_rxchan_open.o)
 .bss           0x0000000008003400        0x0 D:/tag2/de1_software/nios/system_application/nios_program_bsp/\libhal_bsp.a(alt_dma_txchan_open.o)
 .bss           0x0000000008003400        0x0 D:/tag2/de1_software/nios/system_application/nios_program_bsp/\libhal_bsp.a(alt_do_ctors.o)
 .bss           0x0000000008003400        0x0 D:/tag2/de1_software/nios/system_application/nios_program_bsp/\libhal_bsp.a(alt_do_dtors.o)
 .bss           0x0000000008003400        0x0 D:/tag2/de1_software/nios/system_application/nios_program_bsp/\libhal_bsp.a(alt_errno.o)
 .bss           0x0000000008003400        0x0 D:/tag2/de1_software/nios/system_application/nios_program_bsp/\libhal_bsp.a(alt_find_dev.o)
 .bss           0x0000000008003400        0x0 D:/tag2/de1_software/nios/system_application/nios_program_bsp/\libhal_bsp.a(alt_icache_flush_all.o)
 .bss           0x0000000008003400        0x0 D:/tag2/de1_software/nios/system_application/nios_program_bsp/\libhal_bsp.a(alt_io_redirect.o)
 .bss           0x0000000008003400        0x0 D:/tag2/de1_software/nios/system_application/nios_program_bsp/\libhal_bsp.a(alt_irq_register.o)
 .bss           0x0000000008003400        0x0 D:/tag2/de1_software/nios/system_application/nios_program_bsp/\libhal_bsp.a(alt_irq_vars.o)
 .bss           0x0000000008003400        0x0 D:/tag2/de1_software/nios/system_application/nios_program_bsp/\libhal_bsp.a(alt_open.o)
 .bss           0x0000000008003400        0x0 D:/tag2/de1_software/nios/system_application/nios_program_bsp/\libhal_bsp.a(alt_release_fd.o)
 .bss           0x0000000008003400        0x0 D:/tag2/de1_software/nios/system_application/nios_program_bsp/\libhal_bsp.a(altera_nios2_gen2_irq.o)
 .bss           0x0000000008003400        0x0 D:/tag2/de1_software/nios/system_application/nios_program_bsp/\libhal_bsp.a(alt_find_file.o)
 .bss           0x0000000008003400        0x0 D:/tag2/de1_software/nios/system_application/nios_program_bsp/\libhal_bsp.a(alt_get_fd.o)
 .bss           0x0000000008003400        0x0 D:/tag2/de1_software/nios/system_application/nios_program_bsp/\libhal_bsp.a(alt_irq_entry.o)
 .bss           0x0000000008003400        0x0 D:/tag2/de1_software/nios/system_application/nios_program_bsp/\libhal_bsp.a(alt_irq_handler.o)
 .bss           0x0000000008003400        0x0 D:/tag2/de1_software/nios/system_application/nios_program_bsp/\libhal_bsp.a(alt_exception_entry.o)
 .bss           0x0000000008003400        0x0 D:/tag2/de1_software/nios/system_application/nios_program_bsp/\libhal_bsp.a(alt_instruction_exception_entry.o)
 .bss           0x0000000008003400        0x0 c:/altera/15.0/nios2eds/bin/gnu/h-x86_64-mingw32/bin/../lib/gcc/nios2-elf/4.9.1/../../../../../H-x86_64-mingw32/nios2-elf/lib/mno-hw-mul\libsmallc.a(lib_a-atexit.o)
 .bss           0x0000000008003400        0x0 c:/altera/15.0/nios2eds/bin/gnu/h-x86_64-mingw32/bin/../lib/gcc/nios2-elf/4.9.1/../../../../../H-x86_64-mingw32/nios2-elf/lib/mno-hw-mul\libsmallc.a(lib_a-exit.o)
 .bss           0x0000000008003400        0x0 c:/altera/15.0/nios2eds/bin/gnu/h-x86_64-mingw32/bin/../lib/gcc/nios2-elf/4.9.1/../../../../../H-x86_64-mingw32/nios2-elf/lib/mno-hw-mul\libsmallc.a(lib_a-memcmp.o)
 .bss           0x0000000008003400        0x0 c:/altera/15.0/nios2eds/bin/gnu/h-x86_64-mingw32/bin/../lib/gcc/nios2-elf/4.9.1/../../../../../H-x86_64-mingw32/nios2-elf/lib/mno-hw-mul\libsmallc.a(lib_a-__atexit.o)
 .bss           0x0000000008003400        0x0 c:/altera/15.0/nios2eds/bin/gnu/h-x86_64-mingw32/bin/../lib/gcc/nios2-elf/4.9.1/../../../../../H-x86_64-mingw32/nios2-elf/lib/mno-hw-mul\libsmallc.a(lib_a-__call_atexit.o)
 .bss           0x0000000008003400        0x0 c:/altera/15.0/nios2eds/bin/gnu/h-x86_64-mingw32/bin/../lib/gcc/nios2-elf/4.9.1/mno-hw-mul\libgcc.a(lib2-mul.o)
 .bss           0x0000000008003400        0x0 D:/tag2/de1_software/nios/system_application/nios_program_bsp/\libhal_bsp.a(alt_exit.o)
 *(COMMON)
 COMMON         0x0000000008003400      0x100 D:/tag2/de1_software/nios/system_application/nios_program_bsp/\libhal_bsp.a(alt_irq_handler.o)
                0x0000000008003400                alt_irq
                0x0000000008003500                . = ALIGN (0x4)
                0x0000000008003500                __bss_end = ABSOLUTE (.)

.onchip_sram    0x0000000000020000        0x0 load address 0x0000000008003500
                0x0000000000020000                PROVIDE (_alt_partition_onchip_sram_start, ABSOLUTE (.))
 *(.onchip_sram .onchip_sram. onchip_sram.*)
                0x0000000000020000                . = ALIGN (0x4)
                0x0000000000020000                PROVIDE (_alt_partition_onchip_sram_end, ABSOLUTE (.))
                0x0000000008003500                PROVIDE (_alt_partition_onchip_sram_load_addr, LOADADDR (.onchip_sram))

.sdram_controller
                0x0000000008003500        0x0
                0x0000000008003500                PROVIDE (_alt_partition_sdram_controller_start, ABSOLUTE (.))
 *(.sdram_controller .sdram_controller. sdram_controller.*)
                0x0000000008003500                . = ALIGN (0x4)
                0x0000000008003500                PROVIDE (_alt_partition_sdram_controller_end, ABSOLUTE (.))
                0x0000000008003500                _end = ABSOLUTE (.)
                0x0000000008003500                end = ABSOLUTE (.)
                0x0000000008003500                __alt_stack_base = ABSOLUTE (.)
                0x0000000008003500                PROVIDE (_alt_partition_sdram_controller_load_addr, LOADADDR (.sdram_controller))

.stab
 *(.stab)

.stabstr
 *(.stabstr)

.stab.excl
 *(.stab.excl)

.stab.exclstr
 *(.stab.exclstr)

.stab.index
 *(.stab.index)

.stab.indexstr
 *(.stab.indexstr)

.comment        0x0000000000000000       0x23
 *(.comment)
 .comment       0x0000000000000000       0x23 obj/default/main.o
                                         0x24 (size before relaxing)
 .comment       0x0000000000000000       0x24 c:/altera/15.0/nios2eds/bin/gnu/h-x86_64-mingw32/bin/../lib/gcc/nios2-elf/4.9.1/../../../../../H-x86_64-mingw32/nios2-elf/lib/mno-hw-mul\libsmallc.a(lib_a-puts.o)
 .comment       0x0000000000000000       0x24 c:/altera/15.0/nios2eds/bin/gnu/h-x86_64-mingw32/bin/../lib/gcc/nios2-elf/4.9.1/../../../../../H-x86_64-mingw32/nios2-elf/lib/mno-hw-mul\libsmallc.a(lib_a-strlen.o)
 .comment       0x0000000000000000       0x24 c:/altera/15.0/nios2eds/bin/gnu/h-x86_64-mingw32/bin/../lib/gcc/nios2-elf/4.9.1/../../../../../H-x86_64-mingw32/nios2-elf/lib/mno-hw-mul\libsmallc.a(lib_a-fvwrite_small_dev.o)
 .comment       0x0000000000000000       0x24 c:/altera/15.0/nios2eds/bin/gnu/h-x86_64-mingw32/bin/../lib/gcc/nios2-elf/4.9.1/../../../../../H-x86_64-mingw32/nios2-elf/lib/mno-hw-mul\libsmallc.a(lib_a-impure.o)
 .comment       0x0000000000000000       0x24 c:/altera/15.0/nios2eds/bin/gnu/h-x86_64-mingw32/bin/../lib/gcc/nios2-elf/4.9.1/../../../../../H-x86_64-mingw32/nios2-elf/lib/mno-hw-mul\libsmallc.a(lib_a-writer.o)
 .comment       0x0000000000000000       0x24 c:/altera/15.0/nios2eds/bin/gnu/h-x86_64-mingw32/bin/../lib/gcc/nios2-elf/4.9.1/../../../../../H-x86_64-mingw32/nios2-elf/lib/mno-hw-mul\libsmallc.a(lib_a-int_errno.o)
 .comment       0x0000000000000000       0x24 D:/tag2/de1_software/nios/system_application/nios_program_bsp/\libhal_bsp.a(alt_load.o)
 .comment       0x0000000000000000       0x24 D:/tag2/de1_software/nios/system_application/nios_program_bsp/\libhal_bsp.a(alt_main.o)
 .comment       0x0000000000000000       0x24 D:/tag2/de1_software/nios/system_application/nios_program_bsp/\libhal_bsp.a(alt_write.o)
 .comment       0x0000000000000000       0x24 D:/tag2/de1_software/nios/system_application/nios_program_bsp/\libhal_bsp.a(alt_sys_init.o)
 .comment       0x0000000000000000       0x24 D:/tag2/de1_software/nios/system_application/nios_program_bsp/\libhal_bsp.a(altera_avalon_dma.o)
 .comment       0x0000000000000000       0x24 D:/tag2/de1_software/nios/system_application/nios_program_bsp/\libhal_bsp.a(altera_avalon_jtag_uart_fd.o)
 .comment       0x0000000000000000       0x24 D:/tag2/de1_software/nios/system_application/nios_program_bsp/\libhal_bsp.a(altera_avalon_jtag_uart_read.o)
 .comment       0x0000000000000000       0x24 D:/tag2/de1_software/nios/system_application/nios_program_bsp/\libhal_bsp.a(altera_avalon_jtag_uart_write.o)
 .comment       0x0000000000000000       0x24 D:/tag2/de1_software/nios/system_application/nios_program_bsp/\libhal_bsp.a(altera_up_avalon_rs232.o)
 .comment       0x0000000000000000       0x24 D:/tag2/de1_software/nios/system_application/nios_program_bsp/\libhal_bsp.a(alt_close.o)
 .comment       0x0000000000000000       0x24 D:/tag2/de1_software/nios/system_application/nios_program_bsp/\libhal_bsp.a(alt_dcache_flush_all.o)
 .comment       0x0000000000000000       0x24 D:/tag2/de1_software/nios/system_application/nios_program_bsp/\libhal_bsp.a(alt_dev.o)
 .comment       0x0000000000000000       0x24 D:/tag2/de1_software/nios/system_application/nios_program_bsp/\libhal_bsp.a(alt_dev_llist_insert.o)
 .comment       0x0000000000000000       0x24 D:/tag2/de1_software/nios/system_application/nios_program_bsp/\libhal_bsp.a(alt_dma_rxchan_open.o)
 .comment       0x0000000000000000       0x24 D:/tag2/de1_software/nios/system_application/nios_program_bsp/\libhal_bsp.a(alt_dma_txchan_open.o)
 .comment       0x0000000000000000       0x24 D:/tag2/de1_software/nios/system_application/nios_program_bsp/\libhal_bsp.a(alt_do_ctors.o)
 .comment       0x0000000000000000       0x24 D:/tag2/de1_software/nios/system_application/nios_program_bsp/\libhal_bsp.a(alt_do_dtors.o)
 .comment       0x0000000000000000       0x24 D:/tag2/de1_software/nios/system_application/nios_program_bsp/\libhal_bsp.a(alt_errno.o)
 .comment       0x0000000000000000       0x24 D:/tag2/de1_software/nios/system_application/nios_program_bsp/\libhal_bsp.a(alt_find_dev.o)
 .comment       0x0000000000000000       0x24 D:/tag2/de1_software/nios/system_application/nios_program_bsp/\libhal_bsp.a(alt_icache_flush_all.o)
 .comment       0x0000000000000000       0x24 D:/tag2/de1_software/nios/system_application/nios_program_bsp/\libhal_bsp.a(alt_io_redirect.o)
 .comment       0x0000000000000000       0x24 D:/tag2/de1_software/nios/system_application/nios_program_bsp/\libhal_bsp.a(alt_irq_register.o)
 .comment       0x0000000000000000       0x24 D:/tag2/de1_software/nios/system_application/nios_program_bsp/\libhal_bsp.a(alt_irq_vars.o)
 .comment       0x0000000000000000       0x24 D:/tag2/de1_software/nios/system_application/nios_program_bsp/\libhal_bsp.a(alt_open.o)
 .comment       0x0000000000000000       0x24 D:/tag2/de1_software/nios/system_application/nios_program_bsp/\libhal_bsp.a(alt_release_fd.o)
 .comment       0x0000000000000000       0x24 D:/tag2/de1_software/nios/system_application/nios_program_bsp/\libhal_bsp.a(altera_nios2_gen2_irq.o)
 .comment       0x0000000000000000       0x24 D:/tag2/de1_software/nios/system_application/nios_program_bsp/\libhal_bsp.a(alt_find_file.o)
 .comment       0x0000000000000000       0x24 D:/tag2/de1_software/nios/system_application/nios_program_bsp/\libhal_bsp.a(alt_get_fd.o)
 .comment       0x0000000000000000       0x24 D:/tag2/de1_software/nios/system_application/nios_program_bsp/\libhal_bsp.a(alt_irq_handler.o)
 .comment       0x0000000000000000       0x24 D:/tag2/de1_software/nios/system_application/nios_program_bsp/\libhal_bsp.a(alt_instruction_exception_entry.o)
 .comment       0x0000000000000000       0x24 c:/altera/15.0/nios2eds/bin/gnu/h-x86_64-mingw32/bin/../lib/gcc/nios2-elf/4.9.1/../../../../../H-x86_64-mingw32/nios2-elf/lib/mno-hw-mul\libsmallc.a(lib_a-atexit.o)
 .comment       0x0000000000000000       0x24 c:/altera/15.0/nios2eds/bin/gnu/h-x86_64-mingw32/bin/../lib/gcc/nios2-elf/4.9.1/../../../../../H-x86_64-mingw32/nios2-elf/lib/mno-hw-mul\libsmallc.a(lib_a-exit.o)
 .comment       0x0000000000000000       0x24 c:/altera/15.0/nios2eds/bin/gnu/h-x86_64-mingw32/bin/../lib/gcc/nios2-elf/4.9.1/../../../../../H-x86_64-mingw32/nios2-elf/lib/mno-hw-mul\libsmallc.a(lib_a-memcmp.o)
 .comment       0x0000000000000000       0x24 c:/altera/15.0/nios2eds/bin/gnu/h-x86_64-mingw32/bin/../lib/gcc/nios2-elf/4.9.1/../../../../../H-x86_64-mingw32/nios2-elf/lib/mno-hw-mul\libsmallc.a(lib_a-__atexit.o)
 .comment       0x0000000000000000       0x24 c:/altera/15.0/nios2eds/bin/gnu/h-x86_64-mingw32/bin/../lib/gcc/nios2-elf/4.9.1/../../../../../H-x86_64-mingw32/nios2-elf/lib/mno-hw-mul\libsmallc.a(lib_a-__call_atexit.o)
 .comment       0x0000000000000000       0x24 c:/altera/15.0/nios2eds/bin/gnu/h-x86_64-mingw32/bin/../lib/gcc/nios2-elf/4.9.1/mno-hw-mul\libgcc.a(lib2-mul.o)
 .comment       0x0000000000000000       0x24 D:/tag2/de1_software/nios/system_application/nios_program_bsp/\libhal_bsp.a(alt_exit.o)

.debug
 *(.debug)

.line
 *(.line)

.debug_srcinfo
 *(.debug_srcinfo)

.debug_sfnames
 *(.debug_sfnames)

.debug_aranges  0x0000000000000000      0x5f8
 *(.debug_aranges)
 .debug_aranges
                0x0000000000000000       0x28 D:/tag2/de1_software/nios/system_application/nios_program_bsp//obj/HAL/src/crt0.o
 .debug_aranges
                0x0000000000000028       0x20 obj/default/main.o
 .debug_aranges
                0x0000000000000048       0x20 c:/altera/15.0/nios2eds/bin/gnu/h-x86_64-mingw32/bin/../lib/gcc/nios2-elf/4.9.1/../../../../../H-x86_64-mingw32/nios2-elf/lib/mno-hw-mul\libsmallc.a(lib_a-puts.o)
 .debug_aranges
                0x0000000000000068       0x20 c:/altera/15.0/nios2eds/bin/gnu/h-x86_64-mingw32/bin/../lib/gcc/nios2-elf/4.9.1/../../../../../H-x86_64-mingw32/nios2-elf/lib/mno-hw-mul\libsmallc.a(lib_a-strlen.o)
 .debug_aranges
                0x0000000000000088       0x20 c:/altera/15.0/nios2eds/bin/gnu/h-x86_64-mingw32/bin/../lib/gcc/nios2-elf/4.9.1/../../../../../H-x86_64-mingw32/nios2-elf/lib/mno-hw-mul\libsmallc.a(lib_a-fvwrite_small_dev.o)
 .debug_aranges
                0x00000000000000a8       0x18 c:/altera/15.0/nios2eds/bin/gnu/h-x86_64-mingw32/bin/../lib/gcc/nios2-elf/4.9.1/../../../../../H-x86_64-mingw32/nios2-elf/lib/mno-hw-mul\libsmallc.a(lib_a-impure.o)
 .debug_aranges
                0x00000000000000c0       0x20 c:/altera/15.0/nios2eds/bin/gnu/h-x86_64-mingw32/bin/../lib/gcc/nios2-elf/4.9.1/../../../../../H-x86_64-mingw32/nios2-elf/lib/mno-hw-mul\libsmallc.a(lib_a-writer.o)
 .debug_aranges
                0x00000000000000e0       0x18 c:/altera/15.0/nios2eds/bin/gnu/h-x86_64-mingw32/bin/../lib/gcc/nios2-elf/4.9.1/../../../../../H-x86_64-mingw32/nios2-elf/lib/mno-hw-mul\libsmallc.a(lib_a-int_errno.o)
 .debug_aranges
                0x00000000000000f8       0x20 D:/tag2/de1_software/nios/system_application/nios_program_bsp/\libhal_bsp.a(alt_load.o)
 .debug_aranges
                0x0000000000000118       0x20 D:/tag2/de1_software/nios/system_application/nios_program_bsp/\libhal_bsp.a(alt_main.o)
 .debug_aranges
                0x0000000000000138       0x20 D:/tag2/de1_software/nios/system_application/nios_program_bsp/\libhal_bsp.a(alt_write.o)
 .debug_aranges
                0x0000000000000158       0x20 D:/tag2/de1_software/nios/system_application/nios_program_bsp/\libhal_bsp.a(alt_sys_init.o)
 .debug_aranges
                0x0000000000000178       0x20 D:/tag2/de1_software/nios/system_application/nios_program_bsp/\libhal_bsp.a(altera_avalon_dma.o)
 .debug_aranges
                0x0000000000000198       0x20 D:/tag2/de1_software/nios/system_application/nios_program_bsp/\libhal_bsp.a(altera_avalon_jtag_uart_fd.o)
 .debug_aranges
                0x00000000000001b8       0x20 D:/tag2/de1_software/nios/system_application/nios_program_bsp/\libhal_bsp.a(altera_avalon_jtag_uart_read.o)
 .debug_aranges
                0x00000000000001d8       0x20 D:/tag2/de1_software/nios/system_application/nios_program_bsp/\libhal_bsp.a(altera_avalon_jtag_uart_write.o)
 .debug_aranges
                0x00000000000001f8       0x20 D:/tag2/de1_software/nios/system_application/nios_program_bsp/\libhal_bsp.a(altera_up_avalon_rs232.o)
 .debug_aranges
                0x0000000000000218       0x20 D:/tag2/de1_software/nios/system_application/nios_program_bsp/\libhal_bsp.a(alt_close.o)
 .debug_aranges
                0x0000000000000238       0x20 D:/tag2/de1_software/nios/system_application/nios_program_bsp/\libhal_bsp.a(alt_dcache_flush_all.o)
 .debug_aranges
                0x0000000000000258       0x20 D:/tag2/de1_software/nios/system_application/nios_program_bsp/\libhal_bsp.a(alt_dev.o)
 .debug_aranges
                0x0000000000000278       0x20 D:/tag2/de1_software/nios/system_application/nios_program_bsp/\libhal_bsp.a(alt_dev_llist_insert.o)
 .debug_aranges
                0x0000000000000298       0x20 D:/tag2/de1_software/nios/system_application/nios_program_bsp/\libhal_bsp.a(alt_dma_rxchan_open.o)
 .debug_aranges
                0x00000000000002b8       0x20 D:/tag2/de1_software/nios/system_application/nios_program_bsp/\libhal_bsp.a(alt_dma_txchan_open.o)
 .debug_aranges
                0x00000000000002d8       0x20 D:/tag2/de1_software/nios/system_application/nios_program_bsp/\libhal_bsp.a(alt_do_ctors.o)
 .debug_aranges
                0x00000000000002f8       0x20 D:/tag2/de1_software/nios/system_application/nios_program_bsp/\libhal_bsp.a(alt_do_dtors.o)
 .debug_aranges
                0x0000000000000318       0x18 D:/tag2/de1_software/nios/system_application/nios_program_bsp/\libhal_bsp.a(alt_errno.o)
 .debug_aranges
                0x0000000000000330       0x20 D:/tag2/de1_software/nios/system_application/nios_program_bsp/\libhal_bsp.a(alt_find_dev.o)
 .debug_aranges
                0x0000000000000350       0x20 D:/tag2/de1_software/nios/system_application/nios_program_bsp/\libhal_bsp.a(alt_icache_flush_all.o)
 .debug_aranges
                0x0000000000000370       0x20 D:/tag2/de1_software/nios/system_application/nios_program_bsp/\libhal_bsp.a(alt_io_redirect.o)
 .debug_aranges
                0x0000000000000390       0x20 D:/tag2/de1_software/nios/system_application/nios_program_bsp/\libhal_bsp.a(alt_irq_register.o)
 .debug_aranges
                0x00000000000003b0       0x18 D:/tag2/de1_software/nios/system_application/nios_program_bsp/\libhal_bsp.a(alt_irq_vars.o)
 .debug_aranges
                0x00000000000003c8       0x20 D:/tag2/de1_software/nios/system_application/nios_program_bsp/\libhal_bsp.a(alt_open.o)
 .debug_aranges
                0x00000000000003e8       0x20 D:/tag2/de1_software/nios/system_application/nios_program_bsp/\libhal_bsp.a(alt_release_fd.o)
 .debug_aranges
                0x0000000000000408       0x20 D:/tag2/de1_software/nios/system_application/nios_program_bsp/\libhal_bsp.a(altera_nios2_gen2_irq.o)
 .debug_aranges
                0x0000000000000428       0x20 D:/tag2/de1_software/nios/system_application/nios_program_bsp/\libhal_bsp.a(alt_find_file.o)
 .debug_aranges
                0x0000000000000448       0x20 D:/tag2/de1_software/nios/system_application/nios_program_bsp/\libhal_bsp.a(alt_get_fd.o)
 .debug_aranges
                0x0000000000000468       0x30 D:/tag2/de1_software/nios/system_application/nios_program_bsp/\libhal_bsp.a(alt_irq_entry.o)
 .debug_aranges
                0x0000000000000498       0x20 D:/tag2/de1_software/nios/system_application/nios_program_bsp/\libhal_bsp.a(alt_irq_handler.o)
 .debug_aranges
                0x00000000000004b8       0x38 D:/tag2/de1_software/nios/system_application/nios_program_bsp/\libhal_bsp.a(alt_exception_entry.o)
 .debug_aranges
                0x00000000000004f0       0x28 D:/tag2/de1_software/nios/system_application/nios_program_bsp/\libhal_bsp.a(alt_instruction_exception_entry.o)
 .debug_aranges
                0x0000000000000518       0x20 c:/altera/15.0/nios2eds/bin/gnu/h-x86_64-mingw32/bin/../lib/gcc/nios2-elf/4.9.1/../../../../../H-x86_64-mingw32/nios2-elf/lib/mno-hw-mul\libsmallc.a(lib_a-atexit.o)
 .debug_aranges
                0x0000000000000538       0x20 c:/altera/15.0/nios2eds/bin/gnu/h-x86_64-mingw32/bin/../lib/gcc/nios2-elf/4.9.1/../../../../../H-x86_64-mingw32/nios2-elf/lib/mno-hw-mul\libsmallc.a(lib_a-exit.o)
 .debug_aranges
                0x0000000000000558       0x20 c:/altera/15.0/nios2eds/bin/gnu/h-x86_64-mingw32/bin/../lib/gcc/nios2-elf/4.9.1/../../../../../H-x86_64-mingw32/nios2-elf/lib/mno-hw-mul\libsmallc.a(lib_a-memcmp.o)
 .debug_aranges
                0x0000000000000578       0x20 c:/altera/15.0/nios2eds/bin/gnu/h-x86_64-mingw32/bin/../lib/gcc/nios2-elf/4.9.1/../../../../../H-x86_64-mingw32/nios2-elf/lib/mno-hw-mul\libsmallc.a(lib_a-__atexit.o)
 .debug_aranges
                0x0000000000000598       0x20 c:/altera/15.0/nios2eds/bin/gnu/h-x86_64-mingw32/bin/../lib/gcc/nios2-elf/4.9.1/../../../../../H-x86_64-mingw32/nios2-elf/lib/mno-hw-mul\libsmallc.a(lib_a-__call_atexit.o)
 .debug_aranges
                0x00000000000005b8       0x20 c:/altera/15.0/nios2eds/bin/gnu/h-x86_64-mingw32/bin/../lib/gcc/nios2-elf/4.9.1/mno-hw-mul\libgcc.a(lib2-mul.o)
 .debug_aranges
                0x00000000000005d8       0x20 D:/tag2/de1_software/nios/system_application/nios_program_bsp/\libhal_bsp.a(alt_exit.o)

.debug_pubnames
 *(.debug_pubnames)

.debug_info     0x0000000000000000     0x7f91
 *(.debug_info .gnu.linkonce.wi.*)
 .debug_info    0x0000000000000000       0x72 D:/tag2/de1_software/nios/system_application/nios_program_bsp//obj/HAL/src/crt0.o
 .debug_info    0x0000000000000072       0xb5 obj/default/main.o
 .debug_info    0x0000000000000127      0x685 c:/altera/15.0/nios2eds/bin/gnu/h-x86_64-mingw32/bin/../lib/gcc/nios2-elf/4.9.1/../../../../../H-x86_64-mingw32/nios2-elf/lib/mno-hw-mul\libsmallc.a(lib_a-puts.o)
 .debug_info    0x00000000000007ac       0xc2 c:/altera/15.0/nios2eds/bin/gnu/h-x86_64-mingw32/bin/../lib/gcc/nios2-elf/4.9.1/../../../../../H-x86_64-mingw32/nios2-elf/lib/mno-hw-mul\libsmallc.a(lib_a-strlen.o)
 .debug_info    0x000000000000086e      0x656 c:/altera/15.0/nios2eds/bin/gnu/h-x86_64-mingw32/bin/../lib/gcc/nios2-elf/4.9.1/../../../../../H-x86_64-mingw32/nios2-elf/lib/mno-hw-mul\libsmallc.a(lib_a-fvwrite_small_dev.o)
 .debug_info    0x0000000000000ec4      0x5a7 c:/altera/15.0/nios2eds/bin/gnu/h-x86_64-mingw32/bin/../lib/gcc/nios2-elf/4.9.1/../../../../../H-x86_64-mingw32/nios2-elf/lib/mno-hw-mul\libsmallc.a(lib_a-impure.o)
 .debug_info    0x000000000000146b      0x639 c:/altera/15.0/nios2eds/bin/gnu/h-x86_64-mingw32/bin/../lib/gcc/nios2-elf/4.9.1/../../../../../H-x86_64-mingw32/nios2-elf/lib/mno-hw-mul\libsmallc.a(lib_a-writer.o)
 .debug_info    0x0000000000001aa4       0x83 c:/altera/15.0/nios2eds/bin/gnu/h-x86_64-mingw32/bin/../lib/gcc/nios2-elf/4.9.1/../../../../../H-x86_64-mingw32/nios2-elf/lib/mno-hw-mul\libsmallc.a(lib_a-int_errno.o)
 .debug_info    0x0000000000001b27      0x13e D:/tag2/de1_software/nios/system_application/nios_program_bsp/\libhal_bsp.a(alt_load.o)
 .debug_info    0x0000000000001c65      0x150 D:/tag2/de1_software/nios/system_application/nios_program_bsp/\libhal_bsp.a(alt_main.o)
 .debug_info    0x0000000000001db5      0x4b0 D:/tag2/de1_software/nios/system_application/nios_program_bsp/\libhal_bsp.a(alt_write.o)
 .debug_info    0x0000000000002265      0x7d2 D:/tag2/de1_software/nios/system_application/nios_program_bsp/\libhal_bsp.a(alt_sys_init.o)
 .debug_info    0x0000000000002a37      0xa59 D:/tag2/de1_software/nios/system_application/nios_program_bsp/\libhal_bsp.a(altera_avalon_dma.o)
 .debug_info    0x0000000000003490      0x3a0 D:/tag2/de1_software/nios/system_application/nios_program_bsp/\libhal_bsp.a(altera_avalon_jtag_uart_fd.o)
 .debug_info    0x0000000000003830      0x1c5 D:/tag2/de1_software/nios/system_application/nios_program_bsp/\libhal_bsp.a(altera_avalon_jtag_uart_read.o)
 .debug_info    0x00000000000039f5      0x1a4 D:/tag2/de1_software/nios/system_application/nios_program_bsp/\libhal_bsp.a(altera_avalon_jtag_uart_write.o)
 .debug_info    0x0000000000003b99      0x561 D:/tag2/de1_software/nios/system_application/nios_program_bsp/\libhal_bsp.a(altera_up_avalon_rs232.o)
 .debug_info    0x00000000000040fa      0x31a D:/tag2/de1_software/nios/system_application/nios_program_bsp/\libhal_bsp.a(alt_close.o)
 .debug_info    0x0000000000004414       0x8b D:/tag2/de1_software/nios/system_application/nios_program_bsp/\libhal_bsp.a(alt_dcache_flush_all.o)
 .debug_info    0x000000000000449f      0x495 D:/tag2/de1_software/nios/system_application/nios_program_bsp/\libhal_bsp.a(alt_dev.o)
 .debug_info    0x0000000000004934      0x1a2 D:/tag2/de1_software/nios/system_application/nios_program_bsp/\libhal_bsp.a(alt_dev_llist_insert.o)
 .debug_info    0x0000000000004ad6      0x22f D:/tag2/de1_software/nios/system_application/nios_program_bsp/\libhal_bsp.a(alt_dma_rxchan_open.o)
 .debug_info    0x0000000000004d05      0x246 D:/tag2/de1_software/nios/system_application/nios_program_bsp/\libhal_bsp.a(alt_dma_txchan_open.o)
 .debug_info    0x0000000000004f4b       0x83 D:/tag2/de1_software/nios/system_application/nios_program_bsp/\libhal_bsp.a(alt_do_ctors.o)
 .debug_info    0x0000000000004fce       0x83 D:/tag2/de1_software/nios/system_application/nios_program_bsp/\libhal_bsp.a(alt_do_dtors.o)
 .debug_info    0x0000000000005051       0x9f D:/tag2/de1_software/nios/system_application/nios_program_bsp/\libhal_bsp.a(alt_errno.o)
 .debug_info    0x00000000000050f0      0x2e2 D:/tag2/de1_software/nios/system_application/nios_program_bsp/\libhal_bsp.a(alt_find_dev.o)
 .debug_info    0x00000000000053d2       0x8b D:/tag2/de1_software/nios/system_application/nios_program_bsp/\libhal_bsp.a(alt_icache_flush_all.o)
 .debug_info    0x000000000000545d      0x49e D:/tag2/de1_software/nios/system_application/nios_program_bsp/\libhal_bsp.a(alt_io_redirect.o)
 .debug_info    0x00000000000058fb      0x322 D:/tag2/de1_software/nios/system_application/nios_program_bsp/\libhal_bsp.a(alt_irq_register.o)
 .debug_info    0x0000000000005c1d       0x88 D:/tag2/de1_software/nios/system_application/nios_program_bsp/\libhal_bsp.a(alt_irq_vars.o)
 .debug_info    0x0000000000005ca5      0x3b4 D:/tag2/de1_software/nios/system_application/nios_program_bsp/\libhal_bsp.a(alt_open.o)
 .debug_info    0x0000000000006059      0x2b0 D:/tag2/de1_software/nios/system_application/nios_program_bsp/\libhal_bsp.a(alt_release_fd.o)
 .debug_info    0x0000000000006309       0xb1 D:/tag2/de1_software/nios/system_application/nios_program_bsp/\libhal_bsp.a(altera_nios2_gen2_irq.o)
 .debug_info    0x00000000000063ba      0x2df D:/tag2/de1_software/nios/system_application/nios_program_bsp/\libhal_bsp.a(alt_find_file.o)
 .debug_info    0x0000000000006699      0x309 D:/tag2/de1_software/nios/system_application/nios_program_bsp/\libhal_bsp.a(alt_get_fd.o)
 .debug_info    0x00000000000069a2       0x7b D:/tag2/de1_software/nios/system_application/nios_program_bsp/\libhal_bsp.a(alt_irq_entry.o)
 .debug_info    0x0000000000006a1d      0x1a0 D:/tag2/de1_software/nios/system_application/nios_program_bsp/\libhal_bsp.a(alt_irq_handler.o)
 .debug_info    0x0000000000006bbd       0x81 D:/tag2/de1_software/nios/system_application/nios_program_bsp/\libhal_bsp.a(alt_exception_entry.o)
 .debug_info    0x0000000000006c3e      0x1d8 D:/tag2/de1_software/nios/system_application/nios_program_bsp/\libhal_bsp.a(alt_instruction_exception_entry.o)
 .debug_info    0x0000000000006e16      0x10a c:/altera/15.0/nios2eds/bin/gnu/h-x86_64-mingw32/bin/../lib/gcc/nios2-elf/4.9.1/../../../../../H-x86_64-mingw32/nios2-elf/lib/mno-hw-mul\libsmallc.a(lib_a-atexit.o)
 .debug_info    0x0000000000006f20       0xed c:/altera/15.0/nios2eds/bin/gnu/h-x86_64-mingw32/bin/../lib/gcc/nios2-elf/4.9.1/../../../../../H-x86_64-mingw32/nios2-elf/lib/mno-hw-mul\libsmallc.a(lib_a-exit.o)
 .debug_info    0x000000000000700d       0xed c:/altera/15.0/nios2eds/bin/gnu/h-x86_64-mingw32/bin/../lib/gcc/nios2-elf/4.9.1/../../../../../H-x86_64-mingw32/nios2-elf/lib/mno-hw-mul\libsmallc.a(lib_a-memcmp.o)
 .debug_info    0x00000000000070fa      0x661 c:/altera/15.0/nios2eds/bin/gnu/h-x86_64-mingw32/bin/../lib/gcc/nios2-elf/4.9.1/../../../../../H-x86_64-mingw32/nios2-elf/lib/mno-hw-mul\libsmallc.a(lib_a-__atexit.o)
 .debug_info    0x000000000000775b      0x673 c:/altera/15.0/nios2eds/bin/gnu/h-x86_64-mingw32/bin/../lib/gcc/nios2-elf/4.9.1/../../../../../H-x86_64-mingw32/nios2-elf/lib/mno-hw-mul\libsmallc.a(lib_a-__call_atexit.o)
 .debug_info    0x0000000000007dce       0xb4 c:/altera/15.0/nios2eds/bin/gnu/h-x86_64-mingw32/bin/../lib/gcc/nios2-elf/4.9.1/mno-hw-mul\libgcc.a(lib2-mul.o)
 .debug_info    0x0000000000007e82      0x10f D:/tag2/de1_software/nios/system_application/nios_program_bsp/\libhal_bsp.a(alt_exit.o)

.debug_abbrev   0x0000000000000000     0x2a98
 *(.debug_abbrev)
 .debug_abbrev  0x0000000000000000       0x12 D:/tag2/de1_software/nios/system_application/nios_program_bsp//obj/HAL/src/crt0.o
 .debug_abbrev  0x0000000000000012       0x67 obj/default/main.o
 .debug_abbrev  0x0000000000000079      0x1ed c:/altera/15.0/nios2eds/bin/gnu/h-x86_64-mingw32/bin/../lib/gcc/nios2-elf/4.9.1/../../../../../H-x86_64-mingw32/nios2-elf/lib/mno-hw-mul\libsmallc.a(lib_a-puts.o)
 .debug_abbrev  0x0000000000000266       0x7f c:/altera/15.0/nios2eds/bin/gnu/h-x86_64-mingw32/bin/../lib/gcc/nios2-elf/4.9.1/../../../../../H-x86_64-mingw32/nios2-elf/lib/mno-hw-mul\libsmallc.a(lib_a-strlen.o)
 .debug_abbrev  0x00000000000002e5      0x1c3 c:/altera/15.0/nios2eds/bin/gnu/h-x86_64-mingw32/bin/../lib/gcc/nios2-elf/4.9.1/../../../../../H-x86_64-mingw32/nios2-elf/lib/mno-hw-mul\libsmallc.a(lib_a-fvwrite_small_dev.o)
 .debug_abbrev  0x00000000000004a8      0x14a c:/altera/15.0/nios2eds/bin/gnu/h-x86_64-mingw32/bin/../lib/gcc/nios2-elf/4.9.1/../../../../../H-x86_64-mingw32/nios2-elf/lib/mno-hw-mul\libsmallc.a(lib_a-impure.o)
 .debug_abbrev  0x00000000000005f2      0x1a8 c:/altera/15.0/nios2eds/bin/gnu/h-x86_64-mingw32/bin/../lib/gcc/nios2-elf/4.9.1/../../../../../H-x86_64-mingw32/nios2-elf/lib/mno-hw-mul\libsmallc.a(lib_a-writer.o)
 .debug_abbrev  0x000000000000079a       0x37 c:/altera/15.0/nios2eds/bin/gnu/h-x86_64-mingw32/bin/../lib/gcc/nios2-elf/4.9.1/../../../../../H-x86_64-mingw32/nios2-elf/lib/mno-hw-mul\libsmallc.a(lib_a-int_errno.o)
 .debug_abbrev  0x00000000000007d1       0x9f D:/tag2/de1_software/nios/system_application/nios_program_bsp/\libhal_bsp.a(alt_load.o)
 .debug_abbrev  0x0000000000000870       0xc1 D:/tag2/de1_software/nios/system_application/nios_program_bsp/\libhal_bsp.a(alt_main.o)
 .debug_abbrev  0x0000000000000931      0x133 D:/tag2/de1_software/nios/system_application/nios_program_bsp/\libhal_bsp.a(alt_write.o)
 .debug_abbrev  0x0000000000000a64      0x172 D:/tag2/de1_software/nios/system_application/nios_program_bsp/\libhal_bsp.a(alt_sys_init.o)
 .debug_abbrev  0x0000000000000bd6      0x284 D:/tag2/de1_software/nios/system_application/nios_program_bsp/\libhal_bsp.a(altera_avalon_dma.o)
 .debug_abbrev  0x0000000000000e5a       0xf7 D:/tag2/de1_software/nios/system_application/nios_program_bsp/\libhal_bsp.a(altera_avalon_jtag_uart_fd.o)
 .debug_abbrev  0x0000000000000f51       0xd7 D:/tag2/de1_software/nios/system_application/nios_program_bsp/\libhal_bsp.a(altera_avalon_jtag_uart_read.o)
 .debug_abbrev  0x0000000000001028       0xd5 D:/tag2/de1_software/nios/system_application/nios_program_bsp/\libhal_bsp.a(altera_avalon_jtag_uart_write.o)
 .debug_abbrev  0x00000000000010fd      0x135 D:/tag2/de1_software/nios/system_application/nios_program_bsp/\libhal_bsp.a(altera_up_avalon_rs232.o)
 .debug_abbrev  0x0000000000001232      0x11f D:/tag2/de1_software/nios/system_application/nios_program_bsp/\libhal_bsp.a(alt_close.o)
 .debug_abbrev  0x0000000000001351       0x42 D:/tag2/de1_software/nios/system_application/nios_program_bsp/\libhal_bsp.a(alt_dcache_flush_all.o)
 .debug_abbrev  0x0000000000001393       0xd9 D:/tag2/de1_software/nios/system_application/nios_program_bsp/\libhal_bsp.a(alt_dev.o)
 .debug_abbrev  0x000000000000146c      0x114 D:/tag2/de1_software/nios/system_application/nios_program_bsp/\libhal_bsp.a(alt_dev_llist_insert.o)
 .debug_abbrev  0x0000000000001580      0x104 D:/tag2/de1_software/nios/system_application/nios_program_bsp/\libhal_bsp.a(alt_dma_rxchan_open.o)
 .debug_abbrev  0x0000000000001684      0x109 D:/tag2/de1_software/nios/system_application/nios_program_bsp/\libhal_bsp.a(alt_dma_txchan_open.o)
 .debug_abbrev  0x000000000000178d       0x79 D:/tag2/de1_software/nios/system_application/nios_program_bsp/\libhal_bsp.a(alt_do_ctors.o)
 .debug_abbrev  0x0000000000001806       0x79 D:/tag2/de1_software/nios/system_application/nios_program_bsp/\libhal_bsp.a(alt_do_dtors.o)
 .debug_abbrev  0x000000000000187f       0x5a D:/tag2/de1_software/nios/system_application/nios_program_bsp/\libhal_bsp.a(alt_errno.o)
 .debug_abbrev  0x00000000000018d9       0xf0 D:/tag2/de1_software/nios/system_application/nios_program_bsp/\libhal_bsp.a(alt_find_dev.o)
 .debug_abbrev  0x00000000000019c9       0x42 D:/tag2/de1_software/nios/system_application/nios_program_bsp/\libhal_bsp.a(alt_icache_flush_all.o)
 .debug_abbrev  0x0000000000001a0b      0x114 D:/tag2/de1_software/nios/system_application/nios_program_bsp/\libhal_bsp.a(alt_io_redirect.o)
 .debug_abbrev  0x0000000000001b1f      0x186 D:/tag2/de1_software/nios/system_application/nios_program_bsp/\libhal_bsp.a(alt_irq_register.o)
 .debug_abbrev  0x0000000000001ca5       0x40 D:/tag2/de1_software/nios/system_application/nios_program_bsp/\libhal_bsp.a(alt_irq_vars.o)
 .debug_abbrev  0x0000000000001ce5      0x148 D:/tag2/de1_software/nios/system_application/nios_program_bsp/\libhal_bsp.a(alt_open.o)
 .debug_abbrev  0x0000000000001e2d       0xde D:/tag2/de1_software/nios/system_application/nios_program_bsp/\libhal_bsp.a(alt_release_fd.o)
 .debug_abbrev  0x0000000000001f0b       0x67 D:/tag2/de1_software/nios/system_application/nios_program_bsp/\libhal_bsp.a(altera_nios2_gen2_irq.o)
 .debug_abbrev  0x0000000000001f72       0xf0 D:/tag2/de1_software/nios/system_application/nios_program_bsp/\libhal_bsp.a(alt_find_file.o)
 .debug_abbrev  0x0000000000002062      0x10d D:/tag2/de1_software/nios/system_application/nios_program_bsp/\libhal_bsp.a(alt_get_fd.o)
 .debug_abbrev  0x000000000000216f       0x12 D:/tag2/de1_software/nios/system_application/nios_program_bsp/\libhal_bsp.a(alt_irq_entry.o)
 .debug_abbrev  0x0000000000002181      0x13a D:/tag2/de1_software/nios/system_application/nios_program_bsp/\libhal_bsp.a(alt_irq_handler.o)
 .debug_abbrev  0x00000000000022bb       0x12 D:/tag2/de1_software/nios/system_application/nios_program_bsp/\libhal_bsp.a(alt_exception_entry.o)
 .debug_abbrev  0x00000000000022cd       0xd1 D:/tag2/de1_software/nios/system_application/nios_program_bsp/\libhal_bsp.a(alt_instruction_exception_entry.o)
 .debug_abbrev  0x000000000000239e       0xb8 c:/altera/15.0/nios2eds/bin/gnu/h-x86_64-mingw32/bin/../lib/gcc/nios2-elf/4.9.1/../../../../../H-x86_64-mingw32/nios2-elf/lib/mno-hw-mul\libsmallc.a(lib_a-atexit.o)
 .debug_abbrev  0x0000000000002456       0xa9 c:/altera/15.0/nios2eds/bin/gnu/h-x86_64-mingw32/bin/../lib/gcc/nios2-elf/4.9.1/../../../../../H-x86_64-mingw32/nios2-elf/lib/mno-hw-mul\libsmallc.a(lib_a-exit.o)
 .debug_abbrev  0x00000000000024ff       0x7f c:/altera/15.0/nios2eds/bin/gnu/h-x86_64-mingw32/bin/../lib/gcc/nios2-elf/4.9.1/../../../../../H-x86_64-mingw32/nios2-elf/lib/mno-hw-mul\libsmallc.a(lib_a-memcmp.o)
 .debug_abbrev  0x000000000000257e      0x1f5 c:/altera/15.0/nios2eds/bin/gnu/h-x86_64-mingw32/bin/../lib/gcc/nios2-elf/4.9.1/../../../../../H-x86_64-mingw32/nios2-elf/lib/mno-hw-mul\libsmallc.a(lib_a-__atexit.o)
 .debug_abbrev  0x0000000000002773      0x1e9 c:/altera/15.0/nios2eds/bin/gnu/h-x86_64-mingw32/bin/../lib/gcc/nios2-elf/4.9.1/../../../../../H-x86_64-mingw32/nios2-elf/lib/mno-hw-mul\libsmallc.a(lib_a-__call_atexit.o)
 .debug_abbrev  0x000000000000295c       0x6f c:/altera/15.0/nios2eds/bin/gnu/h-x86_64-mingw32/bin/../lib/gcc/nios2-elf/4.9.1/mno-hw-mul\libgcc.a(lib2-mul.o)
 .debug_abbrev  0x00000000000029cb       0xcd D:/tag2/de1_software/nios/system_application/nios_program_bsp/\libhal_bsp.a(alt_exit.o)

.debug_line     0x0000000000000000     0x2fff
 *(.debug_line)
 .debug_line    0x0000000000000000       0x66 D:/tag2/de1_software/nios/system_application/nios_program_bsp//obj/HAL/src/crt0.o
 .debug_line    0x0000000000000066       0xee obj/default/main.o
 .debug_line    0x0000000000000154      0x1ff c:/altera/15.0/nios2eds/bin/gnu/h-x86_64-mingw32/bin/../lib/gcc/nios2-elf/4.9.1/../../../../../H-x86_64-mingw32/nios2-elf/lib/mno-hw-mul\libsmallc.a(lib_a-puts.o)
 .debug_line    0x0000000000000353      0x15e c:/altera/15.0/nios2eds/bin/gnu/h-x86_64-mingw32/bin/../lib/gcc/nios2-elf/4.9.1/../../../../../H-x86_64-mingw32/nios2-elf/lib/mno-hw-mul\libsmallc.a(lib_a-strlen.o)
 .debug_line    0x00000000000004b1      0x1f5 c:/altera/15.0/nios2eds/bin/gnu/h-x86_64-mingw32/bin/../lib/gcc/nios2-elf/4.9.1/../../../../../H-x86_64-mingw32/nios2-elf/lib/mno-hw-mul\libsmallc.a(lib_a-fvwrite_small_dev.o)
 .debug_line    0x00000000000006a6      0x158 c:/altera/15.0/nios2eds/bin/gnu/h-x86_64-mingw32/bin/../lib/gcc/nios2-elf/4.9.1/../../../../../H-x86_64-mingw32/nios2-elf/lib/mno-hw-mul\libsmallc.a(lib_a-impure.o)
 .debug_line    0x00000000000007fe      0x1f0 c:/altera/15.0/nios2eds/bin/gnu/h-x86_64-mingw32/bin/../lib/gcc/nios2-elf/4.9.1/../../../../../H-x86_64-mingw32/nios2-elf/lib/mno-hw-mul\libsmallc.a(lib_a-writer.o)
 .debug_line    0x00000000000009ee       0x60 c:/altera/15.0/nios2eds/bin/gnu/h-x86_64-mingw32/bin/../lib/gcc/nios2-elf/4.9.1/../../../../../H-x86_64-mingw32/nios2-elf/lib/mno-hw-mul\libsmallc.a(lib_a-int_errno.o)
 .debug_line    0x0000000000000a4e       0x8d D:/tag2/de1_software/nios/system_application/nios_program_bsp/\libhal_bsp.a(alt_load.o)
 .debug_line    0x0000000000000adb       0xd1 D:/tag2/de1_software/nios/system_application/nios_program_bsp/\libhal_bsp.a(alt_main.o)
 .debug_line    0x0000000000000bac      0x1cc D:/tag2/de1_software/nios/system_application/nios_program_bsp/\libhal_bsp.a(alt_write.o)
 .debug_line    0x0000000000000d78      0x184 D:/tag2/de1_software/nios/system_application/nios_program_bsp/\libhal_bsp.a(alt_sys_init.o)
 .debug_line    0x0000000000000efc      0x29b D:/tag2/de1_software/nios/system_application/nios_program_bsp/\libhal_bsp.a(altera_avalon_dma.o)
 .debug_line    0x0000000000001197      0x112 D:/tag2/de1_software/nios/system_application/nios_program_bsp/\libhal_bsp.a(altera_avalon_jtag_uart_fd.o)
 .debug_line    0x00000000000012a9      0x113 D:/tag2/de1_software/nios/system_application/nios_program_bsp/\libhal_bsp.a(altera_avalon_jtag_uart_read.o)
 .debug_line    0x00000000000013bc      0x108 D:/tag2/de1_software/nios/system_application/nios_program_bsp/\libhal_bsp.a(altera_avalon_jtag_uart_write.o)
 .debug_line    0x00000000000014c4      0x13f D:/tag2/de1_software/nios/system_application/nios_program_bsp/\libhal_bsp.a(altera_up_avalon_rs232.o)
 .debug_line    0x0000000000001603      0x15e D:/tag2/de1_software/nios/system_application/nios_program_bsp/\libhal_bsp.a(alt_close.o)
 .debug_line    0x0000000000001761       0x51 D:/tag2/de1_software/nios/system_application/nios_program_bsp/\libhal_bsp.a(alt_dcache_flush_all.o)
 .debug_line    0x00000000000017b2       0xf0 D:/tag2/de1_software/nios/system_application/nios_program_bsp/\libhal_bsp.a(alt_dev.o)
 .debug_line    0x00000000000018a2       0xd0 D:/tag2/de1_software/nios/system_application/nios_program_bsp/\libhal_bsp.a(alt_dev_llist_insert.o)
 .debug_line    0x0000000000001972       0xe0 D:/tag2/de1_software/nios/system_application/nios_program_bsp/\libhal_bsp.a(alt_dma_rxchan_open.o)
 .debug_line    0x0000000000001a52       0xe0 D:/tag2/de1_software/nios/system_application/nios_program_bsp/\libhal_bsp.a(alt_dma_txchan_open.o)
 .debug_line    0x0000000000001b32       0x59 D:/tag2/de1_software/nios/system_application/nios_program_bsp/\libhal_bsp.a(alt_do_ctors.o)
 .debug_line    0x0000000000001b8b       0x59 D:/tag2/de1_software/nios/system_application/nios_program_bsp/\libhal_bsp.a(alt_do_dtors.o)
 .debug_line    0x0000000000001be4       0x51 D:/tag2/de1_software/nios/system_application/nios_program_bsp/\libhal_bsp.a(alt_errno.o)
 .debug_line    0x0000000000001c35       0xb5 D:/tag2/de1_software/nios/system_application/nios_program_bsp/\libhal_bsp.a(alt_find_dev.o)
 .debug_line    0x0000000000001cea       0x4f D:/tag2/de1_software/nios/system_application/nios_program_bsp/\libhal_bsp.a(alt_icache_flush_all.o)
 .debug_line    0x0000000000001d39      0x12d D:/tag2/de1_software/nios/system_application/nios_program_bsp/\libhal_bsp.a(alt_io_redirect.o)
 .debug_line    0x0000000000001e66      0x159 D:/tag2/de1_software/nios/system_application/nios_program_bsp/\libhal_bsp.a(alt_irq_register.o)
 .debug_line    0x0000000000001fbf       0x50 D:/tag2/de1_software/nios/system_application/nios_program_bsp/\libhal_bsp.a(alt_irq_vars.o)
 .debug_line    0x000000000000200f      0x12d D:/tag2/de1_software/nios/system_application/nios_program_bsp/\libhal_bsp.a(alt_open.o)
 .debug_line    0x000000000000213c       0xb0 D:/tag2/de1_software/nios/system_application/nios_program_bsp/\libhal_bsp.a(alt_release_fd.o)
 .debug_line    0x00000000000021ec       0x8d D:/tag2/de1_software/nios/system_application/nios_program_bsp/\libhal_bsp.a(altera_nios2_gen2_irq.o)
 .debug_line    0x0000000000002279       0xd1 D:/tag2/de1_software/nios/system_application/nios_program_bsp/\libhal_bsp.a(alt_find_file.o)
 .debug_line    0x000000000000234a       0xd8 D:/tag2/de1_software/nios/system_application/nios_program_bsp/\libhal_bsp.a(alt_get_fd.o)
 .debug_line    0x0000000000002422       0x6b D:/tag2/de1_software/nios/system_application/nios_program_bsp/\libhal_bsp.a(alt_irq_entry.o)
 .debug_line    0x000000000000248d       0xcd D:/tag2/de1_software/nios/system_application/nios_program_bsp/\libhal_bsp.a(alt_irq_handler.o)
 .debug_line    0x000000000000255a       0xb3 D:/tag2/de1_software/nios/system_application/nios_program_bsp/\libhal_bsp.a(alt_exception_entry.o)
 .debug_line    0x000000000000260d       0xb9 D:/tag2/de1_software/nios/system_application/nios_program_bsp/\libhal_bsp.a(alt_instruction_exception_entry.o)
 .debug_line    0x00000000000026c6       0xea c:/altera/15.0/nios2eds/bin/gnu/h-x86_64-mingw32/bin/../lib/gcc/nios2-elf/4.9.1/../../../../../H-x86_64-mingw32/nios2-elf/lib/mno-hw-mul\libsmallc.a(lib_a-atexit.o)
 .debug_line    0x00000000000027b0      0x15a c:/altera/15.0/nios2eds/bin/gnu/h-x86_64-mingw32/bin/../lib/gcc/nios2-elf/4.9.1/../../../../../H-x86_64-mingw32/nios2-elf/lib/mno-hw-mul\libsmallc.a(lib_a-exit.o)
 .debug_line    0x000000000000290a      0x162 c:/altera/15.0/nios2eds/bin/gnu/h-x86_64-mingw32/bin/../lib/gcc/nios2-elf/4.9.1/../../../../../H-x86_64-mingw32/nios2-elf/lib/mno-hw-mul\libsmallc.a(lib_a-memcmp.o)
 .debug_line    0x0000000000002a6c      0x214 c:/altera/15.0/nios2eds/bin/gnu/h-x86_64-mingw32/bin/../lib/gcc/nios2-elf/4.9.1/../../../../../H-x86_64-mingw32/nios2-elf/lib/mno-hw-mul\libsmallc.a(lib_a-__atexit.o)
 .debug_line    0x0000000000002c80      0x252 c:/altera/15.0/nios2eds/bin/gnu/h-x86_64-mingw32/bin/../lib/gcc/nios2-elf/4.9.1/../../../../../H-x86_64-mingw32/nios2-elf/lib/mno-hw-mul\libsmallc.a(lib_a-__call_atexit.o)
 .debug_line    0x0000000000002ed2       0x80 c:/altera/15.0/nios2eds/bin/gnu/h-x86_64-mingw32/bin/../lib/gcc/nios2-elf/4.9.1/mno-hw-mul\libgcc.a(lib2-mul.o)
 .debug_line    0x0000000000002f52       0xad D:/tag2/de1_software/nios/system_application/nios_program_bsp/\libhal_bsp.a(alt_exit.o)

.debug_frame    0x0000000000000000      0xd8c
 *(.debug_frame)
 .debug_frame   0x0000000000000000       0x38 obj/default/main.o
 .debug_frame   0x0000000000000038       0x48 c:/altera/15.0/nios2eds/bin/gnu/h-x86_64-mingw32/bin/../lib/gcc/nios2-elf/4.9.1/../../../../../H-x86_64-mingw32/nios2-elf/lib/mno-hw-mul\libsmallc.a(lib_a-puts.o)
 .debug_frame   0x0000000000000080       0x20 c:/altera/15.0/nios2eds/bin/gnu/h-x86_64-mingw32/bin/../lib/gcc/nios2-elf/4.9.1/../../../../../H-x86_64-mingw32/nios2-elf/lib/mno-hw-mul\libsmallc.a(lib_a-strlen.o)
 .debug_frame   0x00000000000000a0       0x40 c:/altera/15.0/nios2eds/bin/gnu/h-x86_64-mingw32/bin/../lib/gcc/nios2-elf/4.9.1/../../../../../H-x86_64-mingw32/nios2-elf/lib/mno-hw-mul\libsmallc.a(lib_a-fvwrite_small_dev.o)
 .debug_frame   0x00000000000000e0       0x38 c:/altera/15.0/nios2eds/bin/gnu/h-x86_64-mingw32/bin/../lib/gcc/nios2-elf/4.9.1/../../../../../H-x86_64-mingw32/nios2-elf/lib/mno-hw-mul\libsmallc.a(lib_a-writer.o)
 .debug_frame   0x0000000000000118       0x5c D:/tag2/de1_software/nios/system_application/nios_program_bsp/\libhal_bsp.a(alt_load.o)
 .debug_frame   0x0000000000000174       0x2c D:/tag2/de1_software/nios/system_application/nios_program_bsp/\libhal_bsp.a(alt_main.o)
 .debug_frame   0x00000000000001a0       0x60 D:/tag2/de1_software/nios/system_application/nios_program_bsp/\libhal_bsp.a(alt_write.o)
 .debug_frame   0x0000000000000200       0x88 D:/tag2/de1_software/nios/system_application/nios_program_bsp/\libhal_bsp.a(alt_sys_init.o)
 .debug_frame   0x0000000000000288      0x204 D:/tag2/de1_software/nios/system_application/nios_program_bsp/\libhal_bsp.a(altera_avalon_dma.o)
 .debug_frame   0x000000000000048c       0x60 D:/tag2/de1_software/nios/system_application/nios_program_bsp/\libhal_bsp.a(altera_avalon_jtag_uart_fd.o)
 .debug_frame   0x00000000000004ec       0x34 D:/tag2/de1_software/nios/system_application/nios_program_bsp/\libhal_bsp.a(altera_avalon_jtag_uart_read.o)
 .debug_frame   0x0000000000000520       0x34 D:/tag2/de1_software/nios/system_application/nios_program_bsp/\libhal_bsp.a(altera_avalon_jtag_uart_write.o)
 .debug_frame   0x0000000000000554      0x188 D:/tag2/de1_software/nios/system_application/nios_program_bsp/\libhal_bsp.a(altera_up_avalon_rs232.o)
 .debug_frame   0x00000000000006dc       0x60 D:/tag2/de1_software/nios/system_application/nios_program_bsp/\libhal_bsp.a(alt_close.o)
 .debug_frame   0x000000000000073c       0x34 D:/tag2/de1_software/nios/system_application/nios_program_bsp/\libhal_bsp.a(alt_dcache_flush_all.o)
 .debug_frame   0x0000000000000770       0x34 D:/tag2/de1_software/nios/system_application/nios_program_bsp/\libhal_bsp.a(alt_dev.o)
 .debug_frame   0x00000000000007a4       0x60 D:/tag2/de1_software/nios/system_application/nios_program_bsp/\libhal_bsp.a(alt_dev_llist_insert.o)
 .debug_frame   0x0000000000000804       0x60 D:/tag2/de1_software/nios/system_application/nios_program_bsp/\libhal_bsp.a(alt_dma_rxchan_open.o)
 .debug_frame   0x0000000000000864       0x60 D:/tag2/de1_software/nios/system_application/nios_program_bsp/\libhal_bsp.a(alt_dma_txchan_open.o)
 .debug_frame   0x00000000000008c4       0x38 D:/tag2/de1_software/nios/system_application/nios_program_bsp/\libhal_bsp.a(alt_do_ctors.o)
 .debug_frame   0x00000000000008fc       0x38 D:/tag2/de1_software/nios/system_application/nios_program_bsp/\libhal_bsp.a(alt_do_dtors.o)
 .debug_frame   0x0000000000000934       0x38 D:/tag2/de1_software/nios/system_application/nios_program_bsp/\libhal_bsp.a(alt_find_dev.o)
 .debug_frame   0x000000000000096c       0x34 D:/tag2/de1_software/nios/system_application/nios_program_bsp/\libhal_bsp.a(alt_icache_flush_all.o)
 .debug_frame   0x00000000000009a0       0x64 D:/tag2/de1_software/nios/system_application/nios_program_bsp/\libhal_bsp.a(alt_io_redirect.o)
 .debug_frame   0x0000000000000a04       0x34 D:/tag2/de1_software/nios/system_application/nios_program_bsp/\libhal_bsp.a(alt_irq_register.o)
 .debug_frame   0x0000000000000a38       0x8c D:/tag2/de1_software/nios/system_application/nios_program_bsp/\libhal_bsp.a(alt_open.o)
 .debug_frame   0x0000000000000ac4       0x3c D:/tag2/de1_software/nios/system_application/nios_program_bsp/\libhal_bsp.a(alt_release_fd.o)
 .debug_frame   0x0000000000000b00       0x34 D:/tag2/de1_software/nios/system_application/nios_program_bsp/\libhal_bsp.a(altera_nios2_gen2_irq.o)
 .debug_frame   0x0000000000000b34       0x38 D:/tag2/de1_software/nios/system_application/nios_program_bsp/\libhal_bsp.a(alt_find_file.o)
 .debug_frame   0x0000000000000b6c       0x3c D:/tag2/de1_software/nios/system_application/nios_program_bsp/\libhal_bsp.a(alt_get_fd.o)
 .debug_frame   0x0000000000000ba8       0x38 D:/tag2/de1_software/nios/system_application/nios_program_bsp/\libhal_bsp.a(alt_irq_handler.o)
 .debug_frame   0x0000000000000be0       0x5c D:/tag2/de1_software/nios/system_application/nios_program_bsp/\libhal_bsp.a(alt_instruction_exception_entry.o)
 .debug_frame   0x0000000000000c3c       0x20 c:/altera/15.0/nios2eds/bin/gnu/h-x86_64-mingw32/bin/../lib/gcc/nios2-elf/4.9.1/../../../../../H-x86_64-mingw32/nios2-elf/lib/mno-hw-mul\libsmallc.a(lib_a-atexit.o)
 .debug_frame   0x0000000000000c5c       0x28 c:/altera/15.0/nios2eds/bin/gnu/h-x86_64-mingw32/bin/../lib/gcc/nios2-elf/4.9.1/../../../../../H-x86_64-mingw32/nios2-elf/lib/mno-hw-mul\libsmallc.a(lib_a-exit.o)
 .debug_frame   0x0000000000000c84       0x20 c:/altera/15.0/nios2eds/bin/gnu/h-x86_64-mingw32/bin/../lib/gcc/nios2-elf/4.9.1/../../../../../H-x86_64-mingw32/nios2-elf/lib/mno-hw-mul\libsmallc.a(lib_a-memcmp.o)
 .debug_frame   0x0000000000000ca4       0x48 c:/altera/15.0/nios2eds/bin/gnu/h-x86_64-mingw32/bin/../lib/gcc/nios2-elf/4.9.1/../../../../../H-x86_64-mingw32/nios2-elf/lib/mno-hw-mul\libsmallc.a(lib_a-__atexit.o)
 .debug_frame   0x0000000000000cec       0x54 c:/altera/15.0/nios2eds/bin/gnu/h-x86_64-mingw32/bin/../lib/gcc/nios2-elf/4.9.1/../../../../../H-x86_64-mingw32/nios2-elf/lib/mno-hw-mul\libsmallc.a(lib_a-__call_atexit.o)
 .debug_frame   0x0000000000000d40       0x20 c:/altera/15.0/nios2eds/bin/gnu/h-x86_64-mingw32/bin/../lib/gcc/nios2-elf/4.9.1/mno-hw-mul\libgcc.a(lib2-mul.o)
 .debug_frame   0x0000000000000d60       0x2c D:/tag2/de1_software/nios/system_application/nios_program_bsp/\libhal_bsp.a(alt_exit.o)

.debug_str      0x0000000000000000     0x1e58
 *(.debug_str)
 .debug_str     0x0000000000000000       0xf9 obj/default/main.o
                                        0x137 (size before relaxing)
 .debug_str     0x00000000000000f9      0x3bb c:/altera/15.0/nios2eds/bin/gnu/h-x86_64-mingw32/bin/../lib/gcc/nios2-elf/4.9.1/../../../../../H-x86_64-mingw32/nios2-elf/lib/mno-hw-mul\libsmallc.a(lib_a-puts.o)
                                        0x491 (size before relaxing)
 .debug_str     0x00000000000004b4       0xd3 c:/altera/15.0/nios2eds/bin/gnu/h-x86_64-mingw32/bin/../lib/gcc/nios2-elf/4.9.1/../../../../../H-x86_64-mingw32/nios2-elf/lib/mno-hw-mul\libsmallc.a(lib_a-strlen.o)
                                        0x1a9 (size before relaxing)
 .debug_str     0x0000000000000587       0x6d c:/altera/15.0/nios2eds/bin/gnu/h-x86_64-mingw32/bin/../lib/gcc/nios2-elf/4.9.1/../../../../../H-x86_64-mingw32/nios2-elf/lib/mno-hw-mul\libsmallc.a(lib_a-fvwrite_small_dev.o)
                                        0x4a8 (size before relaxing)
 .debug_str     0x00000000000005f4       0xf0 c:/altera/15.0/nios2eds/bin/gnu/h-x86_64-mingw32/bin/../lib/gcc/nios2-elf/4.9.1/../../../../../H-x86_64-mingw32/nios2-elf/lib/mno-hw-mul\libsmallc.a(lib_a-impure.o)
                                        0x482 (size before relaxing)
 .debug_str     0x00000000000006e4       0x3d c:/altera/15.0/nios2eds/bin/gnu/h-x86_64-mingw32/bin/../lib/gcc/nios2-elf/4.9.1/../../../../../H-x86_64-mingw32/nios2-elf/lib/mno-hw-mul\libsmallc.a(lib_a-writer.o)
                                        0x47c (size before relaxing)
 .debug_str     0x0000000000000721       0x40 c:/altera/15.0/nios2eds/bin/gnu/h-x86_64-mingw32/bin/../lib/gcc/nios2-elf/4.9.1/../../../../../H-x86_64-mingw32/nios2-elf/lib/mno-hw-mul\libsmallc.a(lib_a-int_errno.o)
                                        0x19c (size before relaxing)
 .debug_str     0x0000000000000761      0x15f D:/tag2/de1_software/nios/system_application/nios_program_bsp/\libhal_bsp.a(alt_load.o)
                                        0x1f9 (size before relaxing)
 .debug_str     0x00000000000008c0       0x91 D:/tag2/de1_software/nios/system_application/nios_program_bsp/\libhal_bsp.a(alt_main.o)
                                        0x1ad (size before relaxing)
 .debug_str     0x0000000000000951      0x156 D:/tag2/de1_software/nios/system_application/nios_program_bsp/\libhal_bsp.a(alt_write.o)
                                        0x2df (size before relaxing)
 .debug_str     0x0000000000000aa7      0x2d2 D:/tag2/de1_software/nios/system_application/nios_program_bsp/\libhal_bsp.a(alt_sys_init.o)
                                        0x503 (size before relaxing)
 .debug_str     0x0000000000000d79      0x1c2 D:/tag2/de1_software/nios/system_application/nios_program_bsp/\libhal_bsp.a(altera_avalon_dma.o)
                                        0x529 (size before relaxing)
 .debug_str     0x0000000000000f3b       0x71 D:/tag2/de1_software/nios/system_application/nios_program_bsp/\libhal_bsp.a(altera_avalon_jtag_uart_fd.o)
                                        0x2bc (size before relaxing)
 .debug_str     0x0000000000000fac       0x48 D:/tag2/de1_software/nios/system_application/nios_program_bsp/\libhal_bsp.a(altera_avalon_jtag_uart_read.o)
                                        0x227 (size before relaxing)
 .debug_str     0x0000000000000ff4       0x4a D:/tag2/de1_software/nios/system_application/nios_program_bsp/\libhal_bsp.a(altera_avalon_jtag_uart_write.o)
                                        0x21d (size before relaxing)
 .debug_str     0x000000000000103e      0x182 D:/tag2/de1_software/nios/system_application/nios_program_bsp/\libhal_bsp.a(altera_up_avalon_rs232.o)
                                        0x353 (size before relaxing)
 .debug_str     0x00000000000011c0       0x1b D:/tag2/de1_software/nios/system_application/nios_program_bsp/\libhal_bsp.a(alt_close.o)
                                        0x1f2 (size before relaxing)
 .debug_str     0x00000000000011db       0x34 D:/tag2/de1_software/nios/system_application/nios_program_bsp/\libhal_bsp.a(alt_dcache_flush_all.o)
                                        0x13c (size before relaxing)
 .debug_str     0x000000000000120f       0x50 D:/tag2/de1_software/nios/system_application/nios_program_bsp/\libhal_bsp.a(alt_dev.o)
                                        0x2ec (size before relaxing)
 .debug_str     0x000000000000125f       0x45 D:/tag2/de1_software/nios/system_application/nios_program_bsp/\libhal_bsp.a(alt_dev_llist_insert.o)
                                        0x1b3 (size before relaxing)
 .debug_str     0x00000000000012a4       0x32 D:/tag2/de1_software/nios/system_application/nios_program_bsp/\libhal_bsp.a(alt_dma_rxchan_open.o)
                                        0x21e (size before relaxing)
 .debug_str     0x00000000000012d6       0x32 D:/tag2/de1_software/nios/system_application/nios_program_bsp/\libhal_bsp.a(alt_dma_txchan_open.o)
                                        0x220 (size before relaxing)
 .debug_str     0x0000000000001308       0x48 D:/tag2/de1_software/nios/system_application/nios_program_bsp/\libhal_bsp.a(alt_do_ctors.o)
                                         0xc3 (size before relaxing)
 .debug_str     0x0000000000001350       0x4c D:/tag2/de1_software/nios/system_application/nios_program_bsp/\libhal_bsp.a(alt_do_dtors.o)
                                         0xc2 (size before relaxing)
 .debug_str     0x000000000000139c       0x14 D:/tag2/de1_software/nios/system_application/nios_program_bsp/\libhal_bsp.a(alt_errno.o)
                                        0x12c (size before relaxing)
 .debug_str     0x00000000000013b0       0x24 D:/tag2/de1_software/nios/system_application/nios_program_bsp/\libhal_bsp.a(alt_find_dev.o)
                                        0x1d3 (size before relaxing)
 .debug_str     0x00000000000013d4       0x34 D:/tag2/de1_software/nios/system_application/nios_program_bsp/\libhal_bsp.a(alt_icache_flush_all.o)
                                        0x13c (size before relaxing)
 .debug_str     0x0000000000001408       0x56 D:/tag2/de1_software/nios/system_application/nios_program_bsp/\libhal_bsp.a(alt_io_redirect.o)
                                        0x2fd (size before relaxing)
 .debug_str     0x000000000000145e       0x70 D:/tag2/de1_software/nios/system_application/nios_program_bsp/\libhal_bsp.a(alt_irq_register.o)
                                        0x1ef (size before relaxing)
 .debug_str     0x00000000000014ce       0x17 D:/tag2/de1_software/nios/system_application/nios_program_bsp/\libhal_bsp.a(alt_irq_vars.o)
                                        0x12d (size before relaxing)
 .debug_str     0x00000000000014e5       0x2f D:/tag2/de1_software/nios/system_application/nios_program_bsp/\libhal_bsp.a(alt_open.o)
                                        0x232 (size before relaxing)
 .debug_str     0x0000000000001514       0x28 D:/tag2/de1_software/nios/system_application/nios_program_bsp/\libhal_bsp.a(alt_release_fd.o)
                                        0x1c6 (size before relaxing)
 .debug_str     0x000000000000153c       0x3b D:/tag2/de1_software/nios/system_application/nios_program_bsp/\libhal_bsp.a(altera_nios2_gen2_irq.o)
                                        0x16c (size before relaxing)
 .debug_str     0x0000000000001577       0x26 D:/tag2/de1_software/nios/system_application/nios_program_bsp/\libhal_bsp.a(alt_find_file.o)
                                        0x1e1 (size before relaxing)
 .debug_str     0x000000000000159d       0x30 D:/tag2/de1_software/nios/system_application/nios_program_bsp/\libhal_bsp.a(alt_get_fd.o)
                                        0x203 (size before relaxing)
 .debug_str     0x00000000000015cd       0x3a D:/tag2/de1_software/nios/system_application/nios_program_bsp/\libhal_bsp.a(alt_irq_handler.o)
                                        0x19f (size before relaxing)
 .debug_str     0x0000000000001607      0x48b D:/tag2/de1_software/nios/system_application/nios_program_bsp/\libhal_bsp.a(alt_instruction_exception_entry.o)
                                        0x586 (size before relaxing)
 .debug_str     0x0000000000001a92      0x117 c:/altera/15.0/nios2eds/bin/gnu/h-x86_64-mingw32/bin/../lib/gcc/nios2-elf/4.9.1/../../../../../H-x86_64-mingw32/nios2-elf/lib/mno-hw-mul\libsmallc.a(lib_a-atexit.o)
                                        0x1e0 (size before relaxing)
 .debug_str     0x0000000000001ba9       0x4d c:/altera/15.0/nios2eds/bin/gnu/h-x86_64-mingw32/bin/../lib/gcc/nios2-elf/4.9.1/../../../../../H-x86_64-mingw32/nios2-elf/lib/mno-hw-mul\libsmallc.a(lib_a-exit.o)
                                        0x1b4 (size before relaxing)
 .debug_str     0x0000000000001bf6       0x45 c:/altera/15.0/nios2eds/bin/gnu/h-x86_64-mingw32/bin/../lib/gcc/nios2-elf/4.9.1/../../../../../H-x86_64-mingw32/nios2-elf/lib/mno-hw-mul\libsmallc.a(lib_a-memcmp.o)
                                        0x1a3 (size before relaxing)
 .debug_str     0x0000000000001c3b       0x55 c:/altera/15.0/nios2eds/bin/gnu/h-x86_64-mingw32/bin/../lib/gcc/nios2-elf/4.9.1/../../../../../H-x86_64-mingw32/nios2-elf/lib/mno-hw-mul\libsmallc.a(lib_a-__atexit.o)